../jdk/src/java.base/share/classes/java/util/AbstractCollection.java:132: error: [argument.type.incompatible] incompatible argument for parameter obj of Object.equals.
                if (o.equals(it.next()))
                                    ^
  found   : E extends @Readonly Object
  required: @Mutable Object
../jdk/src/java.base/share/classes/java/util/AbstractCollection.java:306: error: [argument.type.incompatible] incompatible argument for parameter obj of Object.equals.
                if (o.equals(it.next())) {
                                    ^
  found   : E extends @Readonly Object
  required: @Mutable Object
../jdk/src/java.base/share/classes/java/util/AbstractCollection.java:393: error: [argument.type.incompatible] incompatible argument for parameter o of Collection.contains.
            if (c.contains(it.next())) {
                                  ^
  found   : @Readonly Object
  required: @Mutable Object
../jdk/src/java.base/share/classes/java/util/AbstractCollection.java:428: error: [argument.type.incompatible] incompatible argument for parameter o of Collection.contains.
            if (!c.contains(it.next())) {
                                   ^
  found   : E extends @Readonly Object
  required: @Mutable Object
../jdk/src/java.base/share/classes/java/util/AbstractCollection.java:483: error: [argument.type.incompatible] incompatible argument for parameter obj of StringBuilder.append.
            sb.append(e == this ? "(this Collection)" : e);
                                ^
  found   : @Readonly Object
  required: @Mutable Object
../jdk/src/java.base/share/classes/java/util/Collection.java:445: error: [type.arguments.not.inferred] Could not infer type arguments for Collection.toArray
        return toArray(generator.apply(0));
                      ^
  unsatisfiable constraint: T extends @Readonly Object <: @Mutable Object
../jdk/src/java.base/share/classes/java/util/Comparator.java:257: error: [type.argument.inference.crashed] Type argument inference crashed for Comparator.comparing
        return thenComparing(comparing(keyExtractor, keyComparator));
                                      ^
  error: An exception occurred: getElementValueArray(@org.checkerframework.framework.qual.Covariant({1}), value(), ...)
../jdk/src/java.base/share/classes/java/util/Comparator.java:280: error: [type.argument.inference.crashed] Type argument inference crashed for Comparator.comparing
        return thenComparing(comparing(keyExtractor));
                                      ^
  error: An exception occurred: getElementValueArray(@org.checkerframework.framework.qual.Covariant({1}), value(), ...)
../jdk/src/java.base/share/classes/java/util/Comparator.java:448: error: [type.argument.inference.crashed] Type argument inference crashed for Objects.requireNonNull
        Objects.requireNonNull(keyExtractor);
                              ^
  error: An exception occurred: getElementValueArray(@org.checkerframework.framework.qual.Covariant({1}), value(), ...)
../jdk/src/java.base/share/classes/java/util/Comparator.java:482: error: [type.argument.inference.crashed] Type argument inference crashed for Objects.requireNonNull
        Objects.requireNonNull(keyExtractor);
                              ^
  error: An exception occurred: getElementValueArray(@org.checkerframework.framework.qual.Covariant({1}), value(), ...)
error: getElementValue(@org.checkerframework.framework.qual.QualifierArgument("value"), value(), ...)
  ; The Checker Framework crashed.  Please report the crash.  Version: Checker Framework 3.49.1-eisop2-SNAPSHOT, branch pico-move-hack, 2025-04-15, commit 3e4c231, dirty=true. 
  Checker: class org.checkerframework.checker.pico.PICONoInitSubchecker
  Visitor: class org.checkerframework.checker.pico.PICONoInitVisitor
  Compilation unit: ../jdk/src/java.base/share/classes/java/util/Locale.java
  Last visited tree at line 631 column 9:
          CONSTANT_LOCALES.put(base, locale);
  Exception: org.checkerframework.javacutil.BugInCF: getElementValue(@org.checkerframework.framework.qual.QualifierArgument("value"), value(), ...); org.checkerframework.javacutil.BugInCF: getElementValue(@org.checkerframework.framework.qual.QualifierArgument("value"), value(), ...)
  	at org.checkerframework.javacutil.AnnotationUtils.getElementValue(AnnotationUtils.java:910)
  	at org.checkerframework.framework.util.DefaultContractsFromMethod.makeArgumentRenaming(DefaultContractsFromMethod.java:330)
  	at org.checkerframework.framework.util.DefaultContractsFromMethod.getQualifierEnforcedByContractAnnotation(DefaultContractsFromMethod.java:255)
  	at org.checkerframework.framework.util.DefaultContractsFromMethod.getContractsOfKind(DefaultContractsFromMethod.java:164)
  	at org.checkerframework.framework.util.DefaultContractsFromMethod.getPostconditions(DefaultContractsFromMethod.java:97)
  	at org.checkerframework.framework.flow.CFAbstractTransfer.processPostconditions(CFAbstractTransfer.java:1268)
  	at org.checkerframework.framework.flow.CFAbstractTransfer.visitMethodInvocation(CFAbstractTransfer.java:1154)
  	at org.checkerframework.framework.flow.CFAbstractTransfer.visitMethodInvocation(CFAbstractTransfer.java:104)
  	at org.checkerframework.dataflow.cfg.node.MethodInvocationNode.accept(MethodInvocationNode.java:156)
  	at org.checkerframework.dataflow.analysis.AbstractAnalysis.callTransferFunction(AbstractAnalysis.java:389)
  	at org.checkerframework.dataflow.analysis.ForwardAnalysisImpl.callTransferFunction(ForwardAnalysisImpl.java:393)
  	at org.checkerframework.framework.flow.CFAbstractAnalysis.callTransferFunction(CFAbstractAnalysis.java:245)
  	at org.checkerframework.dataflow.analysis.ForwardAnalysisImpl.performAnalysisBlock(ForwardAnalysisImpl.java:157)
  	at org.checkerframework.dataflow.analysis.ForwardAnalysisImpl.performAnalysis(ForwardAnalysisImpl.java:110)
  	at org.checkerframework.framework.flow.CFAbstractAnalysis.performAnalysis(CFAbstractAnalysis.java:154)
  	at org.checkerframework.framework.type.GenericAnnotatedTypeFactory.analyze(GenericAnnotatedTypeFactory.java:1628)
  	at org.checkerframework.framework.type.GenericAnnotatedTypeFactory.performFlowAnalysis(GenericAnnotatedTypeFactory.java:1517)
  	at org.checkerframework.framework.type.GenericAnnotatedTypeFactory.checkAndPerformFlowAnalysis(GenericAnnotatedTypeFactory.java:2132)
  	at org.checkerframework.framework.type.GenericAnnotatedTypeFactory.preProcessClassTree(GenericAnnotatedTypeFactory.java:451)
  	at org.checkerframework.common.basetype.BaseTypeVisitor.visitClass(BaseTypeVisitor.java:588)
  	at org.checkerframework.common.basetype.BaseTypeVisitor.visitClass(BaseTypeVisitor.java:197)
  	at jdk.compiler/com.sun.tools.javac.tree.JCTree$JCClassDecl.accept(JCTree.java:860)
  	at jdk.compiler/com.sun.source.util.TreePathScanner.scan(TreePathScanner.java:60)
  	at org.checkerframework.framework.source.SourceVisitor.visit(SourceVisitor.java:91)
  	at org.checkerframework.framework.source.SourceChecker.typeProcess(SourceChecker.java:1409)
  	at org.checkerframework.framework.source.SourceChecker.typeProcess(SourceChecker.java:1324)
  	at org.checkerframework.javacutil.AbstractTypeProcessor$AttributionTaskListener.finished(AbstractTypeProcessor.java:193)
  	at jdk.compiler/com.sun.tools.javac.api.ClientCodeWrapper$WrappedTaskListener.finished(ClientCodeWrapper.java:854)
  	at jdk.compiler/com.sun.tools.javac.api.MultiTaskListener.finished(MultiTaskListener.java:132)
  	at jdk.compiler/com.sun.tools.javac.main.JavaCompiler.flow(JavaCompiler.java:1397)
  	at jdk.compiler/com.sun.tools.javac.main.JavaCompiler.flow(JavaCompiler.java:1354)
  	at jdk.compiler/com.sun.tools.javac.main.JavaCompiler.compile(JavaCompiler.java:946)
  	at jdk.compiler/com.sun.tools.javac.main.Main.compile(Main.java:317)
  	at jdk.compiler/com.sun.tools.javac.main.Main.compile(Main.java:176)
  	at jdk.compiler/com.sun.tools.javac.Main.compile(Main.java:64)
  	at jdk.compiler/com.sun.tools.javac.Main.main(Main.java:50)
  Caused by: java.lang.Throwable
  	at org.checkerframework.javacutil.BugInCF.<init>(BugInCF.java:39)
  	... 36 more
  
  Underlying Exception: java.lang.Throwable; java.lang.Throwable
  	at org.checkerframework.javacutil.BugInCF.<init>(BugInCF.java:39)
  	at org.checkerframework.javacutil.AnnotationUtils.getElementValue(AnnotationUtils.java:910)
  	at org.checkerframework.framework.util.DefaultContractsFromMethod.makeArgumentRenaming(DefaultContractsFromMethod.java:330)
  	at org.checkerframework.framework.util.DefaultContractsFromMethod.getQualifierEnforcedByContractAnnotation(DefaultContractsFromMethod.java:255)
  	at org.checkerframework.framework.util.DefaultContractsFromMethod.getContractsOfKind(DefaultContractsFromMethod.java:164)
  	at org.checkerframework.framework.util.DefaultContractsFromMethod.getPostconditions(DefaultContractsFromMethod.java:97)
  	at org.checkerframework.framework.flow.CFAbstractTransfer.processPostconditions(CFAbstractTransfer.java:1268)
  	at org.checkerframework.framework.flow.CFAbstractTransfer.visitMethodInvocation(CFAbstractTransfer.java:1154)
  	at org.checkerframework.framework.flow.CFAbstractTransfer.visitMethodInvocation(CFAbstractTransfer.java:104)
  	at org.checkerframework.dataflow.cfg.node.MethodInvocationNode.accept(MethodInvocationNode.java:156)
  	at org.checkerframework.dataflow.analysis.AbstractAnalysis.callTransferFunction(AbstractAnalysis.java:389)
  	at org.checkerframework.dataflow.analysis.ForwardAnalysisImpl.callTransferFunction(ForwardAnalysisImpl.java:393)
  	at org.checkerframework.framework.flow.CFAbstractAnalysis.callTransferFunction(CFAbstractAnalysis.java:245)
  	at org.checkerframework.dataflow.analysis.ForwardAnalysisImpl.performAnalysisBlock(ForwardAnalysisImpl.java:157)
  	at org.checkerframework.dataflow.analysis.ForwardAnalysisImpl.performAnalysis(ForwardAnalysisImpl.java:110)
  	at org.checkerframework.framework.flow.CFAbstractAnalysis.performAnalysis(CFAbstractAnalysis.java:154)
  	at org.checkerframework.framework.type.GenericAnnotatedTypeFactory.analyze(GenericAnnotatedTypeFactory.java:1628)
  	at org.checkerframework.framework.type.GenericAnnotatedTypeFactory.performFlowAnalysis(GenericAnnotatedTypeFactory.java:1517)
  	at org.checkerframework.framework.type.GenericAnnotatedTypeFactory.checkAndPerformFlowAnalysis(GenericAnnotatedTypeFactory.java:2132)
  	at org.checkerframework.framework.type.GenericAnnotatedTypeFactory.preProcessClassTree(GenericAnnotatedTypeFactory.java:451)
  	at org.checkerframework.common.basetype.BaseTypeVisitor.visitClass(BaseTypeVisitor.java:588)
  	at org.checkerframework.common.basetype.BaseTypeVisitor.visitClass(BaseTypeVisitor.java:197)
  	at jdk.compiler/com.sun.tools.javac.tree.JCTree$JCClassDecl.accept(JCTree.java:860)
  	at jdk.compiler/com.sun.source.util.TreePathScanner.scan(TreePathScanner.java:60)
  	at org.checkerframework.framework.source.SourceVisitor.visit(SourceVisitor.java:91)
  	at org.checkerframework.framework.source.SourceChecker.typeProcess(SourceChecker.java:1409)
  	at org.checkerframework.framework.source.SourceChecker.typeProcess(SourceChecker.java:1324)
  	at org.checkerframework.javacutil.AbstractTypeProcessor$AttributionTaskListener.finished(AbstractTypeProcessor.java:193)
  	at jdk.compiler/com.sun.tools.javac.api.ClientCodeWrapper$WrappedTaskListener.finished(ClientCodeWrapper.java:854)
  	at jdk.compiler/com.sun.tools.javac.api.MultiTaskListener.finished(MultiTaskListener.java:132)
  	at jdk.compiler/com.sun.tools.javac.main.JavaCompiler.flow(JavaCompiler.java:1397)
  	at jdk.compiler/com.sun.tools.javac.main.JavaCompiler.flow(JavaCompiler.java:1354)
  	at jdk.compiler/com.sun.tools.javac.main.JavaCompiler.compile(JavaCompiler.java:946)
  	at jdk.compiler/com.sun.tools.javac.main.Main.compile(Main.java:317)
  	at jdk.compiler/com.sun.tools.javac.main.Main.compile(Main.java:176)
  	at jdk.compiler/com.sun.tools.javac.Main.compile(Main.java:64)
  	at jdk.compiler/com.sun.tools.javac.Main.main(Main.java:50)
../jdk/src/java.base/share/classes/java/util/Optional.java:304: error: [type.argument.inference.crashed] Type argument inference crashed for Objects.requireNonNull
        Objects.requireNonNull(mapper);
                              ^
  error: An exception occurred: getElementValueArray(@org.checkerframework.framework.qual.Covariant({1}), value(), ...)
../jdk/src/java.base/share/classes/java/util/Optional.java:333: error: [type.argument.inference.crashed] Type argument inference crashed for Objects.requireNonNull
        Objects.requireNonNull(mapper);
                              ^
  error: An exception occurred: getElementValueArray(@org.checkerframework.framework.qual.Covariant({1}), value(), ...)
../jdk/src/java.base/share/classes/java/util/Optional.java:358: error: [type.argument.inference.crashed] Type argument inference crashed for Objects.requireNonNull
        Objects.requireNonNull(supplier);
                              ^
  error: An exception occurred: getElementValueArray(@org.checkerframework.framework.qual.Covariant({0}), value(), ...)
../jdk/src/java.base/share/classes/java/util/Optional.java:490: error: [argument.type.incompatible] incompatible argument for parameter a of Objects.equals.
                && Objects.equals(value, other.value);
                                  ^
  found   : T extends @Readonly Object
  required: @Mutable Object
../jdk/src/java.base/share/classes/java/util/Optional.java:490: error: [argument.type.incompatible] incompatible argument for parameter b of Objects.equals.
                && Objects.equals(value, other.value);
                                              ^
  found   : capture#01 extends @Readonly Object
  required: @Mutable Object
../jdk/src/java.base/share/classes/java/util/Optional.java:504: error: [argument.type.incompatible] incompatible argument for parameter o of Objects.hashCode.
        return Objects.hashCode(value);
                                ^
  found   : T extends @Readonly Object
  required: @Mutable Object
../jdk/src/java.base/share/classes/java/util/Optional.java:523: error: [argument.type.incompatible] incompatible argument for parameter args of String.format.
            ? String.format("Optional[%s]", value)
                                            ^
  found   : T extends @Readonly Object
  required: @Mutable Object
error: getElementValue(@org.checkerframework.framework.qual.QualifierArgument("value"), value(), ...)
  ; The Checker Framework crashed.  Please report the crash.  Version: Checker Framework 3.49.1-eisop2-SNAPSHOT, branch pico-move-hack, 2025-04-15, commit 3e4c231, dirty=true. 
  Checker: class org.checkerframework.checker.pico.PICONoInitSubchecker
  Visitor: class org.checkerframework.checker.pico.PICONoInitVisitor
  Compilation unit: ../jdk/src/java.base/share/classes/java/util/Map.java
  Last visited tree at line 724 column 45:
          return (((v = get(key)) != null) || containsKey(key))
  Exception: org.checkerframework.javacutil.BugInCF: getElementValue(@org.checkerframework.framework.qual.QualifierArgument("value"), value(), ...); org.checkerframework.javacutil.BugInCF: getElementValue(@org.checkerframework.framework.qual.QualifierArgument("value"), value(), ...)
  	at org.checkerframework.javacutil.AnnotationUtils.getElementValue(AnnotationUtils.java:910)
  	at org.checkerframework.framework.util.DefaultContractsFromMethod.makeArgumentRenaming(DefaultContractsFromMethod.java:330)
  	at org.checkerframework.framework.util.DefaultContractsFromMethod.getQualifierEnforcedByContractAnnotation(DefaultContractsFromMethod.java:255)
  	at org.checkerframework.framework.util.DefaultContractsFromMethod.getContractsOfKind(DefaultContractsFromMethod.java:164)
  	at org.checkerframework.framework.util.DefaultContractsFromMethod.getConditionalPostconditions(DefaultContractsFromMethod.java:110)
  	at org.checkerframework.framework.flow.CFAbstractTransfer.processConditionalPostconditions(CFAbstractTransfer.java:1291)
  	at org.checkerframework.framework.flow.CFAbstractTransfer.visitMethodInvocation(CFAbstractTransfer.java:1160)
  	at org.checkerframework.framework.flow.CFAbstractTransfer.visitMethodInvocation(CFAbstractTransfer.java:104)
  	at org.checkerframework.dataflow.cfg.node.MethodInvocationNode.accept(MethodInvocationNode.java:156)
  	at org.checkerframework.dataflow.analysis.AbstractAnalysis.callTransferFunction(AbstractAnalysis.java:389)
  	at org.checkerframework.dataflow.analysis.ForwardAnalysisImpl.callTransferFunction(ForwardAnalysisImpl.java:393)
  	at org.checkerframework.framework.flow.CFAbstractAnalysis.callTransferFunction(CFAbstractAnalysis.java:245)
  	at org.checkerframework.dataflow.analysis.ForwardAnalysisImpl.performAnalysisBlock(ForwardAnalysisImpl.java:157)
  	at org.checkerframework.dataflow.analysis.ForwardAnalysisImpl.performAnalysis(ForwardAnalysisImpl.java:110)
  	at org.checkerframework.framework.flow.CFAbstractAnalysis.performAnalysis(CFAbstractAnalysis.java:154)
  	at org.checkerframework.framework.type.GenericAnnotatedTypeFactory.analyze(GenericAnnotatedTypeFactory.java:1628)
  	at org.checkerframework.framework.type.GenericAnnotatedTypeFactory.performFlowAnalysis(GenericAnnotatedTypeFactory.java:1517)
  	at org.checkerframework.framework.type.GenericAnnotatedTypeFactory.checkAndPerformFlowAnalysis(GenericAnnotatedTypeFactory.java:2132)
  	at org.checkerframework.framework.type.GenericAnnotatedTypeFactory.preProcessClassTree(GenericAnnotatedTypeFactory.java:451)
  	at org.checkerframework.common.basetype.BaseTypeVisitor.visitClass(BaseTypeVisitor.java:588)
  	at org.checkerframework.common.basetype.BaseTypeVisitor.visitClass(BaseTypeVisitor.java:197)
  	at jdk.compiler/com.sun.tools.javac.tree.JCTree$JCClassDecl.accept(JCTree.java:860)
  	at jdk.compiler/com.sun.source.util.TreePathScanner.scan(TreePathScanner.java:60)
  	at org.checkerframework.framework.source.SourceVisitor.visit(SourceVisitor.java:91)
  	at org.checkerframework.framework.source.SourceChecker.typeProcess(SourceChecker.java:1409)
  	at org.checkerframework.framework.source.SourceChecker.typeProcess(SourceChecker.java:1324)
  	at org.checkerframework.javacutil.AbstractTypeProcessor$AttributionTaskListener.finished(AbstractTypeProcessor.java:193)
  	at jdk.compiler/com.sun.tools.javac.api.ClientCodeWrapper$WrappedTaskListener.finished(ClientCodeWrapper.java:854)
  	at jdk.compiler/com.sun.tools.javac.api.MultiTaskListener.finished(MultiTaskListener.java:132)
  	at jdk.compiler/com.sun.tools.javac.main.JavaCompiler.flow(JavaCompiler.java:1397)
  	at jdk.compiler/com.sun.tools.javac.main.JavaCompiler.flow(JavaCompiler.java:1354)
  	at jdk.compiler/com.sun.tools.javac.main.JavaCompiler.compile(JavaCompiler.java:946)
  	at jdk.compiler/com.sun.tools.javac.main.Main.compile(Main.java:317)
  	at jdk.compiler/com.sun.tools.javac.main.Main.compile(Main.java:176)
  	at jdk.compiler/com.sun.tools.javac.Main.compile(Main.java:64)
  	at jdk.compiler/com.sun.tools.javac.Main.main(Main.java:50)
  Caused by: java.lang.Throwable
  	at org.checkerframework.javacutil.BugInCF.<init>(BugInCF.java:39)
  	... 36 more
  
  Underlying Exception: java.lang.Throwable; java.lang.Throwable
  	at org.checkerframework.javacutil.BugInCF.<init>(BugInCF.java:39)
  	at org.checkerframework.javacutil.AnnotationUtils.getElementValue(AnnotationUtils.java:910)
  	at org.checkerframework.framework.util.DefaultContractsFromMethod.makeArgumentRenaming(DefaultContractsFromMethod.java:330)
  	at org.checkerframework.framework.util.DefaultContractsFromMethod.getQualifierEnforcedByContractAnnotation(DefaultContractsFromMethod.java:255)
  	at org.checkerframework.framework.util.DefaultContractsFromMethod.getContractsOfKind(DefaultContractsFromMethod.java:164)
  	at org.checkerframework.framework.util.DefaultContractsFromMethod.getConditionalPostconditions(DefaultContractsFromMethod.java:110)
  	at org.checkerframework.framework.flow.CFAbstractTransfer.processConditionalPostconditions(CFAbstractTransfer.java:1291)
  	at org.checkerframework.framework.flow.CFAbstractTransfer.visitMethodInvocation(CFAbstractTransfer.java:1160)
  	at org.checkerframework.framework.flow.CFAbstractTransfer.visitMethodInvocation(CFAbstractTransfer.java:104)
  	at org.checkerframework.dataflow.cfg.node.MethodInvocationNode.accept(MethodInvocationNode.java:156)
  	at org.checkerframework.dataflow.analysis.AbstractAnalysis.callTransferFunction(AbstractAnalysis.java:389)
  	at org.checkerframework.dataflow.analysis.ForwardAnalysisImpl.callTransferFunction(ForwardAnalysisImpl.java:393)
  	at org.checkerframework.framework.flow.CFAbstractAnalysis.callTransferFunction(CFAbstractAnalysis.java:245)
  	at org.checkerframework.dataflow.analysis.ForwardAnalysisImpl.performAnalysisBlock(ForwardAnalysisImpl.java:157)
  	at org.checkerframework.dataflow.analysis.ForwardAnalysisImpl.performAnalysis(ForwardAnalysisImpl.java:110)
  	at org.checkerframework.framework.flow.CFAbstractAnalysis.performAnalysis(CFAbstractAnalysis.java:154)
  	at org.checkerframework.framework.type.GenericAnnotatedTypeFactory.analyze(GenericAnnotatedTypeFactory.java:1628)
  	at org.checkerframework.framework.type.GenericAnnotatedTypeFactory.performFlowAnalysis(GenericAnnotatedTypeFactory.java:1517)
  	at org.checkerframework.framework.type.GenericAnnotatedTypeFactory.checkAndPerformFlowAnalysis(GenericAnnotatedTypeFactory.java:2132)
  	at org.checkerframework.framework.type.GenericAnnotatedTypeFactory.preProcessClassTree(GenericAnnotatedTypeFactory.java:451)
  	at org.checkerframework.common.basetype.BaseTypeVisitor.visitClass(BaseTypeVisitor.java:588)
  	at org.checkerframework.common.basetype.BaseTypeVisitor.visitClass(BaseTypeVisitor.java:197)
  	at jdk.compiler/com.sun.tools.javac.tree.JCTree$JCClassDecl.accept(JCTree.java:860)
  	at jdk.compiler/com.sun.source.util.TreePathScanner.scan(TreePathScanner.java:60)
  	at org.checkerframework.framework.source.SourceVisitor.visit(SourceVisitor.java:91)
  	at org.checkerframework.framework.source.SourceChecker.typeProcess(SourceChecker.java:1409)
  	at org.checkerframework.framework.source.SourceChecker.typeProcess(SourceChecker.java:1324)
  	at org.checkerframework.javacutil.AbstractTypeProcessor$AttributionTaskListener.finished(AbstractTypeProcessor.java:193)
  	at jdk.compiler/com.sun.tools.javac.api.ClientCodeWrapper$WrappedTaskListener.finished(ClientCodeWrapper.java:854)
  	at jdk.compiler/com.sun.tools.javac.api.MultiTaskListener.finished(MultiTaskListener.java:132)
  	at jdk.compiler/com.sun.tools.javac.main.JavaCompiler.flow(JavaCompiler.java:1397)
  	at jdk.compiler/com.sun.tools.javac.main.JavaCompiler.flow(JavaCompiler.java:1354)
  	at jdk.compiler/com.sun.tools.javac.main.JavaCompiler.compile(JavaCompiler.java:946)
  	at jdk.compiler/com.sun.tools.javac.main.Main.compile(Main.java:317)
  	at jdk.compiler/com.sun.tools.javac.main.Main.compile(Main.java:176)
  	at jdk.compiler/com.sun.tools.javac.Main.compile(Main.java:64)
  	at jdk.compiler/com.sun.tools.javac.Main.main(Main.java:50)
error: getElementValue(@org.checkerframework.framework.qual.QualifierArgument("value"), value(), ...)
  ; The Checker Framework crashed.  Please report the crash.  Version: Checker Framework 3.49.1-eisop2-SNAPSHOT, branch pico-move-hack, 2025-04-15, commit 3e4c231, dirty=true. 
  Checker: class org.checkerframework.checker.pico.PICONoInitSubchecker
  Visitor: class org.checkerframework.checker.pico.PICONoInitVisitor
  Compilation unit: ../jdk/src/java.base/share/classes/java/util/Hashtable.java
  Last visited tree at line 569 column 13:
              put(e.getKey(), e.getValue());
  Exception: org.checkerframework.javacutil.BugInCF: getElementValue(@org.checkerframework.framework.qual.QualifierArgument("value"), value(), ...); org.checkerframework.javacutil.BugInCF: getElementValue(@org.checkerframework.framework.qual.QualifierArgument("value"), value(), ...)
  	at org.checkerframework.javacutil.AnnotationUtils.getElementValue(AnnotationUtils.java:910)
  	at org.checkerframework.framework.util.DefaultContractsFromMethod.makeArgumentRenaming(DefaultContractsFromMethod.java:330)
  	at org.checkerframework.framework.util.DefaultContractsFromMethod.getQualifierEnforcedByContractAnnotation(DefaultContractsFromMethod.java:255)
  	at org.checkerframework.framework.util.DefaultContractsFromMethod.getContractsOfKind(DefaultContractsFromMethod.java:164)
  	at org.checkerframework.framework.util.DefaultContractsFromMethod.getPostconditions(DefaultContractsFromMethod.java:97)
  	at org.checkerframework.framework.flow.CFAbstractTransfer.processPostconditions(CFAbstractTransfer.java:1268)
  	at org.checkerframework.framework.flow.CFAbstractTransfer.visitMethodInvocation(CFAbstractTransfer.java:1154)
  	at org.checkerframework.framework.flow.CFAbstractTransfer.visitMethodInvocation(CFAbstractTransfer.java:104)
  	at org.checkerframework.dataflow.cfg.node.MethodInvocationNode.accept(MethodInvocationNode.java:156)
  	at org.checkerframework.dataflow.analysis.AbstractAnalysis.callTransferFunction(AbstractAnalysis.java:389)
  	at org.checkerframework.dataflow.analysis.ForwardAnalysisImpl.callTransferFunction(ForwardAnalysisImpl.java:393)
  	at org.checkerframework.framework.flow.CFAbstractAnalysis.callTransferFunction(CFAbstractAnalysis.java:245)
  	at org.checkerframework.dataflow.analysis.ForwardAnalysisImpl.performAnalysisBlock(ForwardAnalysisImpl.java:157)
  	at org.checkerframework.dataflow.analysis.ForwardAnalysisImpl.performAnalysis(ForwardAnalysisImpl.java:110)
  	at org.checkerframework.framework.flow.CFAbstractAnalysis.performAnalysis(CFAbstractAnalysis.java:154)
  	at org.checkerframework.framework.type.GenericAnnotatedTypeFactory.analyze(GenericAnnotatedTypeFactory.java:1628)
  	at org.checkerframework.framework.type.GenericAnnotatedTypeFactory.performFlowAnalysis(GenericAnnotatedTypeFactory.java:1517)
  	at org.checkerframework.framework.type.GenericAnnotatedTypeFactory.checkAndPerformFlowAnalysis(GenericAnnotatedTypeFactory.java:2132)
  	at org.checkerframework.framework.type.GenericAnnotatedTypeFactory.preProcessClassTree(GenericAnnotatedTypeFactory.java:451)
  	at org.checkerframework.common.basetype.BaseTypeVisitor.visitClass(BaseTypeVisitor.java:588)
  	at org.checkerframework.common.basetype.BaseTypeVisitor.visitClass(BaseTypeVisitor.java:197)
  	at jdk.compiler/com.sun.tools.javac.tree.JCTree$JCClassDecl.accept(JCTree.java:860)
  	at jdk.compiler/com.sun.source.util.TreePathScanner.scan(TreePathScanner.java:60)
  	at org.checkerframework.framework.source.SourceVisitor.visit(SourceVisitor.java:91)
  	at org.checkerframework.framework.source.SourceChecker.typeProcess(SourceChecker.java:1409)
  	at org.checkerframework.framework.source.SourceChecker.typeProcess(SourceChecker.java:1324)
  	at org.checkerframework.javacutil.AbstractTypeProcessor$AttributionTaskListener.finished(AbstractTypeProcessor.java:193)
  	at jdk.compiler/com.sun.tools.javac.api.ClientCodeWrapper$WrappedTaskListener.finished(ClientCodeWrapper.java:854)
  	at jdk.compiler/com.sun.tools.javac.api.MultiTaskListener.finished(MultiTaskListener.java:132)
  	at jdk.compiler/com.sun.tools.javac.main.JavaCompiler.flow(JavaCompiler.java:1397)
  	at jdk.compiler/com.sun.tools.javac.main.JavaCompiler.flow(JavaCompiler.java:1354)
  	at jdk.compiler/com.sun.tools.javac.main.JavaCompiler.compile(JavaCompiler.java:946)
  	at jdk.compiler/com.sun.tools.javac.main.Main.compile(Main.java:317)
  	at jdk.compiler/com.sun.tools.javac.main.Main.compile(Main.java:176)
  	at jdk.compiler/com.sun.tools.javac.Main.compile(Main.java:64)
  	at jdk.compiler/com.sun.tools.javac.Main.main(Main.java:50)
  Caused by: java.lang.Throwable
  	at org.checkerframework.javacutil.BugInCF.<init>(BugInCF.java:39)
  	... 36 more
  
  Underlying Exception: java.lang.Throwable; java.lang.Throwable
  	at org.checkerframework.javacutil.BugInCF.<init>(BugInCF.java:39)
  	at org.checkerframework.javacutil.AnnotationUtils.getElementValue(AnnotationUtils.java:910)
  	at org.checkerframework.framework.util.DefaultContractsFromMethod.makeArgumentRenaming(DefaultContractsFromMethod.java:330)
  	at org.checkerframework.framework.util.DefaultContractsFromMethod.getQualifierEnforcedByContractAnnotation(DefaultContractsFromMethod.java:255)
  	at org.checkerframework.framework.util.DefaultContractsFromMethod.getContractsOfKind(DefaultContractsFromMethod.java:164)
  	at org.checkerframework.framework.util.DefaultContractsFromMethod.getPostconditions(DefaultContractsFromMethod.java:97)
  	at org.checkerframework.framework.flow.CFAbstractTransfer.processPostconditions(CFAbstractTransfer.java:1268)
  	at org.checkerframework.framework.flow.CFAbstractTransfer.visitMethodInvocation(CFAbstractTransfer.java:1154)
  	at org.checkerframework.framework.flow.CFAbstractTransfer.visitMethodInvocation(CFAbstractTransfer.java:104)
  	at org.checkerframework.dataflow.cfg.node.MethodInvocationNode.accept(MethodInvocationNode.java:156)
  	at org.checkerframework.dataflow.analysis.AbstractAnalysis.callTransferFunction(AbstractAnalysis.java:389)
  	at org.checkerframework.dataflow.analysis.ForwardAnalysisImpl.callTransferFunction(ForwardAnalysisImpl.java:393)
  	at org.checkerframework.framework.flow.CFAbstractAnalysis.callTransferFunction(CFAbstractAnalysis.java:245)
  	at org.checkerframework.dataflow.analysis.ForwardAnalysisImpl.performAnalysisBlock(ForwardAnalysisImpl.java:157)
  	at org.checkerframework.dataflow.analysis.ForwardAnalysisImpl.performAnalysis(ForwardAnalysisImpl.java:110)
  	at org.checkerframework.framework.flow.CFAbstractAnalysis.performAnalysis(CFAbstractAnalysis.java:154)
  	at org.checkerframework.framework.type.GenericAnnotatedTypeFactory.analyze(GenericAnnotatedTypeFactory.java:1628)
  	at org.checkerframework.framework.type.GenericAnnotatedTypeFactory.performFlowAnalysis(GenericAnnotatedTypeFactory.java:1517)
  	at org.checkerframework.framework.type.GenericAnnotatedTypeFactory.checkAndPerformFlowAnalysis(GenericAnnotatedTypeFactory.java:2132)
  	at org.checkerframework.framework.type.GenericAnnotatedTypeFactory.preProcessClassTree(GenericAnnotatedTypeFactory.java:451)
  	at org.checkerframework.common.basetype.BaseTypeVisitor.visitClass(BaseTypeVisitor.java:588)
  	at org.checkerframework.common.basetype.BaseTypeVisitor.visitClass(BaseTypeVisitor.java:197)
  	at jdk.compiler/com.sun.tools.javac.tree.JCTree$JCClassDecl.accept(JCTree.java:860)
  	at jdk.compiler/com.sun.source.util.TreePathScanner.scan(TreePathScanner.java:60)
  	at org.checkerframework.framework.source.SourceVisitor.visit(SourceVisitor.java:91)
  	at org.checkerframework.framework.source.SourceChecker.typeProcess(SourceChecker.java:1409)
  	at org.checkerframework.framework.source.SourceChecker.typeProcess(SourceChecker.java:1324)
  	at org.checkerframework.javacutil.AbstractTypeProcessor$AttributionTaskListener.finished(AbstractTypeProcessor.java:193)
  	at jdk.compiler/com.sun.tools.javac.api.ClientCodeWrapper$WrappedTaskListener.finished(ClientCodeWrapper.java:854)
  	at jdk.compiler/com.sun.tools.javac.api.MultiTaskListener.finished(MultiTaskListener.java:132)
  	at jdk.compiler/com.sun.tools.javac.main.JavaCompiler.flow(JavaCompiler.java:1397)
  	at jdk.compiler/com.sun.tools.javac.main.JavaCompiler.flow(JavaCompiler.java:1354)
  	at jdk.compiler/com.sun.tools.javac.main.JavaCompiler.compile(JavaCompiler.java:946)
  	at jdk.compiler/com.sun.tools.javac.main.Main.compile(Main.java:317)
  	at jdk.compiler/com.sun.tools.javac.main.Main.compile(Main.java:176)
  	at jdk.compiler/com.sun.tools.javac.Main.compile(Main.java:64)
  	at jdk.compiler/com.sun.tools.javac.Main.main(Main.java:50)
error: getElementValue(@org.checkerframework.framework.qual.QualifierArgument("value"), value(), ...)
  ; The Checker Framework crashed.  Please report the crash.  Version: Checker Framework 3.49.1-eisop2-SNAPSHOT, branch pico-move-hack, 2025-04-15, commit 3e4c231, dirty=true. 
  Checker: class org.checkerframework.checker.pico.PICONoInitSubchecker
  Visitor: class org.checkerframework.checker.pico.PICONoInitVisitor
  Compilation unit: ../jdk/src/java.base/share/classes/java/util/Dictionary.java
  Last visited tree at line 156 column 5:
      @EnsuresKeyFor(value={"#1"}, map={"this"})
  Exception: java.lang.Throwable; java.lang.Throwable
  	at org.checkerframework.javacutil.BugInCF.<init>(BugInCF.java:39)
  	at org.checkerframework.javacutil.AnnotationUtils.getElementValue(AnnotationUtils.java:910)
  	at org.checkerframework.framework.util.DefaultContractsFromMethod.makeArgumentRenaming(DefaultContractsFromMethod.java:330)
  	at org.checkerframework.framework.util.DefaultContractsFromMethod.getQualifierEnforcedByContractAnnotation(DefaultContractsFromMethod.java:255)
  	at org.checkerframework.framework.util.DefaultContractsFromMethod.getContractsOfKind(DefaultContractsFromMethod.java:164)
  	at org.checkerframework.framework.util.DefaultContractsFromMethod.getPostconditions(DefaultContractsFromMethod.java:97)
  	at org.checkerframework.framework.util.DefaultContractsFromMethod.getContracts(DefaultContractsFromMethod.java:72)
  	at org.checkerframework.common.basetype.BaseTypeVisitor.checkContractsAtMethodDeclaration(BaseTypeVisitor.java:1390)
  	at org.checkerframework.common.basetype.BaseTypeVisitor.processMethodTree(BaseTypeVisitor.java:1098)
  	at org.checkerframework.checker.pico.PICONoInitVisitor.processMethodTree(PICONoInitVisitor.java:210)
  	at org.checkerframework.common.basetype.BaseTypeVisitor.visitMethod(BaseTypeVisitor.java:1011)
  	at org.checkerframework.common.basetype.BaseTypeVisitor.visitMethod(BaseTypeVisitor.java:197)
  	at jdk.compiler/com.sun.tools.javac.tree.JCTree$JCMethodDecl.accept(JCTree.java:953)
  	at jdk.compiler/com.sun.source.util.TreePathScanner.scan(TreePathScanner.java:86)
  	at org.checkerframework.framework.source.SourceVisitor.scan(SourceVisitor.java:97)
  	at org.checkerframework.common.basetype.BaseTypeVisitor.scan(BaseTypeVisitor.java:439)
  	at org.checkerframework.common.basetype.BaseTypeVisitor.scan(BaseTypeVisitor.java:197)
  	at jdk.compiler/com.sun.source.util.TreeScanner.scanAndReduce(TreeScanner.java:96)
  	at jdk.compiler/com.sun.source.util.TreeScanner.scan(TreeScanner.java:111)
  	at jdk.compiler/com.sun.source.util.TreeScanner.scanAndReduce(TreeScanner.java:119)
  	at jdk.compiler/com.sun.source.util.TreeScanner.visitClass(TreeScanner.java:203)
  	at org.checkerframework.framework.source.SourceVisitor.visitClass(SourceVisitor.java:103)
  	at org.checkerframework.common.basetype.BaseTypeVisitor.processClassTree(BaseTypeVisitor.java:643)
  	at org.checkerframework.checker.pico.PICONoInitVisitor.processClassTree(PICONoInitVisitor.java:489)
  	at org.checkerframework.common.basetype.BaseTypeVisitor.visitClass(BaseTypeVisitor.java:598)
  	at org.checkerframework.common.basetype.BaseTypeVisitor.visitClass(BaseTypeVisitor.java:197)
  	at jdk.compiler/com.sun.tools.javac.tree.JCTree$JCClassDecl.accept(JCTree.java:860)
  	at jdk.compiler/com.sun.source.util.TreePathScanner.scan(TreePathScanner.java:60)
  	at org.checkerframework.framework.source.SourceVisitor.visit(SourceVisitor.java:91)
  	at org.checkerframework.framework.source.SourceChecker.typeProcess(SourceChecker.java:1409)
  	at org.checkerframework.framework.source.SourceChecker.typeProcess(SourceChecker.java:1324)
  	at org.checkerframework.javacutil.AbstractTypeProcessor$AttributionTaskListener.finished(AbstractTypeProcessor.java:193)
  	at jdk.compiler/com.sun.tools.javac.api.ClientCodeWrapper$WrappedTaskListener.finished(ClientCodeWrapper.java:854)
  	at jdk.compiler/com.sun.tools.javac.api.MultiTaskListener.finished(MultiTaskListener.java:132)
  	at jdk.compiler/com.sun.tools.javac.main.JavaCompiler.flow(JavaCompiler.java:1397)
  	at jdk.compiler/com.sun.tools.javac.main.JavaCompiler.flow(JavaCompiler.java:1354)
  	at jdk.compiler/com.sun.tools.javac.main.JavaCompiler.compile(JavaCompiler.java:946)
  	at jdk.compiler/com.sun.tools.javac.main.Main.compile(Main.java:317)
  	at jdk.compiler/com.sun.tools.javac.main.Main.compile(Main.java:176)
  	at jdk.compiler/com.sun.tools.javac.Main.compile(Main.java:64)
  	at jdk.compiler/com.sun.tools.javac.Main.main(Main.java:50)
../jdk/src/java.base/share/classes/java/util/Formatter.java:2553: error: [assignment.type.incompatible] incompatible types in assignment.
                lastException = ioe;
                                ^
  found   : @Readonly IOException
  required: @Mutable IOException
../jdk/src/java.base/share/classes/java/util/Formatter.java:2577: error: [assignment.type.incompatible] incompatible types in assignment.
            lastException = ioe;
                            ^
  found   : @Readonly IOException
  required: @Mutable IOException
../jdk/src/java.base/share/classes/java/util/Formatter.java:2709: error: [assignment.type.incompatible] incompatible types in assignment.
                lastException = x;
                                ^
  found   : @Readonly IOException
  required: @Mutable IOException
../jdk/src/java.base/share/classes/java/util/Formatter.java:2752: error: [argument.type.incompatible] incompatible argument for parameter input of Pattern.matcher.
                    m = fsPattern.matcher(s);
                                          ^
  found   : @Immutable String
  required: @Mutable CharSequence
../jdk/src/java.base/share/classes/java/util/Formatter.java:2784: error: [argument.type.incompatible] incompatible argument for parameter arg0 of Appendable.append.
            throws IOException { a.append(s, start, end); }
                                          ^
  found   : @Immutable String
  required: @Mutable CharSequence
../jdk/src/java.base/share/classes/java/util/Formatter.java:2816: error: [argument.type.incompatible] incompatible argument for parameter arg0 of Integer.parseInt.
                    index = Integer.parseInt(s, start, end - 1, 10);
                                             ^
  found   : @Immutable String
  required: @Mutable CharSequence
../jdk/src/java.base/share/classes/java/util/Formatter.java:2839: error: [argument.type.incompatible] incompatible argument for parameter arg0 of Integer.parseInt.
                    width = Integer.parseInt(s, start, end, 10);
                                             ^
  found   : @Immutable String
  required: @Mutable CharSequence
../jdk/src/java.base/share/classes/java/util/Formatter.java:2852: error: [argument.type.incompatible] incompatible argument for parameter arg0 of Integer.parseInt.
                    precision = Integer.parseInt(s, start + 1, end, 10);
                                                 ^
  found   : @Immutable String
  required: @Mutable CharSequence
../jdk/src/java.base/share/classes/java/util/Formatter.java:2949: error: [argument.type.incompatible] incompatible argument for parameter arg0 of Appendable.append.
                a.append(System.lineSeparator());
                                             ^
  found   : @Immutable String
  required: @Mutable CharSequence
../jdk/src/java.base/share/classes/java/util/Formatter.java:3093: error: [argument.type.incompatible] incompatible argument for parameter cs of FormatSpecifier.appendJustified.
            appendJustified(a, s);
                               ^
  found   : @Immutable String
  required: @Mutable CharSequence
../jdk/src/java.base/share/classes/java/util/Formatter.java:3286: error: [argument.type.incompatible] incompatible argument for parameter value of FormatSpecifier.localizedMagnitude.
                localizedMagnitude(sb, valueStr, neg ? 1 : 0, f, adjustWidth(width, f, neg), l);
                                       ^
  found   : @Immutable String
  required: @Mutable CharSequence
../jdk/src/java.base/share/classes/java/util/Formatter.java:3362: error: [argument.type.incompatible] incompatible argument for parameter value of FormatSpecifier.localizedMagnitude.
                localizedMagnitude(sb, v.toString(), 0, f, adjustWidth(width, f, neg), l);
                                                 ^
  found   : @Immutable String
  required: @Mutable CharSequence
../jdk/src/java.base/share/classes/java/util/Formatter.java:3581: error: [argument.type.incompatible] incompatible argument for parameter s of StringBuilder.append.
                    va.append(s, 0, idx);
                              ^
  found   : @Immutable String
  required: @Mutable CharSequence
../jdk/src/java.base/share/classes/java/util/Formatter.java:3588: error: [argument.type.incompatible] incompatible argument for parameter s of StringBuilder.append.
                sb.append(s, idx+1, s.length());
                          ^
  found   : @Immutable String
  required: @Mutable CharSequence
../jdk/src/java.base/share/classes/java/util/Formatter.java:3709: error: [argument.type.incompatible] incompatible argument for parameter arg of FormatSpecifier.failConversion.
                failConversion(c, value);
                                  ^
  found   : @Immutable BigDecimal
  required: @Mutable Object
../jdk/src/java.base/share/classes/java/util/Formatter.java:3834: error: [argument.type.incompatible] incompatible argument for parameter arg0 of BigDecimal.equals.
                if ((value.equals(BigDecimal.ZERO))
                                            ^
  found   : @Immutable BigDecimal
  required: @Mutable Object
../jdk/src/java.base/share/classes/java/util/Formatter.java:3911: error: [argument.type.incompatible] incompatible argument for parameter s of StringBuilder.append.
                            mant.append(coeff, 1, len);
                                        ^
  found   : @Immutable String
  required: @Mutable CharSequence
../jdk/src/java.base/share/classes/java/util/Formatter.java:3919: error: [argument.type.incompatible] incompatible argument for parameter s of StringBuilder.append.
                            mant.append(coeff, 1, len);
                                        ^
  found   : @Immutable String
  required: @Mutable CharSequence
../jdk/src/java.base/share/classes/java/util/Formatter.java:3940: error: [argument.type.incompatible] incompatible argument for parameter s of StringBuilder.append.
                            mant.append(coeff, 0, pad);
                                        ^
  found   : @Immutable String
  required: @Mutable CharSequence
../jdk/src/java.base/share/classes/java/util/Formatter.java:3943: error: [argument.type.incompatible] incompatible argument for parameter s of StringBuilder.append.
                            mant.append(coeff, pad, len);
                                        ^
  found   : @Immutable String
  required: @Mutable CharSequence
../jdk/src/java.base/share/classes/java/util/Formatter.java:3946: error: [argument.type.incompatible] incompatible argument for parameter s of StringBuilder.append.
                            mant.append(coeff, 0, len);
                                        ^
  found   : @Immutable String
  required: @Mutable CharSequence
../jdk/src/java.base/share/classes/java/util/Formatter.java:3959: error: [argument.type.incompatible] incompatible argument for parameter s of StringBuilder.append.
                        mant.append(coeff, 1, len);
                                    ^
  found   : @Immutable String
  required: @Mutable CharSequence
../jdk/src/java.base/share/classes/java/util/Formatter.java:3998: error: [argument.type.incompatible] incompatible argument for parameter cs of FormatSpecifier.appendJustified.
                appendJustified(a, toUpperCaseWithLocale(sb.toString(), l));
                                                        ^
  found   : @Immutable String
  required: @Mutable CharSequence
../jdk/src/java.base/share/classes/java/util/Formatter.java:4212: error: [argument.type.incompatible] incompatible argument for parameter cs of FormatSpecifier.appendJustified.
                appendJustified(a, toUpperCaseWithLocale(sb.toString(), l));
                                                        ^
  found   : @Immutable String
  required: @Mutable CharSequence
../jdk/src/java.base/share/classes/java/util/Formatter.java:4225: error: [argument.type.incompatible] incompatible argument for parameter arg0 of TemporalAccessor.get.
                    int i = t.get(ChronoField.HOUR_OF_DAY);
                                             ^
  found   : @Immutable ChronoField
  required: @Mutable TemporalField
../jdk/src/java.base/share/classes/java/util/Formatter.java:4230: error: [argument.type.incompatible] incompatible argument for parameter arg0 of TemporalAccessor.get.
                    int i = t.get(ChronoField.HOUR_OF_DAY);
                                             ^
  found   : @Immutable ChronoField
  required: @Mutable TemporalField
../jdk/src/java.base/share/classes/java/util/Formatter.java:4235: error: [argument.type.incompatible] incompatible argument for parameter arg0 of TemporalAccessor.get.
                    int i = t.get(ChronoField.CLOCK_HOUR_OF_AMPM);
                                             ^
  found   : @Immutable ChronoField
  required: @Mutable TemporalField
../jdk/src/java.base/share/classes/java/util/Formatter.java:4240: error: [argument.type.incompatible] incompatible argument for parameter arg0 of TemporalAccessor.get.
                    int i = t.get(ChronoField.CLOCK_HOUR_OF_AMPM);
                                             ^
  found   : @Immutable ChronoField
  required: @Mutable TemporalField
../jdk/src/java.base/share/classes/java/util/Formatter.java:4245: error: [argument.type.incompatible] incompatible argument for parameter arg0 of TemporalAccessor.get.
                    int i = t.get(ChronoField.MINUTE_OF_HOUR);
                                             ^
  found   : @Immutable ChronoField
  required: @Mutable TemporalField
../jdk/src/java.base/share/classes/java/util/Formatter.java:4253: error: [argument.type.incompatible] incompatible argument for parameter arg0 of TemporalAccessor.get.
                        i = t.get(ChronoField.NANO_OF_SECOND);
                                             ^
  found   : @Immutable ChronoField
  required: @Mutable TemporalField
../jdk/src/java.base/share/classes/java/util/Formatter.java:4255: error: [argument.type.incompatible] incompatible argument for parameter arg0 of TemporalAccessor.get.
                        i = t.get(ChronoField.MILLI_OF_SECOND) * 1000000;
                                             ^
  found   : @Immutable ChronoField
  required: @Mutable TemporalField
../jdk/src/java.base/share/classes/java/util/Formatter.java:4262: error: [argument.type.incompatible] incompatible argument for parameter arg0 of TemporalAccessor.get.
                    int i = t.get(ChronoField.MILLI_OF_SECOND);
                                             ^
  found   : @Immutable ChronoField
  required: @Mutable TemporalField
../jdk/src/java.base/share/classes/java/util/Formatter.java:4268: error: [argument.type.incompatible] incompatible argument for parameter arg0 of TemporalAccessor.getLong.
                    long i = t.getLong(ChronoField.INSTANT_SECONDS) * 1000L +
                                                  ^
  found   : @Immutable ChronoField
  required: @Mutable TemporalField
../jdk/src/java.base/share/classes/java/util/Formatter.java:4269: error: [argument.type.incompatible] incompatible argument for parameter arg0 of TemporalAccessor.getLong.
                             t.getLong(ChronoField.MILLI_OF_SECOND);
                                                  ^
  found   : @Immutable ChronoField
  required: @Mutable TemporalField
../jdk/src/java.base/share/classes/java/util/Formatter.java:4281: error: [argument.type.incompatible] incompatible argument for parameter arg0 of TemporalAccessor.get.
                    String s = ampm[t.get(ChronoField.AMPM_OF_DAY)];
                                                     ^
  found   : @Immutable ChronoField
  required: @Mutable TemporalField
../jdk/src/java.base/share/classes/java/util/Formatter.java:4287: error: [argument.type.incompatible] incompatible argument for parameter arg0 of TemporalAccessor.getLong.
                    long i = t.getLong(ChronoField.INSTANT_SECONDS);
                                                  ^
  found   : @Immutable ChronoField
  required: @Mutable TemporalField
../jdk/src/java.base/share/classes/java/util/Formatter.java:4293: error: [argument.type.incompatible] incompatible argument for parameter arg0 of TemporalAccessor.get.
                    int i = t.get(ChronoField.SECOND_OF_MINUTE);
                                             ^
  found   : @Immutable ChronoField
  required: @Mutable TemporalField
../jdk/src/java.base/share/classes/java/util/Formatter.java:4299: error: [argument.type.incompatible] incompatible argument for parameter arg0 of TemporalAccessor.get.
                    int i = t.get(ChronoField.OFFSET_SECONDS);
                                             ^
  found   : @Immutable ChronoField
  required: @Mutable TemporalField
../jdk/src/java.base/share/classes/java/util/Formatter.java:4317: error: [argument.type.incompatible] incompatible argument for parameter arg0 of TemporalAccessor.isSupported.
                        t.isSupported(ChronoField.INSTANT_SECONDS)) {
                                                 ^
  found   : @Immutable ChronoField
  required: @Mutable TemporalField
../jdk/src/java.base/share/classes/java/util/Formatter.java:4331: error: [argument.type.incompatible] incompatible argument for parameter arg0 of TemporalAccessor.get.
                    int i = t.get(ChronoField.DAY_OF_WEEK) % 7 + 1;
                                             ^
  found   : @Immutable ChronoField
  required: @Mutable TemporalField
../jdk/src/java.base/share/classes/java/util/Formatter.java:4343: error: [argument.type.incompatible] incompatible argument for parameter arg0 of TemporalAccessor.get.
                    int i = t.get(ChronoField.MONTH_OF_YEAR) - 1;
                                             ^
  found   : @Immutable ChronoField
  required: @Mutable TemporalField
../jdk/src/java.base/share/classes/java/util/Formatter.java:4355: error: [argument.type.incompatible] incompatible argument for parameter arg0 of TemporalAccessor.get.
                    int i = t.get(ChronoField.YEAR_OF_ERA);
                                             ^
  found   : @Immutable ChronoField
  required: @Mutable TemporalField
../jdk/src/java.base/share/classes/java/util/Formatter.java:4368: error: [argument.type.incompatible] incompatible argument for parameter arg0 of TemporalAccessor.get.
                    int i = t.get(ChronoField.DAY_OF_MONTH);
                                             ^
  found   : @Immutable ChronoField
  required: @Mutable TemporalField
../jdk/src/java.base/share/classes/java/util/Formatter.java:4376: error: [argument.type.incompatible] incompatible argument for parameter arg0 of TemporalAccessor.get.
                    int i = t.get(ChronoField.DAY_OF_YEAR);
                                             ^
  found   : @Immutable ChronoField
  required: @Mutable TemporalField
../jdk/src/java.base/share/classes/java/util/Formatter.java:4382: error: [argument.type.incompatible] incompatible argument for parameter arg0 of TemporalAccessor.get.
                    int i = t.get(ChronoField.MONTH_OF_YEAR);
                                             ^
  found   : @Immutable ChronoField
  required: @Mutable TemporalField
../jdk/src/java.base/share/classes/java/util/Formatter.java:4465: error: [argument.type.incompatible] incompatible argument for parameter value of FormatSpecifier.localizedMagnitude.
            return localizedMagnitude(sb, Long.toString(value, 10), 0, f, width, l);
                                                       ^
  found   : @Immutable String
  required: @Mutable CharSequence
../jdk/src/java.base/share/classes/java/util/AbstractList.java:212: error: [argument.type.incompatible] incompatible argument for parameter obj of Object.equals.
                if (o.equals(it.next()))
                                    ^
  found   : E extends @Readonly Object
  required: @Mutable Object
../jdk/src/java.base/share/classes/java/util/AbstractList.java:239: error: [argument.type.incompatible] incompatible argument for parameter obj of Object.equals.
                if (o.equals(it.previous()))
                                        ^
  found   : E extends @Readonly Object
  required: @Mutable Object
../jdk/src/java.base/share/classes/java/util/AbstractList.java:401: error: [argument.type.incompatible] incompatible argument for parameter cause of NoSuchElementException constructor.
                throw new NoSuchElementException(e);
                                                 ^
  found   : @Readonly IndexOutOfBoundsException
  required: @Mutable Throwable
../jdk/src/java.base/share/classes/java/util/AbstractList.java:445: error: [argument.type.incompatible] incompatible argument for parameter cause of NoSuchElementException constructor.
                throw new NoSuchElementException(e);
                                                 ^
  found   : @Readonly IndexOutOfBoundsException
  required: @Mutable Throwable
../jdk/src/java.base/share/classes/java/util/AbstractList.java:574: error: [method.invocation.invalid] call to equals(@org.checkerframework.checker.lock.qual.GuardSatisfied,@org.checkerframework.checker.nullness.qual.Nullable java.lang.Object) not allowed on the given receiver.
            if (!(o1==null ? o2==null : o1.equals(o2)))
                                                 ^
  found   : E extends @Readonly Object
  required: @Mutable Object
../jdk/src/java.base/share/classes/java/util/AbstractList.java:574: error: [argument.type.incompatible] incompatible argument for parameter obj of Object.equals.
            if (!(o1==null ? o2==null : o1.equals(o2)))
                                                  ^
  found   : @Readonly Object
  required: @Mutable Object
../jdk/src/java.base/share/classes/java/util/AbstractList.java:594: error: [method.invocation.invalid] call to hashCode() not allowed on the given receiver.
            hashCode = 31*hashCode + (e==null ? 0 : e.hashCode());
                                                              ^
  found   : E extends @Readonly Object
  required: @Mutable Object
error: getElementValue(@org.checkerframework.framework.qual.QualifierArgument("value"), value(), ...)
  ; The Checker Framework crashed.  Please report the crash.  Version: Checker Framework 3.49.1-eisop2-SNAPSHOT, branch pico-move-hack, 2025-04-15, commit 3e4c231, dirty=true. 
  Checker: class org.checkerframework.checker.pico.PICONoInitSubchecker
  Visitor: class org.checkerframework.checker.pico.PICONoInitVisitor
  Compilation unit: ../jdk/src/java.base/share/classes/java/util/AbstractMap.java
  Last visited tree at line 309 column 13:
              put(e.getKey(), e.getValue());
  Exception: org.checkerframework.javacutil.BugInCF: getElementValue(@org.checkerframework.framework.qual.QualifierArgument("value"), value(), ...); org.checkerframework.javacutil.BugInCF: getElementValue(@org.checkerframework.framework.qual.QualifierArgument("value"), value(), ...)
  	at org.checkerframework.javacutil.AnnotationUtils.getElementValue(AnnotationUtils.java:910)
  	at org.checkerframework.framework.util.DefaultContractsFromMethod.makeArgumentRenaming(DefaultContractsFromMethod.java:330)
  	at org.checkerframework.framework.util.DefaultContractsFromMethod.getQualifierEnforcedByContractAnnotation(DefaultContractsFromMethod.java:255)
  	at org.checkerframework.framework.util.DefaultContractsFromMethod.getContractsOfKind(DefaultContractsFromMethod.java:164)
  	at org.checkerframework.framework.util.DefaultContractsFromMethod.getPostconditions(DefaultContractsFromMethod.java:97)
  	at org.checkerframework.framework.flow.CFAbstractTransfer.processPostconditions(CFAbstractTransfer.java:1268)
  	at org.checkerframework.framework.flow.CFAbstractTransfer.visitMethodInvocation(CFAbstractTransfer.java:1154)
  	at org.checkerframework.framework.flow.CFAbstractTransfer.visitMethodInvocation(CFAbstractTransfer.java:104)
  	at org.checkerframework.dataflow.cfg.node.MethodInvocationNode.accept(MethodInvocationNode.java:156)
  	at org.checkerframework.dataflow.analysis.AbstractAnalysis.callTransferFunction(AbstractAnalysis.java:389)
  	at org.checkerframework.dataflow.analysis.ForwardAnalysisImpl.callTransferFunction(ForwardAnalysisImpl.java:393)
  	at org.checkerframework.framework.flow.CFAbstractAnalysis.callTransferFunction(CFAbstractAnalysis.java:245)
  	at org.checkerframework.dataflow.analysis.ForwardAnalysisImpl.performAnalysisBlock(ForwardAnalysisImpl.java:157)
  	at org.checkerframework.dataflow.analysis.ForwardAnalysisImpl.performAnalysis(ForwardAnalysisImpl.java:110)
  	at org.checkerframework.framework.flow.CFAbstractAnalysis.performAnalysis(CFAbstractAnalysis.java:154)
  	at org.checkerframework.framework.type.GenericAnnotatedTypeFactory.analyze(GenericAnnotatedTypeFactory.java:1628)
  	at org.checkerframework.framework.type.GenericAnnotatedTypeFactory.performFlowAnalysis(GenericAnnotatedTypeFactory.java:1517)
  	at org.checkerframework.framework.type.GenericAnnotatedTypeFactory.checkAndPerformFlowAnalysis(GenericAnnotatedTypeFactory.java:2132)
  	at org.checkerframework.framework.type.GenericAnnotatedTypeFactory.preProcessClassTree(GenericAnnotatedTypeFactory.java:451)
  	at org.checkerframework.common.basetype.BaseTypeVisitor.visitClass(BaseTypeVisitor.java:588)
  	at org.checkerframework.common.basetype.BaseTypeVisitor.visitClass(BaseTypeVisitor.java:197)
  	at jdk.compiler/com.sun.tools.javac.tree.JCTree$JCClassDecl.accept(JCTree.java:860)
  	at jdk.compiler/com.sun.source.util.TreePathScanner.scan(TreePathScanner.java:60)
  	at org.checkerframework.framework.source.SourceVisitor.visit(SourceVisitor.java:91)
  	at org.checkerframework.framework.source.SourceChecker.typeProcess(SourceChecker.java:1409)
  	at org.checkerframework.framework.source.SourceChecker.typeProcess(SourceChecker.java:1324)
  	at org.checkerframework.javacutil.AbstractTypeProcessor$AttributionTaskListener.finished(AbstractTypeProcessor.java:193)
  	at jdk.compiler/com.sun.tools.javac.api.ClientCodeWrapper$WrappedTaskListener.finished(ClientCodeWrapper.java:854)
  	at jdk.compiler/com.sun.tools.javac.api.MultiTaskListener.finished(MultiTaskListener.java:132)
  	at jdk.compiler/com.sun.tools.javac.main.JavaCompiler.flow(JavaCompiler.java:1397)
  	at jdk.compiler/com.sun.tools.javac.main.JavaCompiler.flow(JavaCompiler.java:1354)
  	at jdk.compiler/com.sun.tools.javac.main.JavaCompiler.compile(JavaCompiler.java:946)
  	at jdk.compiler/com.sun.tools.javac.main.Main.compile(Main.java:317)
  	at jdk.compiler/com.sun.tools.javac.main.Main.compile(Main.java:176)
  	at jdk.compiler/com.sun.tools.javac.Main.compile(Main.java:64)
  	at jdk.compiler/com.sun.tools.javac.Main.main(Main.java:50)
  Caused by: java.lang.Throwable
  	at org.checkerframework.javacutil.BugInCF.<init>(BugInCF.java:39)
  	... 36 more
  
  Underlying Exception: java.lang.Throwable; java.lang.Throwable
  	at org.checkerframework.javacutil.BugInCF.<init>(BugInCF.java:39)
  	at org.checkerframework.javacutil.AnnotationUtils.getElementValue(AnnotationUtils.java:910)
  	at org.checkerframework.framework.util.DefaultContractsFromMethod.makeArgumentRenaming(DefaultContractsFromMethod.java:330)
  	at org.checkerframework.framework.util.DefaultContractsFromMethod.getQualifierEnforcedByContractAnnotation(DefaultContractsFromMethod.java:255)
  	at org.checkerframework.framework.util.DefaultContractsFromMethod.getContractsOfKind(DefaultContractsFromMethod.java:164)
  	at org.checkerframework.framework.util.DefaultContractsFromMethod.getPostconditions(DefaultContractsFromMethod.java:97)
  	at org.checkerframework.framework.flow.CFAbstractTransfer.processPostconditions(CFAbstractTransfer.java:1268)
  	at org.checkerframework.framework.flow.CFAbstractTransfer.visitMethodInvocation(CFAbstractTransfer.java:1154)
  	at org.checkerframework.framework.flow.CFAbstractTransfer.visitMethodInvocation(CFAbstractTransfer.java:104)
  	at org.checkerframework.dataflow.cfg.node.MethodInvocationNode.accept(MethodInvocationNode.java:156)
  	at org.checkerframework.dataflow.analysis.AbstractAnalysis.callTransferFunction(AbstractAnalysis.java:389)
  	at org.checkerframework.dataflow.analysis.ForwardAnalysisImpl.callTransferFunction(ForwardAnalysisImpl.java:393)
  	at org.checkerframework.framework.flow.CFAbstractAnalysis.callTransferFunction(CFAbstractAnalysis.java:245)
  	at org.checkerframework.dataflow.analysis.ForwardAnalysisImpl.performAnalysisBlock(ForwardAnalysisImpl.java:157)
  	at org.checkerframework.dataflow.analysis.ForwardAnalysisImpl.performAnalysis(ForwardAnalysisImpl.java:110)
  	at org.checkerframework.framework.flow.CFAbstractAnalysis.performAnalysis(CFAbstractAnalysis.java:154)
  	at org.checkerframework.framework.type.GenericAnnotatedTypeFactory.analyze(GenericAnnotatedTypeFactory.java:1628)
  	at org.checkerframework.framework.type.GenericAnnotatedTypeFactory.performFlowAnalysis(GenericAnnotatedTypeFactory.java:1517)
  	at org.checkerframework.framework.type.GenericAnnotatedTypeFactory.checkAndPerformFlowAnalysis(GenericAnnotatedTypeFactory.java:2132)
  	at org.checkerframework.framework.type.GenericAnnotatedTypeFactory.preProcessClassTree(GenericAnnotatedTypeFactory.java:451)
  	at org.checkerframework.common.basetype.BaseTypeVisitor.visitClass(BaseTypeVisitor.java:588)
  	at org.checkerframework.common.basetype.BaseTypeVisitor.visitClass(BaseTypeVisitor.java:197)
  	at jdk.compiler/com.sun.tools.javac.tree.JCTree$JCClassDecl.accept(JCTree.java:860)
  	at jdk.compiler/com.sun.source.util.TreePathScanner.scan(TreePathScanner.java:60)
  	at org.checkerframework.framework.source.SourceVisitor.visit(SourceVisitor.java:91)
  	at org.checkerframework.framework.source.SourceChecker.typeProcess(SourceChecker.java:1409)
  	at org.checkerframework.framework.source.SourceChecker.typeProcess(SourceChecker.java:1324)
  	at org.checkerframework.javacutil.AbstractTypeProcessor$AttributionTaskListener.finished(AbstractTypeProcessor.java:193)
  	at jdk.compiler/com.sun.tools.javac.api.ClientCodeWrapper$WrappedTaskListener.finished(ClientCodeWrapper.java:854)
  	at jdk.compiler/com.sun.tools.javac.api.MultiTaskListener.finished(MultiTaskListener.java:132)
  	at jdk.compiler/com.sun.tools.javac.main.JavaCompiler.flow(JavaCompiler.java:1397)
  	at jdk.compiler/com.sun.tools.javac.main.JavaCompiler.flow(JavaCompiler.java:1354)
  	at jdk.compiler/com.sun.tools.javac.main.JavaCompiler.compile(JavaCompiler.java:946)
  	at jdk.compiler/com.sun.tools.javac.main.Main.compile(Main.java:317)
  	at jdk.compiler/com.sun.tools.javac.main.Main.compile(Main.java:176)
  	at jdk.compiler/com.sun.tools.javac.Main.compile(Main.java:64)
  	at jdk.compiler/com.sun.tools.javac.Main.main(Main.java:50)
../jdk/src/java.base/share/classes/java/util/AbstractSet.java:105: error: [argument.type.incompatible] incompatible argument for parameter c of AbstractCollection.containsAll.
            return containsAll(c);
                               ^
  found   : @Mutable Collection<capture#04 extends @Readonly Object>
  required: @Mutable Collection<? extends @Mutable Object>
../jdk/src/java.base/share/classes/java/util/AbstractSet.java:135: error: [method.invocation.invalid] call to hashCode() not allowed on the given receiver.
                h += obj.hashCode();
                                 ^
  found   : E extends @Readonly Object
  required: @Mutable Object
../jdk/src/java.base/share/classes/java/util/AbstractSet.java:186: error: [argument.type.incompatible] incompatible argument for parameter o of Collection.contains.
                if (c.contains(i.next())) {
                                     ^
  found   : @Readonly Object
  required: @Mutable Object
../jdk/src/java.base/share/classes/java/util/ArrayDeque.java:1262: error: [argument.type.incompatible] incompatible argument for parameter args of PrintStream.printf.
                              head, tail, elements.length);
                              ^
  found   : @Immutable int
  required: @Mutable Object
../jdk/src/java.base/share/classes/java/util/ArrayDeque.java:1262: error: [argument.type.incompatible] incompatible argument for parameter args of PrintStream.printf.
                              head, tail, elements.length);
                                    ^
  found   : @Immutable int
  required: @Mutable Object
../jdk/src/java.base/share/classes/java/util/ArrayDeque.java:1262: error: [argument.type.incompatible] incompatible argument for parameter args of PrintStream.printf.
                              head, tail, elements.length);
                                                  ^
  found   : @Immutable int
  required: @Mutable Object
../jdk/src/java.base/share/classes/java/util/ArrayDeque.java:1264: error: [argument.type.incompatible] incompatible argument for parameter args of PrintStream.printf.
                              Arrays.toString(elements));
                                             ^
  found   : @Immutable String
  required: @Mutable Object
../jdk/src/java.base/share/classes/java/util/ArrayList.java:381: error: [argument.type.incompatible] incompatible argument for parameter cause of InternalError constructor.
            throw new InternalError(e);
                                    ^
  found   : @Readonly CloneNotSupportedException
  required: @Mutable Throwable
../jdk/src/java.base/share/classes/java/util/ArrayList.java:477: error: [assignment.type.incompatible] incompatible types in assignment.
        elementData[index] = element;
                             ^
  found   : E extends @Readonly Object
  required: @Mutable Object
../jdk/src/java.base/share/classes/java/util/ArrayList.java:489: error: [assignment.type.incompatible] incompatible types in assignment.
        elementData[s] = e;
                         ^
  found   : E extends @Readonly Object
  required: @Mutable Object
../jdk/src/java.base/share/classes/java/util/ArrayList.java:525: error: [assignment.type.incompatible] incompatible types in assignment.
        elementData[index] = element;
                             ^
  found   : E extends @Readonly Object
  required: @Mutable Object
../jdk/src/java.base/share/classes/java/util/ArrayList.java:580: error: [argument.type.incompatible] incompatible argument for parameter b of Objects.equals.
            if (!oit.hasNext() || !Objects.equals(es[from], oit.next())) {
                                                                    ^
  found   : @Readonly Object
  required: @Mutable Object
../jdk/src/java.base/share/classes/java/util/ArrayList.java:1185: error: [assignment.type.incompatible] incompatible types in assignment.
            root.elementData[offset + index] = element;
                                               ^
  found   : E extends @Readonly Object
  required: @Mutable Object
../jdk/src/java.base/share/classes/java/util/ArrayList.java:1761: error: [assignment.type.incompatible] incompatible types in assignment.
            es[i] = operator.apply(elementAt(es, i));
                                  ^
  found   : E extends @Readonly Object
  required: @Mutable Object
../jdk/src/java.base/share/classes/java/util/Arrays.java:927: error: [assignment.type.incompatible] incompatible types in assignment.
            cmp = NaturalOrder.INSTANCE;
                              ^
  found   : @Mutable NaturalOrder
  required: @Mutable Comparator<? extends @Readonly Object super T extends @Readonly Object>
../jdk/src/java.base/share/classes/java/util/Arrays.java:989: error: [assignment.type.incompatible] incompatible types in assignment.
            cmp = NaturalOrder.INSTANCE;
                              ^
  found   : @Mutable NaturalOrder
  required: @Mutable Comparator<? extends @Readonly Object super T extends @Readonly Object>
../jdk/src/java.base/share/classes/java/util/Arrays.java:1254: error: [argument.type.incompatible] incompatible argument for parameter a of Arrays.sort.
            sort(a);
                 ^
  found   : T extends @Readonly Object @Mutable []
  required: @Mutable Object @Mutable []
../jdk/src/java.base/share/classes/java/util/Arrays.java:1267: error: [argument.type.incompatible] incompatible argument for parameter src of Arrays.mergeSort.
            mergeSort(aux, a, 0, a.length, 0);
                      ^
  found   : T extends @Readonly Object @Mutable []
  required: @Mutable Object @Mutable []
../jdk/src/java.base/share/classes/java/util/Arrays.java:1267: error: [argument.type.incompatible] incompatible argument for parameter dest of Arrays.mergeSort.
            mergeSort(aux, a, 0, a.length, 0);
                           ^
  found   : T extends @Readonly Object @Mutable []
  required: @Mutable Object @Mutable []
../jdk/src/java.base/share/classes/java/util/Arrays.java:1269: error: [argument.type.incompatible] incompatible argument for parameter src of Arrays.mergeSort.
            mergeSort(aux, a, 0, a.length, 0, c);
                      ^
  found   : T extends @Readonly Object @Mutable []
  required: @Mutable Object @Mutable []
../jdk/src/java.base/share/classes/java/util/Arrays.java:1269: error: [argument.type.incompatible] incompatible argument for parameter dest of Arrays.mergeSort.
            mergeSort(aux, a, 0, a.length, 0, c);
                           ^
  found   : T extends @Readonly Object @Mutable []
  required: @Mutable Object @Mutable []
../jdk/src/java.base/share/classes/java/util/Arrays.java:1328: error: [argument.type.incompatible] incompatible argument for parameter a of Arrays.sort.
            sort(a, fromIndex, toIndex);
                 ^
  found   : T extends @Readonly Object @Mutable []
  required: @Mutable Object @Mutable []
../jdk/src/java.base/share/classes/java/util/Arrays.java:1343: error: [argument.type.incompatible] incompatible argument for parameter src of Arrays.mergeSort.
            mergeSort(aux, a, fromIndex, toIndex, -fromIndex);
                      ^
  found   : T extends @Readonly Object @Mutable []
  required: @Mutable Object @Mutable []
../jdk/src/java.base/share/classes/java/util/Arrays.java:1343: error: [argument.type.incompatible] incompatible argument for parameter dest of Arrays.mergeSort.
            mergeSort(aux, a, fromIndex, toIndex, -fromIndex);
                           ^
  found   : T extends @Readonly Object @Mutable []
  required: @Mutable Object @Mutable []
../jdk/src/java.base/share/classes/java/util/Arrays.java:1345: error: [argument.type.incompatible] incompatible argument for parameter src of Arrays.mergeSort.
            mergeSort(aux, a, fromIndex, toIndex, -fromIndex, c);
                      ^
  found   : T extends @Readonly Object @Mutable []
  required: @Mutable Object @Mutable []
../jdk/src/java.base/share/classes/java/util/Arrays.java:1345: error: [argument.type.incompatible] incompatible argument for parameter dest of Arrays.mergeSort.
            mergeSort(aux, a, fromIndex, toIndex, -fromIndex, c);
                           ^
  found   : T extends @Readonly Object @Mutable []
  required: @Mutable Object @Mutable []
../jdk/src/java.base/share/classes/java/util/Arrays.java:2363: error: [argument.type.incompatible] incompatible argument for parameter a of Arrays.binarySearch0.
            return binarySearch0(a, fromIndex, toIndex, key);
                                 ^
  found   : T extends @Readonly Object @Mutable []
  required: @Mutable Object @Mutable []
../jdk/src/java.base/share/classes/java/util/Arrays.java:2363: error: [argument.type.incompatible] incompatible argument for parameter key of Arrays.binarySearch0.
            return binarySearch0(a, fromIndex, toIndex, key);
                                                        ^
  found   : T extends @Readonly Object
  required: @Mutable Object
../jdk/src/java.base/share/classes/java/util/Arrays.java:4256: error: [argument.type.incompatible] incompatible argument for parameter obj of Object.equals.
                    if (o.equals(a[i]))
                                  ^
  found   : E extends @Readonly Object
  required: @Mutable Object
../jdk/src/java.base/share/classes/java/util/Arrays.java:4271: error: [argument.type.incompatible] incompatible argument for parameter array of Spliterators.spliterator.
            return Spliterators.spliterator(a, Spliterator.ORDERED);
                                            ^
  found   : E extends @Readonly Object @Mutable []
  required: @Mutable Object @Mutable []
../jdk/src/java.base/share/classes/java/util/Arrays.java:5160: error: [type.argument.inference.crashed] Type argument inference crashed for Objects.requireNonNull
        Objects.requireNonNull(generator);
                              ^
  error: An exception occurred: getElementValueArray(@org.checkerframework.framework.qual.Covariant({0}), value(), ...)
../jdk/src/java.base/share/classes/java/util/Arrays.java:5190: error: [type.argument.inference.crashed] Type argument inference crashed for Objects.requireNonNull
        Objects.requireNonNull(generator);
                              ^
  error: An exception occurred: getElementValueArray(@org.checkerframework.framework.qual.Covariant({0}), value(), ...)
../jdk/src/java.base/share/classes/java/util/BitSet.java:1130: error: [argument.type.incompatible] incompatible argument for parameter cause of InternalError constructor.
            throw new InternalError(e);
                                    ^
  found   : @Readonly CloneNotSupportedException
  required: @Mutable Throwable
error: getElementValue(@org.checkerframework.framework.qual.QualifierArgument("value"), value(), ...)
  ; The Checker Framework crashed.  Please report the crash.  Version: Checker Framework 3.49.1-eisop2-SNAPSHOT, branch pico-move-hack, 2025-04-15, commit 3e4c231, dirty=true. 
  Checker: class org.checkerframework.checker.pico.PICONoInitSubchecker
  Visitor: class org.checkerframework.checker.pico.PICONoInitVisitor
  Compilation unit: ../jdk/src/java.base/share/classes/java/util/Calendar.java
  Last visited tree at line 2244 column 17:
                  names.put(strings[i], i);
  Exception: org.checkerframework.javacutil.BugInCF: getElementValue(@org.checkerframework.framework.qual.QualifierArgument("value"), value(), ...); org.checkerframework.javacutil.BugInCF: getElementValue(@org.checkerframework.framework.qual.QualifierArgument("value"), value(), ...)
  	at org.checkerframework.javacutil.AnnotationUtils.getElementValue(AnnotationUtils.java:910)
  	at org.checkerframework.framework.util.DefaultContractsFromMethod.makeArgumentRenaming(DefaultContractsFromMethod.java:330)
  	at org.checkerframework.framework.util.DefaultContractsFromMethod.getQualifierEnforcedByContractAnnotation(DefaultContractsFromMethod.java:255)
  	at org.checkerframework.framework.util.DefaultContractsFromMethod.getContractsOfKind(DefaultContractsFromMethod.java:164)
  	at org.checkerframework.framework.util.DefaultContractsFromMethod.getPostconditions(DefaultContractsFromMethod.java:97)
  	at org.checkerframework.framework.flow.CFAbstractTransfer.processPostconditions(CFAbstractTransfer.java:1268)
  	at org.checkerframework.framework.flow.CFAbstractTransfer.visitMethodInvocation(CFAbstractTransfer.java:1154)
  	at org.checkerframework.framework.flow.CFAbstractTransfer.visitMethodInvocation(CFAbstractTransfer.java:104)
  	at org.checkerframework.dataflow.cfg.node.MethodInvocationNode.accept(MethodInvocationNode.java:156)
  	at org.checkerframework.dataflow.analysis.AbstractAnalysis.callTransferFunction(AbstractAnalysis.java:389)
  	at org.checkerframework.dataflow.analysis.ForwardAnalysisImpl.callTransferFunction(ForwardAnalysisImpl.java:393)
  	at org.checkerframework.framework.flow.CFAbstractAnalysis.callTransferFunction(CFAbstractAnalysis.java:245)
  	at org.checkerframework.dataflow.analysis.ForwardAnalysisImpl.performAnalysisBlock(ForwardAnalysisImpl.java:157)
  	at org.checkerframework.dataflow.analysis.ForwardAnalysisImpl.performAnalysis(ForwardAnalysisImpl.java:110)
  	at org.checkerframework.framework.flow.CFAbstractAnalysis.performAnalysis(CFAbstractAnalysis.java:154)
  	at org.checkerframework.framework.type.GenericAnnotatedTypeFactory.analyze(GenericAnnotatedTypeFactory.java:1628)
  	at org.checkerframework.framework.type.GenericAnnotatedTypeFactory.performFlowAnalysis(GenericAnnotatedTypeFactory.java:1517)
  	at org.checkerframework.framework.type.GenericAnnotatedTypeFactory.checkAndPerformFlowAnalysis(GenericAnnotatedTypeFactory.java:2132)
  	at org.checkerframework.framework.type.GenericAnnotatedTypeFactory.preProcessClassTree(GenericAnnotatedTypeFactory.java:451)
  	at org.checkerframework.common.basetype.BaseTypeVisitor.visitClass(BaseTypeVisitor.java:588)
  	at org.checkerframework.common.basetype.BaseTypeVisitor.visitClass(BaseTypeVisitor.java:197)
  	at jdk.compiler/com.sun.tools.javac.tree.JCTree$JCClassDecl.accept(JCTree.java:860)
  	at jdk.compiler/com.sun.source.util.TreePathScanner.scan(TreePathScanner.java:60)
  	at org.checkerframework.framework.source.SourceVisitor.visit(SourceVisitor.java:91)
  	at org.checkerframework.framework.source.SourceChecker.typeProcess(SourceChecker.java:1409)
  	at org.checkerframework.framework.source.SourceChecker.typeProcess(SourceChecker.java:1324)
  	at org.checkerframework.javacutil.AbstractTypeProcessor$AttributionTaskListener.finished(AbstractTypeProcessor.java:193)
  	at jdk.compiler/com.sun.tools.javac.api.ClientCodeWrapper$WrappedTaskListener.finished(ClientCodeWrapper.java:854)
  	at jdk.compiler/com.sun.tools.javac.api.MultiTaskListener.finished(MultiTaskListener.java:132)
  	at jdk.compiler/com.sun.tools.javac.main.JavaCompiler.flow(JavaCompiler.java:1397)
  	at jdk.compiler/com.sun.tools.javac.main.JavaCompiler.flow(JavaCompiler.java:1354)
  	at jdk.compiler/com.sun.tools.javac.main.JavaCompiler.compile(JavaCompiler.java:946)
  	at jdk.compiler/com.sun.tools.javac.main.Main.compile(Main.java:317)
  	at jdk.compiler/com.sun.tools.javac.main.Main.compile(Main.java:176)
  	at jdk.compiler/com.sun.tools.javac.Main.compile(Main.java:64)
  	at jdk.compiler/com.sun.tools.javac.Main.main(Main.java:50)
  Caused by: java.lang.Throwable
  	at org.checkerframework.javacutil.BugInCF.<init>(BugInCF.java:39)
  	... 36 more
  
  Underlying Exception: java.lang.Throwable; java.lang.Throwable
  	at org.checkerframework.javacutil.BugInCF.<init>(BugInCF.java:39)
  	at org.checkerframework.javacutil.AnnotationUtils.getElementValue(AnnotationUtils.java:910)
  	at org.checkerframework.framework.util.DefaultContractsFromMethod.makeArgumentRenaming(DefaultContractsFromMethod.java:330)
  	at org.checkerframework.framework.util.DefaultContractsFromMethod.getQualifierEnforcedByContractAnnotation(DefaultContractsFromMethod.java:255)
  	at org.checkerframework.framework.util.DefaultContractsFromMethod.getContractsOfKind(DefaultContractsFromMethod.java:164)
  	at org.checkerframework.framework.util.DefaultContractsFromMethod.getPostconditions(DefaultContractsFromMethod.java:97)
  	at org.checkerframework.framework.flow.CFAbstractTransfer.processPostconditions(CFAbstractTransfer.java:1268)
  	at org.checkerframework.framework.flow.CFAbstractTransfer.visitMethodInvocation(CFAbstractTransfer.java:1154)
  	at org.checkerframework.framework.flow.CFAbstractTransfer.visitMethodInvocation(CFAbstractTransfer.java:104)
  	at org.checkerframework.dataflow.cfg.node.MethodInvocationNode.accept(MethodInvocationNode.java:156)
  	at org.checkerframework.dataflow.analysis.AbstractAnalysis.callTransferFunction(AbstractAnalysis.java:389)
  	at org.checkerframework.dataflow.analysis.ForwardAnalysisImpl.callTransferFunction(ForwardAnalysisImpl.java:393)
  	at org.checkerframework.framework.flow.CFAbstractAnalysis.callTransferFunction(CFAbstractAnalysis.java:245)
  	at org.checkerframework.dataflow.analysis.ForwardAnalysisImpl.performAnalysisBlock(ForwardAnalysisImpl.java:157)
  	at org.checkerframework.dataflow.analysis.ForwardAnalysisImpl.performAnalysis(ForwardAnalysisImpl.java:110)
  	at org.checkerframework.framework.flow.CFAbstractAnalysis.performAnalysis(CFAbstractAnalysis.java:154)
  	at org.checkerframework.framework.type.GenericAnnotatedTypeFactory.analyze(GenericAnnotatedTypeFactory.java:1628)
  	at org.checkerframework.framework.type.GenericAnnotatedTypeFactory.performFlowAnalysis(GenericAnnotatedTypeFactory.java:1517)
  	at org.checkerframework.framework.type.GenericAnnotatedTypeFactory.checkAndPerformFlowAnalysis(GenericAnnotatedTypeFactory.java:2132)
  	at org.checkerframework.framework.type.GenericAnnotatedTypeFactory.preProcessClassTree(GenericAnnotatedTypeFactory.java:451)
  	at org.checkerframework.common.basetype.BaseTypeVisitor.visitClass(BaseTypeVisitor.java:588)
  	at org.checkerframework.common.basetype.BaseTypeVisitor.visitClass(BaseTypeVisitor.java:197)
  	at jdk.compiler/com.sun.tools.javac.tree.JCTree$JCClassDecl.accept(JCTree.java:860)
  	at jdk.compiler/com.sun.source.util.TreePathScanner.scan(TreePathScanner.java:60)
  	at org.checkerframework.framework.source.SourceVisitor.visit(SourceVisitor.java:91)
  	at org.checkerframework.framework.source.SourceChecker.typeProcess(SourceChecker.java:1409)
  	at org.checkerframework.framework.source.SourceChecker.typeProcess(SourceChecker.java:1324)
  	at org.checkerframework.javacutil.AbstractTypeProcessor$AttributionTaskListener.finished(AbstractTypeProcessor.java:193)
  	at jdk.compiler/com.sun.tools.javac.api.ClientCodeWrapper$WrappedTaskListener.finished(ClientCodeWrapper.java:854)
  	at jdk.compiler/com.sun.tools.javac.api.MultiTaskListener.finished(MultiTaskListener.java:132)
  	at jdk.compiler/com.sun.tools.javac.main.JavaCompiler.flow(JavaCompiler.java:1397)
  	at jdk.compiler/com.sun.tools.javac.main.JavaCompiler.flow(JavaCompiler.java:1354)
  	at jdk.compiler/com.sun.tools.javac.main.JavaCompiler.compile(JavaCompiler.java:946)
  	at jdk.compiler/com.sun.tools.javac.main.Main.compile(Main.java:317)
  	at jdk.compiler/com.sun.tools.javac.main.Main.compile(Main.java:176)
  	at jdk.compiler/com.sun.tools.javac.Main.compile(Main.java:64)
  	at jdk.compiler/com.sun.tools.javac.Main.main(Main.java:50)
../jdk/src/java.base/share/classes/java/util/TimeZone.java:576: error: [argument.type.incompatible] incompatible argument for parameter anObject of String.equals.
            defaultZone != null && id.equals(defaultZone.getID())) {
                                                              ^
  found   : @Immutable String
  required: @Mutable Object
../jdk/src/java.base/share/classes/java/util/TimeZone.java:582: error: [argument.type.incompatible] incompatible argument for parameter anObject of String.equals.
            if ("EST".equals(id))
                             ^
  found   : @Immutable String
  required: @Mutable Object
../jdk/src/java.base/share/classes/java/util/TimeZone.java:584: error: [argument.type.incompatible] incompatible argument for parameter anObject of String.equals.
            if ("MST".equals(id))
                             ^
  found   : @Immutable String
  required: @Mutable Object
../jdk/src/java.base/share/classes/java/util/TimeZone.java:586: error: [argument.type.incompatible] incompatible argument for parameter anObject of String.equals.
            if ("HST".equals(id))
                             ^
  found   : @Immutable String
  required: @Mutable Object
../jdk/src/java.base/share/classes/java/util/TimeZone.java:773: error: [argument.type.incompatible] incompatible argument for parameter cause of InternalError constructor.
            throw new InternalError(e);
                                    ^
  found   : @Readonly CloneNotSupportedException
  required: @Mutable Throwable
../jdk/src/java.base/share/classes/java/util/Date.java:1377: error: [argument.type.incompatible] incompatible argument for parameter arg0 of IllegalArgumentException constructor.
            throw new IllegalArgumentException(ex);
                                               ^
  found   : @Readonly ArithmeticException
  required: @Mutable Throwable
error: getElementValue(@org.checkerframework.framework.qual.QualifierArgument("value"), value(), ...)
  ; The Checker Framework crashed.  Please report the crash.  Version: Checker Framework 3.49.1-eisop2-SNAPSHOT, branch pico-move-hack, 2025-04-15, commit 3e4c231, dirty=true. 
  Checker: class org.checkerframework.checker.pico.PICONoInitSubchecker
  Visitor: class org.checkerframework.checker.pico.PICONoInitVisitor
  Compilation unit: ../jdk/src/java.base/share/classes/java/util/Collections.java
  Last visited tree at line 1557 column 77:
          public boolean containsKey(@UnknownSignedness Object key)   {return m.containsKey(key);}
  Exception: org.checkerframework.javacutil.BugInCF: getElementValue(@org.checkerframework.framework.qual.QualifierArgument("value"), value(), ...); org.checkerframework.javacutil.BugInCF: getElementValue(@org.checkerframework.framework.qual.QualifierArgument("value"), value(), ...)
  	at org.checkerframework.javacutil.AnnotationUtils.getElementValue(AnnotationUtils.java:910)
  	at org.checkerframework.framework.util.DefaultContractsFromMethod.makeArgumentRenaming(DefaultContractsFromMethod.java:330)
  	at org.checkerframework.framework.util.DefaultContractsFromMethod.getQualifierEnforcedByContractAnnotation(DefaultContractsFromMethod.java:255)
  	at org.checkerframework.framework.util.DefaultContractsFromMethod.getContractsOfKind(DefaultContractsFromMethod.java:164)
  	at org.checkerframework.framework.util.DefaultContractsFromMethod.getConditionalPostconditions(DefaultContractsFromMethod.java:110)
  	at org.checkerframework.framework.flow.CFAbstractTransfer.processConditionalPostconditions(CFAbstractTransfer.java:1291)
  	at org.checkerframework.framework.flow.CFAbstractTransfer.visitMethodInvocation(CFAbstractTransfer.java:1160)
  	at org.checkerframework.framework.flow.CFAbstractTransfer.visitMethodInvocation(CFAbstractTransfer.java:104)
  	at org.checkerframework.dataflow.cfg.node.MethodInvocationNode.accept(MethodInvocationNode.java:156)
  	at org.checkerframework.dataflow.analysis.AbstractAnalysis.callTransferFunction(AbstractAnalysis.java:389)
  	at org.checkerframework.dataflow.analysis.ForwardAnalysisImpl.callTransferFunction(ForwardAnalysisImpl.java:393)
  	at org.checkerframework.framework.flow.CFAbstractAnalysis.callTransferFunction(CFAbstractAnalysis.java:245)
  	at org.checkerframework.dataflow.analysis.ForwardAnalysisImpl.performAnalysisBlock(ForwardAnalysisImpl.java:157)
  	at org.checkerframework.dataflow.analysis.ForwardAnalysisImpl.performAnalysis(ForwardAnalysisImpl.java:110)
  	at org.checkerframework.framework.flow.CFAbstractAnalysis.performAnalysis(CFAbstractAnalysis.java:154)
  	at org.checkerframework.framework.type.GenericAnnotatedTypeFactory.analyze(GenericAnnotatedTypeFactory.java:1628)
  	at org.checkerframework.framework.type.GenericAnnotatedTypeFactory.performFlowAnalysis(GenericAnnotatedTypeFactory.java:1517)
  	at org.checkerframework.framework.type.GenericAnnotatedTypeFactory.checkAndPerformFlowAnalysis(GenericAnnotatedTypeFactory.java:2132)
  	at org.checkerframework.framework.type.GenericAnnotatedTypeFactory.preProcessClassTree(GenericAnnotatedTypeFactory.java:451)
  	at org.checkerframework.common.basetype.BaseTypeVisitor.visitClass(BaseTypeVisitor.java:588)
  	at org.checkerframework.common.basetype.BaseTypeVisitor.visitClass(BaseTypeVisitor.java:197)
  	at jdk.compiler/com.sun.tools.javac.tree.JCTree$JCClassDecl.accept(JCTree.java:860)
  	at jdk.compiler/com.sun.source.util.TreePathScanner.scan(TreePathScanner.java:60)
  	at org.checkerframework.framework.source.SourceVisitor.visit(SourceVisitor.java:91)
  	at org.checkerframework.framework.source.SourceChecker.typeProcess(SourceChecker.java:1409)
  	at org.checkerframework.framework.source.SourceChecker.typeProcess(SourceChecker.java:1324)
  	at org.checkerframework.javacutil.AbstractTypeProcessor$AttributionTaskListener.finished(AbstractTypeProcessor.java:193)
  	at jdk.compiler/com.sun.tools.javac.api.ClientCodeWrapper$WrappedTaskListener.finished(ClientCodeWrapper.java:854)
  	at jdk.compiler/com.sun.tools.javac.api.MultiTaskListener.finished(MultiTaskListener.java:132)
  	at jdk.compiler/com.sun.tools.javac.main.JavaCompiler.flow(JavaCompiler.java:1397)
  	at jdk.compiler/com.sun.tools.javac.main.JavaCompiler.flow(JavaCompiler.java:1354)
  	at jdk.compiler/com.sun.tools.javac.main.JavaCompiler.compile(JavaCompiler.java:946)
  	at jdk.compiler/com.sun.tools.javac.main.Main.compile(Main.java:317)
  	at jdk.compiler/com.sun.tools.javac.main.Main.compile(Main.java:176)
  	at jdk.compiler/com.sun.tools.javac.Main.compile(Main.java:64)
  	at jdk.compiler/com.sun.tools.javac.Main.main(Main.java:50)
  Caused by: java.lang.Throwable
  	at org.checkerframework.javacutil.BugInCF.<init>(BugInCF.java:39)
  	... 36 more
  
  Underlying Exception: java.lang.Throwable; java.lang.Throwable
  	at org.checkerframework.javacutil.BugInCF.<init>(BugInCF.java:39)
  	at org.checkerframework.javacutil.AnnotationUtils.getElementValue(AnnotationUtils.java:910)
  	at org.checkerframework.framework.util.DefaultContractsFromMethod.makeArgumentRenaming(DefaultContractsFromMethod.java:330)
  	at org.checkerframework.framework.util.DefaultContractsFromMethod.getQualifierEnforcedByContractAnnotation(DefaultContractsFromMethod.java:255)
  	at org.checkerframework.framework.util.DefaultContractsFromMethod.getContractsOfKind(DefaultContractsFromMethod.java:164)
  	at org.checkerframework.framework.util.DefaultContractsFromMethod.getConditionalPostconditions(DefaultContractsFromMethod.java:110)
  	at org.checkerframework.framework.flow.CFAbstractTransfer.processConditionalPostconditions(CFAbstractTransfer.java:1291)
  	at org.checkerframework.framework.flow.CFAbstractTransfer.visitMethodInvocation(CFAbstractTransfer.java:1160)
  	at org.checkerframework.framework.flow.CFAbstractTransfer.visitMethodInvocation(CFAbstractTransfer.java:104)
  	at org.checkerframework.dataflow.cfg.node.MethodInvocationNode.accept(MethodInvocationNode.java:156)
  	at org.checkerframework.dataflow.analysis.AbstractAnalysis.callTransferFunction(AbstractAnalysis.java:389)
  	at org.checkerframework.dataflow.analysis.ForwardAnalysisImpl.callTransferFunction(ForwardAnalysisImpl.java:393)
  	at org.checkerframework.framework.flow.CFAbstractAnalysis.callTransferFunction(CFAbstractAnalysis.java:245)
  	at org.checkerframework.dataflow.analysis.ForwardAnalysisImpl.performAnalysisBlock(ForwardAnalysisImpl.java:157)
  	at org.checkerframework.dataflow.analysis.ForwardAnalysisImpl.performAnalysis(ForwardAnalysisImpl.java:110)
  	at org.checkerframework.framework.flow.CFAbstractAnalysis.performAnalysis(CFAbstractAnalysis.java:154)
  	at org.checkerframework.framework.type.GenericAnnotatedTypeFactory.analyze(GenericAnnotatedTypeFactory.java:1628)
  	at org.checkerframework.framework.type.GenericAnnotatedTypeFactory.performFlowAnalysis(GenericAnnotatedTypeFactory.java:1517)
  	at org.checkerframework.framework.type.GenericAnnotatedTypeFactory.checkAndPerformFlowAnalysis(GenericAnnotatedTypeFactory.java:2132)
  	at org.checkerframework.framework.type.GenericAnnotatedTypeFactory.preProcessClassTree(GenericAnnotatedTypeFactory.java:451)
  	at org.checkerframework.common.basetype.BaseTypeVisitor.visitClass(BaseTypeVisitor.java:588)
  	at org.checkerframework.common.basetype.BaseTypeVisitor.visitClass(BaseTypeVisitor.java:197)
  	at jdk.compiler/com.sun.tools.javac.tree.JCTree$JCClassDecl.accept(JCTree.java:860)
  	at jdk.compiler/com.sun.source.util.TreePathScanner.scan(TreePathScanner.java:60)
  	at org.checkerframework.framework.source.SourceVisitor.visit(SourceVisitor.java:91)
  	at org.checkerframework.framework.source.SourceChecker.typeProcess(SourceChecker.java:1409)
  	at org.checkerframework.framework.source.SourceChecker.typeProcess(SourceChecker.java:1324)
  	at org.checkerframework.javacutil.AbstractTypeProcessor$AttributionTaskListener.finished(AbstractTypeProcessor.java:193)
  	at jdk.compiler/com.sun.tools.javac.api.ClientCodeWrapper$WrappedTaskListener.finished(ClientCodeWrapper.java:854)
  	at jdk.compiler/com.sun.tools.javac.api.MultiTaskListener.finished(MultiTaskListener.java:132)
  	at jdk.compiler/com.sun.tools.javac.main.JavaCompiler.flow(JavaCompiler.java:1397)
  	at jdk.compiler/com.sun.tools.javac.main.JavaCompiler.flow(JavaCompiler.java:1354)
  	at jdk.compiler/com.sun.tools.javac.main.JavaCompiler.compile(JavaCompiler.java:946)
  	at jdk.compiler/com.sun.tools.javac.main.Main.compile(Main.java:317)
  	at jdk.compiler/com.sun.tools.javac.main.Main.compile(Main.java:176)
  	at jdk.compiler/com.sun.tools.javac.Main.compile(Main.java:64)
  	at jdk.compiler/com.sun.tools.javac.Main.main(Main.java:50)
../jdk/src/java.base/share/classes/java/util/Random.java:616: error: [argument.type.incompatible] incompatible argument for parameter arg0 of Error constructor.
        } catch (Exception ex) { throw new Error(ex); }
                                                 ^
  found   : @Readonly Exception
  required: @Mutable Throwable
../jdk/src/java.base/share/classes/java/util/Comparators.java:39: error: [argument.type.incompatible] incompatible argument for parameter detailMessage of AssertionError constructor.
        throw new AssertionError("no instances");
                                 ^
  found   : @Immutable String
  required: @Mutable Object
../jdk/src/java.base/share/classes/java/util/Comparators.java:47: error: [declaration.inconsistent.with.implements.clause] Class with annotation @Immutable cannot implement @Mutable
    enum NaturalOrderComparator implements Comparator<Comparable<Object>> {
                                                     ^
error: getElementValue(@org.checkerframework.framework.qual.QualifierArgument("value"), value(), ...)
  ; The Checker Framework crashed.  Please report the crash.  Version: Checker Framework 3.49.1-eisop2-SNAPSHOT, branch pico-move-hack, 2025-04-15, commit 3e4c231, dirty=true. 
  Checker: class org.checkerframework.checker.pico.PICONoInitSubchecker
  Visitor: class org.checkerframework.checker.pico.PICONoInitVisitor
  Compilation unit: ../jdk/src/java.base/share/classes/java/util/Currency.java
  Last visited tree at line 355 column 20:
          instance = instances.putIfAbsent(currencyCode, currencyVal);
  Exception: org.checkerframework.javacutil.BugInCF: getElementValue(@org.checkerframework.framework.qual.QualifierArgument("value"), value(), ...); org.checkerframework.javacutil.BugInCF: getElementValue(@org.checkerframework.framework.qual.QualifierArgument("value"), value(), ...)
  	at org.checkerframework.javacutil.AnnotationUtils.getElementValue(AnnotationUtils.java:910)
  	at org.checkerframework.framework.util.DefaultContractsFromMethod.makeArgumentRenaming(DefaultContractsFromMethod.java:330)
  	at org.checkerframework.framework.util.DefaultContractsFromMethod.getQualifierEnforcedByContractAnnotation(DefaultContractsFromMethod.java:255)
  	at org.checkerframework.framework.util.DefaultContractsFromMethod.getContractsOfKind(DefaultContractsFromMethod.java:164)
  	at org.checkerframework.framework.util.DefaultContractsFromMethod.getPostconditions(DefaultContractsFromMethod.java:97)
  	at org.checkerframework.framework.flow.CFAbstractTransfer.processPostconditions(CFAbstractTransfer.java:1268)
  	at org.checkerframework.framework.flow.CFAbstractTransfer.visitMethodInvocation(CFAbstractTransfer.java:1154)
  	at org.checkerframework.framework.flow.CFAbstractTransfer.visitMethodInvocation(CFAbstractTransfer.java:104)
  	at org.checkerframework.dataflow.cfg.node.MethodInvocationNode.accept(MethodInvocationNode.java:156)
  	at org.checkerframework.dataflow.analysis.AbstractAnalysis.callTransferFunction(AbstractAnalysis.java:389)
  	at org.checkerframework.dataflow.analysis.ForwardAnalysisImpl.callTransferFunction(ForwardAnalysisImpl.java:393)
  	at org.checkerframework.framework.flow.CFAbstractAnalysis.callTransferFunction(CFAbstractAnalysis.java:245)
  	at org.checkerframework.dataflow.analysis.ForwardAnalysisImpl.performAnalysisBlock(ForwardAnalysisImpl.java:157)
  	at org.checkerframework.dataflow.analysis.ForwardAnalysisImpl.performAnalysis(ForwardAnalysisImpl.java:110)
  	at org.checkerframework.framework.flow.CFAbstractAnalysis.performAnalysis(CFAbstractAnalysis.java:154)
  	at org.checkerframework.framework.type.GenericAnnotatedTypeFactory.analyze(GenericAnnotatedTypeFactory.java:1628)
  	at org.checkerframework.framework.type.GenericAnnotatedTypeFactory.performFlowAnalysis(GenericAnnotatedTypeFactory.java:1517)
  	at org.checkerframework.framework.type.GenericAnnotatedTypeFactory.checkAndPerformFlowAnalysis(GenericAnnotatedTypeFactory.java:2132)
  	at org.checkerframework.framework.type.GenericAnnotatedTypeFactory.preProcessClassTree(GenericAnnotatedTypeFactory.java:451)
  	at org.checkerframework.common.basetype.BaseTypeVisitor.visitClass(BaseTypeVisitor.java:588)
  	at org.checkerframework.common.basetype.BaseTypeVisitor.visitClass(BaseTypeVisitor.java:197)
  	at jdk.compiler/com.sun.tools.javac.tree.JCTree$JCClassDecl.accept(JCTree.java:860)
  	at jdk.compiler/com.sun.source.util.TreePathScanner.scan(TreePathScanner.java:60)
  	at org.checkerframework.framework.source.SourceVisitor.visit(SourceVisitor.java:91)
  	at org.checkerframework.framework.source.SourceChecker.typeProcess(SourceChecker.java:1409)
  	at org.checkerframework.framework.source.SourceChecker.typeProcess(SourceChecker.java:1324)
  	at org.checkerframework.javacutil.AbstractTypeProcessor$AttributionTaskListener.finished(AbstractTypeProcessor.java:193)
  	at jdk.compiler/com.sun.tools.javac.api.ClientCodeWrapper$WrappedTaskListener.finished(ClientCodeWrapper.java:854)
  	at jdk.compiler/com.sun.tools.javac.api.MultiTaskListener.finished(MultiTaskListener.java:132)
  	at jdk.compiler/com.sun.tools.javac.main.JavaCompiler.flow(JavaCompiler.java:1397)
  	at jdk.compiler/com.sun.tools.javac.main.JavaCompiler.flow(JavaCompiler.java:1354)
  	at jdk.compiler/com.sun.tools.javac.main.JavaCompiler.compile(JavaCompiler.java:946)
  	at jdk.compiler/com.sun.tools.javac.main.Main.compile(Main.java:317)
  	at jdk.compiler/com.sun.tools.javac.main.Main.compile(Main.java:176)
  	at jdk.compiler/com.sun.tools.javac.Main.compile(Main.java:64)
  	at jdk.compiler/com.sun.tools.javac.Main.main(Main.java:50)
  Caused by: java.lang.Throwable
  	at org.checkerframework.javacutil.BugInCF.<init>(BugInCF.java:39)
  	... 36 more
  
  Underlying Exception: java.lang.Throwable; java.lang.Throwable
  	at org.checkerframework.javacutil.BugInCF.<init>(BugInCF.java:39)
  	at org.checkerframework.javacutil.AnnotationUtils.getElementValue(AnnotationUtils.java:910)
  	at org.checkerframework.framework.util.DefaultContractsFromMethod.makeArgumentRenaming(DefaultContractsFromMethod.java:330)
  	at org.checkerframework.framework.util.DefaultContractsFromMethod.getQualifierEnforcedByContractAnnotation(DefaultContractsFromMethod.java:255)
  	at org.checkerframework.framework.util.DefaultContractsFromMethod.getContractsOfKind(DefaultContractsFromMethod.java:164)
  	at org.checkerframework.framework.util.DefaultContractsFromMethod.getPostconditions(DefaultContractsFromMethod.java:97)
  	at org.checkerframework.framework.flow.CFAbstractTransfer.processPostconditions(CFAbstractTransfer.java:1268)
  	at org.checkerframework.framework.flow.CFAbstractTransfer.visitMethodInvocation(CFAbstractTransfer.java:1154)
  	at org.checkerframework.framework.flow.CFAbstractTransfer.visitMethodInvocation(CFAbstractTransfer.java:104)
  	at org.checkerframework.dataflow.cfg.node.MethodInvocationNode.accept(MethodInvocationNode.java:156)
  	at org.checkerframework.dataflow.analysis.AbstractAnalysis.callTransferFunction(AbstractAnalysis.java:389)
  	at org.checkerframework.dataflow.analysis.ForwardAnalysisImpl.callTransferFunction(ForwardAnalysisImpl.java:393)
  	at org.checkerframework.framework.flow.CFAbstractAnalysis.callTransferFunction(CFAbstractAnalysis.java:245)
  	at org.checkerframework.dataflow.analysis.ForwardAnalysisImpl.performAnalysisBlock(ForwardAnalysisImpl.java:157)
  	at org.checkerframework.dataflow.analysis.ForwardAnalysisImpl.performAnalysis(ForwardAnalysisImpl.java:110)
  	at org.checkerframework.framework.flow.CFAbstractAnalysis.performAnalysis(CFAbstractAnalysis.java:154)
  	at org.checkerframework.framework.type.GenericAnnotatedTypeFactory.analyze(GenericAnnotatedTypeFactory.java:1628)
  	at org.checkerframework.framework.type.GenericAnnotatedTypeFactory.performFlowAnalysis(GenericAnnotatedTypeFactory.java:1517)
  	at org.checkerframework.framework.type.GenericAnnotatedTypeFactory.checkAndPerformFlowAnalysis(GenericAnnotatedTypeFactory.java:2132)
  	at org.checkerframework.framework.type.GenericAnnotatedTypeFactory.preProcessClassTree(GenericAnnotatedTypeFactory.java:451)
  	at org.checkerframework.common.basetype.BaseTypeVisitor.visitClass(BaseTypeVisitor.java:588)
  	at org.checkerframework.common.basetype.BaseTypeVisitor.visitClass(BaseTypeVisitor.java:197)
  	at jdk.compiler/com.sun.tools.javac.tree.JCTree$JCClassDecl.accept(JCTree.java:860)
  	at jdk.compiler/com.sun.source.util.TreePathScanner.scan(TreePathScanner.java:60)
  	at org.checkerframework.framework.source.SourceVisitor.visit(SourceVisitor.java:91)
  	at org.checkerframework.framework.source.SourceChecker.typeProcess(SourceChecker.java:1409)
  	at org.checkerframework.framework.source.SourceChecker.typeProcess(SourceChecker.java:1324)
  	at org.checkerframework.javacutil.AbstractTypeProcessor$AttributionTaskListener.finished(AbstractTypeProcessor.java:193)
  	at jdk.compiler/com.sun.tools.javac.api.ClientCodeWrapper$WrappedTaskListener.finished(ClientCodeWrapper.java:854)
  	at jdk.compiler/com.sun.tools.javac.api.MultiTaskListener.finished(MultiTaskListener.java:132)
  	at jdk.compiler/com.sun.tools.javac.main.JavaCompiler.flow(JavaCompiler.java:1397)
  	at jdk.compiler/com.sun.tools.javac.main.JavaCompiler.flow(JavaCompiler.java:1354)
  	at jdk.compiler/com.sun.tools.javac.main.JavaCompiler.compile(JavaCompiler.java:946)
  	at jdk.compiler/com.sun.tools.javac.main.Main.compile(Main.java:317)
  	at jdk.compiler/com.sun.tools.javac.main.Main.compile(Main.java:176)
  	at jdk.compiler/com.sun.tools.javac.Main.compile(Main.java:64)
  	at jdk.compiler/com.sun.tools.javac.Main.main(Main.java:50)
error: getElementValue(@org.checkerframework.framework.qual.QualifierArgument("value"), value(), ...)
  ; The Checker Framework crashed.  Please report the crash.  Version: Checker Framework 3.49.1-eisop2-SNAPSHOT, branch pico-move-hack, 2025-04-15, commit 3e4c231, dirty=true. 
  Checker: class org.checkerframework.checker.pico.PICONoInitSubchecker
  Visitor: class org.checkerframework.checker.pico.PICONoInitVisitor
  Compilation unit: ../jdk/src/java.base/share/classes/java/util/HashSet.java
  Last visited tree at line 225 column 16:
          return map.containsKey(o);
  Exception: org.checkerframework.javacutil.BugInCF: getElementValue(@org.checkerframework.framework.qual.QualifierArgument("value"), value(), ...); org.checkerframework.javacutil.BugInCF: getElementValue(@org.checkerframework.framework.qual.QualifierArgument("value"), value(), ...)
  	at org.checkerframework.javacutil.AnnotationUtils.getElementValue(AnnotationUtils.java:910)
  	at org.checkerframework.framework.util.DefaultContractsFromMethod.makeArgumentRenaming(DefaultContractsFromMethod.java:330)
  	at org.checkerframework.framework.util.DefaultContractsFromMethod.getQualifierEnforcedByContractAnnotation(DefaultContractsFromMethod.java:255)
  	at org.checkerframework.framework.util.DefaultContractsFromMethod.getContractsOfKind(DefaultContractsFromMethod.java:164)
  	at org.checkerframework.framework.util.DefaultContractsFromMethod.getConditionalPostconditions(DefaultContractsFromMethod.java:110)
  	at org.checkerframework.framework.flow.CFAbstractTransfer.processConditionalPostconditions(CFAbstractTransfer.java:1291)
  	at org.checkerframework.framework.flow.CFAbstractTransfer.visitMethodInvocation(CFAbstractTransfer.java:1160)
  	at org.checkerframework.framework.flow.CFAbstractTransfer.visitMethodInvocation(CFAbstractTransfer.java:104)
  	at org.checkerframework.dataflow.cfg.node.MethodInvocationNode.accept(MethodInvocationNode.java:156)
  	at org.checkerframework.dataflow.analysis.AbstractAnalysis.callTransferFunction(AbstractAnalysis.java:389)
  	at org.checkerframework.dataflow.analysis.ForwardAnalysisImpl.callTransferFunction(ForwardAnalysisImpl.java:393)
  	at org.checkerframework.framework.flow.CFAbstractAnalysis.callTransferFunction(CFAbstractAnalysis.java:245)
  	at org.checkerframework.dataflow.analysis.ForwardAnalysisImpl.performAnalysisBlock(ForwardAnalysisImpl.java:157)
  	at org.checkerframework.dataflow.analysis.ForwardAnalysisImpl.performAnalysis(ForwardAnalysisImpl.java:110)
  	at org.checkerframework.framework.flow.CFAbstractAnalysis.performAnalysis(CFAbstractAnalysis.java:154)
  	at org.checkerframework.framework.type.GenericAnnotatedTypeFactory.analyze(GenericAnnotatedTypeFactory.java:1628)
  	at org.checkerframework.framework.type.GenericAnnotatedTypeFactory.performFlowAnalysis(GenericAnnotatedTypeFactory.java:1517)
  	at org.checkerframework.framework.type.GenericAnnotatedTypeFactory.checkAndPerformFlowAnalysis(GenericAnnotatedTypeFactory.java:2132)
  	at org.checkerframework.framework.type.GenericAnnotatedTypeFactory.preProcessClassTree(GenericAnnotatedTypeFactory.java:451)
  	at org.checkerframework.common.basetype.BaseTypeVisitor.visitClass(BaseTypeVisitor.java:588)
  	at org.checkerframework.common.basetype.BaseTypeVisitor.visitClass(BaseTypeVisitor.java:197)
  	at jdk.compiler/com.sun.tools.javac.tree.JCTree$JCClassDecl.accept(JCTree.java:860)
  	at jdk.compiler/com.sun.source.util.TreePathScanner.scan(TreePathScanner.java:60)
  	at org.checkerframework.framework.source.SourceVisitor.visit(SourceVisitor.java:91)
  	at org.checkerframework.framework.source.SourceChecker.typeProcess(SourceChecker.java:1409)
  	at org.checkerframework.framework.source.SourceChecker.typeProcess(SourceChecker.java:1324)
  	at org.checkerframework.javacutil.AbstractTypeProcessor$AttributionTaskListener.finished(AbstractTypeProcessor.java:193)
  	at jdk.compiler/com.sun.tools.javac.api.ClientCodeWrapper$WrappedTaskListener.finished(ClientCodeWrapper.java:854)
  	at jdk.compiler/com.sun.tools.javac.api.MultiTaskListener.finished(MultiTaskListener.java:132)
  	at jdk.compiler/com.sun.tools.javac.main.JavaCompiler.flow(JavaCompiler.java:1397)
  	at jdk.compiler/com.sun.tools.javac.main.JavaCompiler.flow(JavaCompiler.java:1354)
  	at jdk.compiler/com.sun.tools.javac.main.JavaCompiler.compile(JavaCompiler.java:946)
  	at jdk.compiler/com.sun.tools.javac.main.Main.compile(Main.java:317)
  	at jdk.compiler/com.sun.tools.javac.main.Main.compile(Main.java:176)
  	at jdk.compiler/com.sun.tools.javac.Main.compile(Main.java:64)
  	at jdk.compiler/com.sun.tools.javac.Main.main(Main.java:50)
  Caused by: java.lang.Throwable
  	at org.checkerframework.javacutil.BugInCF.<init>(BugInCF.java:39)
  	... 36 more
  
  Underlying Exception: java.lang.Throwable; java.lang.Throwable
  	at org.checkerframework.javacutil.BugInCF.<init>(BugInCF.java:39)
  	at org.checkerframework.javacutil.AnnotationUtils.getElementValue(AnnotationUtils.java:910)
  	at org.checkerframework.framework.util.DefaultContractsFromMethod.makeArgumentRenaming(DefaultContractsFromMethod.java:330)
  	at org.checkerframework.framework.util.DefaultContractsFromMethod.getQualifierEnforcedByContractAnnotation(DefaultContractsFromMethod.java:255)
  	at org.checkerframework.framework.util.DefaultContractsFromMethod.getContractsOfKind(DefaultContractsFromMethod.java:164)
  	at org.checkerframework.framework.util.DefaultContractsFromMethod.getConditionalPostconditions(DefaultContractsFromMethod.java:110)
  	at org.checkerframework.framework.flow.CFAbstractTransfer.processConditionalPostconditions(CFAbstractTransfer.java:1291)
  	at org.checkerframework.framework.flow.CFAbstractTransfer.visitMethodInvocation(CFAbstractTransfer.java:1160)
  	at org.checkerframework.framework.flow.CFAbstractTransfer.visitMethodInvocation(CFAbstractTransfer.java:104)
  	at org.checkerframework.dataflow.cfg.node.MethodInvocationNode.accept(MethodInvocationNode.java:156)
  	at org.checkerframework.dataflow.analysis.AbstractAnalysis.callTransferFunction(AbstractAnalysis.java:389)
  	at org.checkerframework.dataflow.analysis.ForwardAnalysisImpl.callTransferFunction(ForwardAnalysisImpl.java:393)
  	at org.checkerframework.framework.flow.CFAbstractAnalysis.callTransferFunction(CFAbstractAnalysis.java:245)
  	at org.checkerframework.dataflow.analysis.ForwardAnalysisImpl.performAnalysisBlock(ForwardAnalysisImpl.java:157)
  	at org.checkerframework.dataflow.analysis.ForwardAnalysisImpl.performAnalysis(ForwardAnalysisImpl.java:110)
  	at org.checkerframework.framework.flow.CFAbstractAnalysis.performAnalysis(CFAbstractAnalysis.java:154)
  	at org.checkerframework.framework.type.GenericAnnotatedTypeFactory.analyze(GenericAnnotatedTypeFactory.java:1628)
  	at org.checkerframework.framework.type.GenericAnnotatedTypeFactory.performFlowAnalysis(GenericAnnotatedTypeFactory.java:1517)
  	at org.checkerframework.framework.type.GenericAnnotatedTypeFactory.checkAndPerformFlowAnalysis(GenericAnnotatedTypeFactory.java:2132)
  	at org.checkerframework.framework.type.GenericAnnotatedTypeFactory.preProcessClassTree(GenericAnnotatedTypeFactory.java:451)
  	at org.checkerframework.common.basetype.BaseTypeVisitor.visitClass(BaseTypeVisitor.java:588)
  	at org.checkerframework.common.basetype.BaseTypeVisitor.visitClass(BaseTypeVisitor.java:197)
  	at jdk.compiler/com.sun.tools.javac.tree.JCTree$JCClassDecl.accept(JCTree.java:860)
  	at jdk.compiler/com.sun.source.util.TreePathScanner.scan(TreePathScanner.java:60)
  	at org.checkerframework.framework.source.SourceVisitor.visit(SourceVisitor.java:91)
  	at org.checkerframework.framework.source.SourceChecker.typeProcess(SourceChecker.java:1409)
  	at org.checkerframework.framework.source.SourceChecker.typeProcess(SourceChecker.java:1324)
  	at org.checkerframework.javacutil.AbstractTypeProcessor$AttributionTaskListener.finished(AbstractTypeProcessor.java:193)
  	at jdk.compiler/com.sun.tools.javac.api.ClientCodeWrapper$WrappedTaskListener.finished(ClientCodeWrapper.java:854)
  	at jdk.compiler/com.sun.tools.javac.api.MultiTaskListener.finished(MultiTaskListener.java:132)
  	at jdk.compiler/com.sun.tools.javac.main.JavaCompiler.flow(JavaCompiler.java:1397)
  	at jdk.compiler/com.sun.tools.javac.main.JavaCompiler.flow(JavaCompiler.java:1354)
  	at jdk.compiler/com.sun.tools.javac.main.JavaCompiler.compile(JavaCompiler.java:946)
  	at jdk.compiler/com.sun.tools.javac.main.Main.compile(Main.java:317)
  	at jdk.compiler/com.sun.tools.javac.main.Main.compile(Main.java:176)
  	at jdk.compiler/com.sun.tools.javac.Main.compile(Main.java:64)
  	at jdk.compiler/com.sun.tools.javac.Main.main(Main.java:50)
error: getElementValue(@org.checkerframework.framework.qual.QualifierArgument("value"), value(), ...)
  ; The Checker Framework crashed.  Please report the crash.  Version: Checker Framework 3.49.1-eisop2-SNAPSHOT, branch pico-move-hack, 2025-04-15, commit 3e4c231, dirty=true. 
  Checker: class org.checkerframework.checker.pico.PICONoInitSubchecker
  Visitor: class org.checkerframework.checker.pico.PICONoInitVisitor
  Compilation unit: ../jdk/src/java.base/share/classes/java/util/Properties.java
  Last visited tree at line 241 column 16:
          return put(key, value);
  Exception: org.checkerframework.javacutil.BugInCF: getElementValue(@org.checkerframework.framework.qual.QualifierArgument("value"), value(), ...); org.checkerframework.javacutil.BugInCF: getElementValue(@org.checkerframework.framework.qual.QualifierArgument("value"), value(), ...)
  	at org.checkerframework.javacutil.AnnotationUtils.getElementValue(AnnotationUtils.java:910)
  	at org.checkerframework.framework.util.DefaultContractsFromMethod.makeArgumentRenaming(DefaultContractsFromMethod.java:330)
  	at org.checkerframework.framework.util.DefaultContractsFromMethod.getQualifierEnforcedByContractAnnotation(DefaultContractsFromMethod.java:255)
  	at org.checkerframework.framework.util.DefaultContractsFromMethod.getContractsOfKind(DefaultContractsFromMethod.java:164)
  	at org.checkerframework.framework.util.DefaultContractsFromMethod.getPostconditions(DefaultContractsFromMethod.java:97)
  	at org.checkerframework.framework.flow.CFAbstractTransfer.processPostconditions(CFAbstractTransfer.java:1268)
  	at org.checkerframework.framework.flow.CFAbstractTransfer.visitMethodInvocation(CFAbstractTransfer.java:1154)
  	at org.checkerframework.framework.flow.CFAbstractTransfer.visitMethodInvocation(CFAbstractTransfer.java:104)
  	at org.checkerframework.dataflow.cfg.node.MethodInvocationNode.accept(MethodInvocationNode.java:156)
  	at org.checkerframework.dataflow.analysis.AbstractAnalysis.callTransferFunction(AbstractAnalysis.java:389)
  	at org.checkerframework.dataflow.analysis.ForwardAnalysisImpl.callTransferFunction(ForwardAnalysisImpl.java:393)
  	at org.checkerframework.framework.flow.CFAbstractAnalysis.callTransferFunction(CFAbstractAnalysis.java:245)
  	at org.checkerframework.dataflow.analysis.ForwardAnalysisImpl.performAnalysisBlock(ForwardAnalysisImpl.java:157)
  	at org.checkerframework.dataflow.analysis.ForwardAnalysisImpl.performAnalysis(ForwardAnalysisImpl.java:110)
  	at org.checkerframework.framework.flow.CFAbstractAnalysis.performAnalysis(CFAbstractAnalysis.java:154)
  	at org.checkerframework.framework.type.GenericAnnotatedTypeFactory.analyze(GenericAnnotatedTypeFactory.java:1628)
  	at org.checkerframework.framework.type.GenericAnnotatedTypeFactory.performFlowAnalysis(GenericAnnotatedTypeFactory.java:1517)
  	at org.checkerframework.framework.type.GenericAnnotatedTypeFactory.checkAndPerformFlowAnalysis(GenericAnnotatedTypeFactory.java:2132)
  	at org.checkerframework.framework.type.GenericAnnotatedTypeFactory.preProcessClassTree(GenericAnnotatedTypeFactory.java:451)
  	at org.checkerframework.common.basetype.BaseTypeVisitor.visitClass(BaseTypeVisitor.java:588)
  	at org.checkerframework.common.basetype.BaseTypeVisitor.visitClass(BaseTypeVisitor.java:197)
  	at jdk.compiler/com.sun.tools.javac.tree.JCTree$JCClassDecl.accept(JCTree.java:860)
  	at jdk.compiler/com.sun.source.util.TreePathScanner.scan(TreePathScanner.java:60)
  	at org.checkerframework.framework.source.SourceVisitor.visit(SourceVisitor.java:91)
  	at org.checkerframework.framework.source.SourceChecker.typeProcess(SourceChecker.java:1409)
  	at org.checkerframework.framework.source.SourceChecker.typeProcess(SourceChecker.java:1324)
  	at org.checkerframework.javacutil.AbstractTypeProcessor$AttributionTaskListener.finished(AbstractTypeProcessor.java:193)
  	at jdk.compiler/com.sun.tools.javac.api.ClientCodeWrapper$WrappedTaskListener.finished(ClientCodeWrapper.java:854)
  	at jdk.compiler/com.sun.tools.javac.api.MultiTaskListener.finished(MultiTaskListener.java:132)
  	at jdk.compiler/com.sun.tools.javac.main.JavaCompiler.flow(JavaCompiler.java:1397)
  	at jdk.compiler/com.sun.tools.javac.main.JavaCompiler.flow(JavaCompiler.java:1354)
  	at jdk.compiler/com.sun.tools.javac.main.JavaCompiler.compile(JavaCompiler.java:946)
  	at jdk.compiler/com.sun.tools.javac.main.Main.compile(Main.java:317)
  	at jdk.compiler/com.sun.tools.javac.main.Main.compile(Main.java:176)
  	at jdk.compiler/com.sun.tools.javac.Main.compile(Main.java:64)
  	at jdk.compiler/com.sun.tools.javac.Main.main(Main.java:50)
  Caused by: java.lang.Throwable
  	at org.checkerframework.javacutil.BugInCF.<init>(BugInCF.java:39)
  	... 36 more
  
  Underlying Exception: java.lang.Throwable; java.lang.Throwable
  	at org.checkerframework.javacutil.BugInCF.<init>(BugInCF.java:39)
  	at org.checkerframework.javacutil.AnnotationUtils.getElementValue(AnnotationUtils.java:910)
  	at org.checkerframework.framework.util.DefaultContractsFromMethod.makeArgumentRenaming(DefaultContractsFromMethod.java:330)
  	at org.checkerframework.framework.util.DefaultContractsFromMethod.getQualifierEnforcedByContractAnnotation(DefaultContractsFromMethod.java:255)
  	at org.checkerframework.framework.util.DefaultContractsFromMethod.getContractsOfKind(DefaultContractsFromMethod.java:164)
  	at org.checkerframework.framework.util.DefaultContractsFromMethod.getPostconditions(DefaultContractsFromMethod.java:97)
  	at org.checkerframework.framework.flow.CFAbstractTransfer.processPostconditions(CFAbstractTransfer.java:1268)
  	at org.checkerframework.framework.flow.CFAbstractTransfer.visitMethodInvocation(CFAbstractTransfer.java:1154)
  	at org.checkerframework.framework.flow.CFAbstractTransfer.visitMethodInvocation(CFAbstractTransfer.java:104)
  	at org.checkerframework.dataflow.cfg.node.MethodInvocationNode.accept(MethodInvocationNode.java:156)
  	at org.checkerframework.dataflow.analysis.AbstractAnalysis.callTransferFunction(AbstractAnalysis.java:389)
  	at org.checkerframework.dataflow.analysis.ForwardAnalysisImpl.callTransferFunction(ForwardAnalysisImpl.java:393)
  	at org.checkerframework.framework.flow.CFAbstractAnalysis.callTransferFunction(CFAbstractAnalysis.java:245)
  	at org.checkerframework.dataflow.analysis.ForwardAnalysisImpl.performAnalysisBlock(ForwardAnalysisImpl.java:157)
  	at org.checkerframework.dataflow.analysis.ForwardAnalysisImpl.performAnalysis(ForwardAnalysisImpl.java:110)
  	at org.checkerframework.framework.flow.CFAbstractAnalysis.performAnalysis(CFAbstractAnalysis.java:154)
  	at org.checkerframework.framework.type.GenericAnnotatedTypeFactory.analyze(GenericAnnotatedTypeFactory.java:1628)
  	at org.checkerframework.framework.type.GenericAnnotatedTypeFactory.performFlowAnalysis(GenericAnnotatedTypeFactory.java:1517)
  	at org.checkerframework.framework.type.GenericAnnotatedTypeFactory.checkAndPerformFlowAnalysis(GenericAnnotatedTypeFactory.java:2132)
  	at org.checkerframework.framework.type.GenericAnnotatedTypeFactory.preProcessClassTree(GenericAnnotatedTypeFactory.java:451)
  	at org.checkerframework.common.basetype.BaseTypeVisitor.visitClass(BaseTypeVisitor.java:588)
  	at org.checkerframework.common.basetype.BaseTypeVisitor.visitClass(BaseTypeVisitor.java:197)
  	at jdk.compiler/com.sun.tools.javac.tree.JCTree$JCClassDecl.accept(JCTree.java:860)
  	at jdk.compiler/com.sun.source.util.TreePathScanner.scan(TreePathScanner.java:60)
  	at org.checkerframework.framework.source.SourceVisitor.visit(SourceVisitor.java:91)
  	at org.checkerframework.framework.source.SourceChecker.typeProcess(SourceChecker.java:1409)
  	at org.checkerframework.framework.source.SourceChecker.typeProcess(SourceChecker.java:1324)
  	at org.checkerframework.javacutil.AbstractTypeProcessor$AttributionTaskListener.finished(AbstractTypeProcessor.java:193)
  	at jdk.compiler/com.sun.tools.javac.api.ClientCodeWrapper$WrappedTaskListener.finished(ClientCodeWrapper.java:854)
  	at jdk.compiler/com.sun.tools.javac.api.MultiTaskListener.finished(MultiTaskListener.java:132)
  	at jdk.compiler/com.sun.tools.javac.main.JavaCompiler.flow(JavaCompiler.java:1397)
  	at jdk.compiler/com.sun.tools.javac.main.JavaCompiler.flow(JavaCompiler.java:1354)
  	at jdk.compiler/com.sun.tools.javac.main.JavaCompiler.compile(JavaCompiler.java:946)
  	at jdk.compiler/com.sun.tools.javac.main.Main.compile(Main.java:317)
  	at jdk.compiler/com.sun.tools.javac.main.Main.compile(Main.java:176)
  	at jdk.compiler/com.sun.tools.javac.Main.compile(Main.java:64)
  	at jdk.compiler/com.sun.tools.javac.Main.main(Main.java:50)
error: getElementValue(@org.checkerframework.framework.qual.QualifierArgument("value"), value(), ...)
  ; The Checker Framework crashed.  Please report the crash.  Version: Checker Framework 3.49.1-eisop2-SNAPSHOT, branch pico-move-hack, 2025-04-15, commit 3e4c231, dirty=true. 
  Checker: class org.checkerframework.checker.pico.PICONoInitSubchecker
  Visitor: class org.checkerframework.checker.pico.PICONoInitVisitor
  Compilation unit: ../jdk/src/java.base/share/classes/java/util/HashMap.java
  Last visited tree at line 1015 column 87:
          public final boolean contains(@Nullable @UnknownSignedness Object o) { return containsKey(o); }
  Exception: org.checkerframework.javacutil.BugInCF: getElementValue(@org.checkerframework.framework.qual.QualifierArgument("value"), value(), ...); org.checkerframework.javacutil.BugInCF: getElementValue(@org.checkerframework.framework.qual.QualifierArgument("value"), value(), ...)
  	at org.checkerframework.javacutil.AnnotationUtils.getElementValue(AnnotationUtils.java:910)
  	at org.checkerframework.framework.util.DefaultContractsFromMethod.makeArgumentRenaming(DefaultContractsFromMethod.java:330)
  	at org.checkerframework.framework.util.DefaultContractsFromMethod.getQualifierEnforcedByContractAnnotation(DefaultContractsFromMethod.java:255)
  	at org.checkerframework.framework.util.DefaultContractsFromMethod.getContractsOfKind(DefaultContractsFromMethod.java:164)
  	at org.checkerframework.framework.util.DefaultContractsFromMethod.getConditionalPostconditions(DefaultContractsFromMethod.java:110)
  	at org.checkerframework.framework.flow.CFAbstractTransfer.processConditionalPostconditions(CFAbstractTransfer.java:1291)
  	at org.checkerframework.framework.flow.CFAbstractTransfer.visitMethodInvocation(CFAbstractTransfer.java:1160)
  	at org.checkerframework.framework.flow.CFAbstractTransfer.visitMethodInvocation(CFAbstractTransfer.java:104)
  	at org.checkerframework.dataflow.cfg.node.MethodInvocationNode.accept(MethodInvocationNode.java:156)
  	at org.checkerframework.dataflow.analysis.AbstractAnalysis.callTransferFunction(AbstractAnalysis.java:389)
  	at org.checkerframework.dataflow.analysis.ForwardAnalysisImpl.callTransferFunction(ForwardAnalysisImpl.java:393)
  	at org.checkerframework.framework.flow.CFAbstractAnalysis.callTransferFunction(CFAbstractAnalysis.java:245)
  	at org.checkerframework.dataflow.analysis.ForwardAnalysisImpl.performAnalysisBlock(ForwardAnalysisImpl.java:157)
  	at org.checkerframework.dataflow.analysis.ForwardAnalysisImpl.performAnalysis(ForwardAnalysisImpl.java:110)
  	at org.checkerframework.framework.flow.CFAbstractAnalysis.performAnalysis(CFAbstractAnalysis.java:154)
  	at org.checkerframework.framework.type.GenericAnnotatedTypeFactory.analyze(GenericAnnotatedTypeFactory.java:1628)
  	at org.checkerframework.framework.type.GenericAnnotatedTypeFactory.performFlowAnalysis(GenericAnnotatedTypeFactory.java:1517)
  	at org.checkerframework.framework.type.GenericAnnotatedTypeFactory.checkAndPerformFlowAnalysis(GenericAnnotatedTypeFactory.java:2132)
  	at org.checkerframework.framework.type.GenericAnnotatedTypeFactory.preProcessClassTree(GenericAnnotatedTypeFactory.java:451)
  	at org.checkerframework.common.basetype.BaseTypeVisitor.visitClass(BaseTypeVisitor.java:588)
  	at org.checkerframework.common.basetype.BaseTypeVisitor.visitClass(BaseTypeVisitor.java:197)
  	at jdk.compiler/com.sun.tools.javac.tree.JCTree$JCClassDecl.accept(JCTree.java:860)
  	at jdk.compiler/com.sun.source.util.TreePathScanner.scan(TreePathScanner.java:60)
  	at org.checkerframework.framework.source.SourceVisitor.visit(SourceVisitor.java:91)
  	at org.checkerframework.framework.source.SourceChecker.typeProcess(SourceChecker.java:1409)
  	at org.checkerframework.framework.source.SourceChecker.typeProcess(SourceChecker.java:1324)
  	at org.checkerframework.javacutil.AbstractTypeProcessor$AttributionTaskListener.finished(AbstractTypeProcessor.java:193)
  	at jdk.compiler/com.sun.tools.javac.api.ClientCodeWrapper$WrappedTaskListener.finished(ClientCodeWrapper.java:854)
  	at jdk.compiler/com.sun.tools.javac.api.MultiTaskListener.finished(MultiTaskListener.java:132)
  	at jdk.compiler/com.sun.tools.javac.main.JavaCompiler.flow(JavaCompiler.java:1397)
  	at jdk.compiler/com.sun.tools.javac.main.JavaCompiler.flow(JavaCompiler.java:1354)
  	at jdk.compiler/com.sun.tools.javac.main.JavaCompiler.compile(JavaCompiler.java:946)
  	at jdk.compiler/com.sun.tools.javac.main.Main.compile(Main.java:317)
  	at jdk.compiler/com.sun.tools.javac.main.Main.compile(Main.java:176)
  	at jdk.compiler/com.sun.tools.javac.Main.compile(Main.java:64)
  	at jdk.compiler/com.sun.tools.javac.Main.main(Main.java:50)
  Caused by: java.lang.Throwable
  	at org.checkerframework.javacutil.BugInCF.<init>(BugInCF.java:39)
  	... 36 more
  
  Underlying Exception: java.lang.Throwable; java.lang.Throwable
  	at org.checkerframework.javacutil.BugInCF.<init>(BugInCF.java:39)
  	at org.checkerframework.javacutil.AnnotationUtils.getElementValue(AnnotationUtils.java:910)
  	at org.checkerframework.framework.util.DefaultContractsFromMethod.makeArgumentRenaming(DefaultContractsFromMethod.java:330)
  	at org.checkerframework.framework.util.DefaultContractsFromMethod.getQualifierEnforcedByContractAnnotation(DefaultContractsFromMethod.java:255)
  	at org.checkerframework.framework.util.DefaultContractsFromMethod.getContractsOfKind(DefaultContractsFromMethod.java:164)
  	at org.checkerframework.framework.util.DefaultContractsFromMethod.getConditionalPostconditions(DefaultContractsFromMethod.java:110)
  	at org.checkerframework.framework.flow.CFAbstractTransfer.processConditionalPostconditions(CFAbstractTransfer.java:1291)
  	at org.checkerframework.framework.flow.CFAbstractTransfer.visitMethodInvocation(CFAbstractTransfer.java:1160)
  	at org.checkerframework.framework.flow.CFAbstractTransfer.visitMethodInvocation(CFAbstractTransfer.java:104)
  	at org.checkerframework.dataflow.cfg.node.MethodInvocationNode.accept(MethodInvocationNode.java:156)
  	at org.checkerframework.dataflow.analysis.AbstractAnalysis.callTransferFunction(AbstractAnalysis.java:389)
  	at org.checkerframework.dataflow.analysis.ForwardAnalysisImpl.callTransferFunction(ForwardAnalysisImpl.java:393)
  	at org.checkerframework.framework.flow.CFAbstractAnalysis.callTransferFunction(CFAbstractAnalysis.java:245)
  	at org.checkerframework.dataflow.analysis.ForwardAnalysisImpl.performAnalysisBlock(ForwardAnalysisImpl.java:157)
  	at org.checkerframework.dataflow.analysis.ForwardAnalysisImpl.performAnalysis(ForwardAnalysisImpl.java:110)
  	at org.checkerframework.framework.flow.CFAbstractAnalysis.performAnalysis(CFAbstractAnalysis.java:154)
  	at org.checkerframework.framework.type.GenericAnnotatedTypeFactory.analyze(GenericAnnotatedTypeFactory.java:1628)
  	at org.checkerframework.framework.type.GenericAnnotatedTypeFactory.performFlowAnalysis(GenericAnnotatedTypeFactory.java:1517)
  	at org.checkerframework.framework.type.GenericAnnotatedTypeFactory.checkAndPerformFlowAnalysis(GenericAnnotatedTypeFactory.java:2132)
  	at org.checkerframework.framework.type.GenericAnnotatedTypeFactory.preProcessClassTree(GenericAnnotatedTypeFactory.java:451)
  	at org.checkerframework.common.basetype.BaseTypeVisitor.visitClass(BaseTypeVisitor.java:588)
  	at org.checkerframework.common.basetype.BaseTypeVisitor.visitClass(BaseTypeVisitor.java:197)
  	at jdk.compiler/com.sun.tools.javac.tree.JCTree$JCClassDecl.accept(JCTree.java:860)
  	at jdk.compiler/com.sun.source.util.TreePathScanner.scan(TreePathScanner.java:60)
  	at org.checkerframework.framework.source.SourceVisitor.visit(SourceVisitor.java:91)
  	at org.checkerframework.framework.source.SourceChecker.typeProcess(SourceChecker.java:1409)
  	at org.checkerframework.framework.source.SourceChecker.typeProcess(SourceChecker.java:1324)
  	at org.checkerframework.javacutil.AbstractTypeProcessor$AttributionTaskListener.finished(AbstractTypeProcessor.java:193)
  	at jdk.compiler/com.sun.tools.javac.api.ClientCodeWrapper$WrappedTaskListener.finished(ClientCodeWrapper.java:854)
  	at jdk.compiler/com.sun.tools.javac.api.MultiTaskListener.finished(MultiTaskListener.java:132)
  	at jdk.compiler/com.sun.tools.javac.main.JavaCompiler.flow(JavaCompiler.java:1397)
  	at jdk.compiler/com.sun.tools.javac.main.JavaCompiler.flow(JavaCompiler.java:1354)
  	at jdk.compiler/com.sun.tools.javac.main.JavaCompiler.compile(JavaCompiler.java:946)
  	at jdk.compiler/com.sun.tools.javac.main.Main.compile(Main.java:317)
  	at jdk.compiler/com.sun.tools.javac.main.Main.compile(Main.java:176)
  	at jdk.compiler/com.sun.tools.javac.Main.compile(Main.java:64)
  	at jdk.compiler/com.sun.tools.javac.Main.main(Main.java:50)
error: getElementValue(@org.checkerframework.framework.qual.QualifierArgument("value"), value(), ...)
  ; The Checker Framework crashed.  Please report the crash.  Version: Checker Framework 3.49.1-eisop2-SNAPSHOT, branch pico-move-hack, 2025-04-15, commit 3e4c231, dirty=true. 
  Checker: class org.checkerframework.checker.pico.PICONoInitSubchecker
  Visitor: class org.checkerframework.checker.pico.PICONoInitVisitor
  Compilation unit: ../jdk/src/java.base/share/classes/java/util/LinkedHashMap.java
  Last visited tree at line 588 column 87:
          public final boolean contains(@Nullable @UnknownSignedness Object o) { return containsKey(o); }
  Exception: org.checkerframework.javacutil.BugInCF: getElementValue(@org.checkerframework.framework.qual.QualifierArgument("value"), value(), ...); org.checkerframework.javacutil.BugInCF: getElementValue(@org.checkerframework.framework.qual.QualifierArgument("value"), value(), ...)
  	at org.checkerframework.javacutil.AnnotationUtils.getElementValue(AnnotationUtils.java:910)
  	at org.checkerframework.framework.util.DefaultContractsFromMethod.makeArgumentRenaming(DefaultContractsFromMethod.java:330)
  	at org.checkerframework.framework.util.DefaultContractsFromMethod.getQualifierEnforcedByContractAnnotation(DefaultContractsFromMethod.java:255)
  	at org.checkerframework.framework.util.DefaultContractsFromMethod.getContractsOfKind(DefaultContractsFromMethod.java:164)
  	at org.checkerframework.framework.util.DefaultContractsFromMethod.getConditionalPostconditions(DefaultContractsFromMethod.java:110)
  	at org.checkerframework.framework.flow.CFAbstractTransfer.processConditionalPostconditions(CFAbstractTransfer.java:1291)
  	at org.checkerframework.framework.flow.CFAbstractTransfer.visitMethodInvocation(CFAbstractTransfer.java:1160)
  	at org.checkerframework.framework.flow.CFAbstractTransfer.visitMethodInvocation(CFAbstractTransfer.java:104)
  	at org.checkerframework.dataflow.cfg.node.MethodInvocationNode.accept(MethodInvocationNode.java:156)
  	at org.checkerframework.dataflow.analysis.AbstractAnalysis.callTransferFunction(AbstractAnalysis.java:389)
  	at org.checkerframework.dataflow.analysis.ForwardAnalysisImpl.callTransferFunction(ForwardAnalysisImpl.java:393)
  	at org.checkerframework.framework.flow.CFAbstractAnalysis.callTransferFunction(CFAbstractAnalysis.java:245)
  	at org.checkerframework.dataflow.analysis.ForwardAnalysisImpl.performAnalysisBlock(ForwardAnalysisImpl.java:157)
  	at org.checkerframework.dataflow.analysis.ForwardAnalysisImpl.performAnalysis(ForwardAnalysisImpl.java:110)
  	at org.checkerframework.framework.flow.CFAbstractAnalysis.performAnalysis(CFAbstractAnalysis.java:154)
  	at org.checkerframework.framework.type.GenericAnnotatedTypeFactory.analyze(GenericAnnotatedTypeFactory.java:1628)
  	at org.checkerframework.framework.type.GenericAnnotatedTypeFactory.performFlowAnalysis(GenericAnnotatedTypeFactory.java:1517)
  	at org.checkerframework.framework.type.GenericAnnotatedTypeFactory.checkAndPerformFlowAnalysis(GenericAnnotatedTypeFactory.java:2132)
  	at org.checkerframework.framework.type.GenericAnnotatedTypeFactory.preProcessClassTree(GenericAnnotatedTypeFactory.java:451)
  	at org.checkerframework.common.basetype.BaseTypeVisitor.visitClass(BaseTypeVisitor.java:588)
  	at org.checkerframework.common.basetype.BaseTypeVisitor.visitClass(BaseTypeVisitor.java:197)
  	at jdk.compiler/com.sun.tools.javac.tree.JCTree$JCClassDecl.accept(JCTree.java:860)
  	at jdk.compiler/com.sun.source.util.TreePathScanner.scan(TreePathScanner.java:60)
  	at org.checkerframework.framework.source.SourceVisitor.visit(SourceVisitor.java:91)
  	at org.checkerframework.framework.source.SourceChecker.typeProcess(SourceChecker.java:1409)
  	at org.checkerframework.framework.source.SourceChecker.typeProcess(SourceChecker.java:1324)
  	at org.checkerframework.javacutil.AbstractTypeProcessor$AttributionTaskListener.finished(AbstractTypeProcessor.java:193)
  	at jdk.compiler/com.sun.tools.javac.api.ClientCodeWrapper$WrappedTaskListener.finished(ClientCodeWrapper.java:854)
  	at jdk.compiler/com.sun.tools.javac.api.MultiTaskListener.finished(MultiTaskListener.java:132)
  	at jdk.compiler/com.sun.tools.javac.main.JavaCompiler.flow(JavaCompiler.java:1397)
  	at jdk.compiler/com.sun.tools.javac.main.JavaCompiler.flow(JavaCompiler.java:1354)
  	at jdk.compiler/com.sun.tools.javac.main.JavaCompiler.compile(JavaCompiler.java:946)
  	at jdk.compiler/com.sun.tools.javac.main.Main.compile(Main.java:317)
  	at jdk.compiler/com.sun.tools.javac.main.Main.compile(Main.java:176)
  	at jdk.compiler/com.sun.tools.javac.Main.compile(Main.java:64)
  	at jdk.compiler/com.sun.tools.javac.Main.main(Main.java:50)
  Caused by: java.lang.Throwable
  	at org.checkerframework.javacutil.BugInCF.<init>(BugInCF.java:39)
  	... 36 more
  
  Underlying Exception: java.lang.Throwable; java.lang.Throwable
  	at org.checkerframework.javacutil.BugInCF.<init>(BugInCF.java:39)
  	at org.checkerframework.javacutil.AnnotationUtils.getElementValue(AnnotationUtils.java:910)
  	at org.checkerframework.framework.util.DefaultContractsFromMethod.makeArgumentRenaming(DefaultContractsFromMethod.java:330)
  	at org.checkerframework.framework.util.DefaultContractsFromMethod.getQualifierEnforcedByContractAnnotation(DefaultContractsFromMethod.java:255)
  	at org.checkerframework.framework.util.DefaultContractsFromMethod.getContractsOfKind(DefaultContractsFromMethod.java:164)
  	at org.checkerframework.framework.util.DefaultContractsFromMethod.getConditionalPostconditions(DefaultContractsFromMethod.java:110)
  	at org.checkerframework.framework.flow.CFAbstractTransfer.processConditionalPostconditions(CFAbstractTransfer.java:1291)
  	at org.checkerframework.framework.flow.CFAbstractTransfer.visitMethodInvocation(CFAbstractTransfer.java:1160)
  	at org.checkerframework.framework.flow.CFAbstractTransfer.visitMethodInvocation(CFAbstractTransfer.java:104)
  	at org.checkerframework.dataflow.cfg.node.MethodInvocationNode.accept(MethodInvocationNode.java:156)
  	at org.checkerframework.dataflow.analysis.AbstractAnalysis.callTransferFunction(AbstractAnalysis.java:389)
  	at org.checkerframework.dataflow.analysis.ForwardAnalysisImpl.callTransferFunction(ForwardAnalysisImpl.java:393)
  	at org.checkerframework.framework.flow.CFAbstractAnalysis.callTransferFunction(CFAbstractAnalysis.java:245)
  	at org.checkerframework.dataflow.analysis.ForwardAnalysisImpl.performAnalysisBlock(ForwardAnalysisImpl.java:157)
  	at org.checkerframework.dataflow.analysis.ForwardAnalysisImpl.performAnalysis(ForwardAnalysisImpl.java:110)
  	at org.checkerframework.framework.flow.CFAbstractAnalysis.performAnalysis(CFAbstractAnalysis.java:154)
  	at org.checkerframework.framework.type.GenericAnnotatedTypeFactory.analyze(GenericAnnotatedTypeFactory.java:1628)
  	at org.checkerframework.framework.type.GenericAnnotatedTypeFactory.performFlowAnalysis(GenericAnnotatedTypeFactory.java:1517)
  	at org.checkerframework.framework.type.GenericAnnotatedTypeFactory.checkAndPerformFlowAnalysis(GenericAnnotatedTypeFactory.java:2132)
  	at org.checkerframework.framework.type.GenericAnnotatedTypeFactory.preProcessClassTree(GenericAnnotatedTypeFactory.java:451)
  	at org.checkerframework.common.basetype.BaseTypeVisitor.visitClass(BaseTypeVisitor.java:588)
  	at org.checkerframework.common.basetype.BaseTypeVisitor.visitClass(BaseTypeVisitor.java:197)
  	at jdk.compiler/com.sun.tools.javac.tree.JCTree$JCClassDecl.accept(JCTree.java:860)
  	at jdk.compiler/com.sun.source.util.TreePathScanner.scan(TreePathScanner.java:60)
  	at org.checkerframework.framework.source.SourceVisitor.visit(SourceVisitor.java:91)
  	at org.checkerframework.framework.source.SourceChecker.typeProcess(SourceChecker.java:1409)
  	at org.checkerframework.framework.source.SourceChecker.typeProcess(SourceChecker.java:1324)
  	at org.checkerframework.javacutil.AbstractTypeProcessor$AttributionTaskListener.finished(AbstractTypeProcessor.java:193)
  	at jdk.compiler/com.sun.tools.javac.api.ClientCodeWrapper$WrappedTaskListener.finished(ClientCodeWrapper.java:854)
  	at jdk.compiler/com.sun.tools.javac.api.MultiTaskListener.finished(MultiTaskListener.java:132)
  	at jdk.compiler/com.sun.tools.javac.main.JavaCompiler.flow(JavaCompiler.java:1397)
  	at jdk.compiler/com.sun.tools.javac.main.JavaCompiler.flow(JavaCompiler.java:1354)
  	at jdk.compiler/com.sun.tools.javac.main.JavaCompiler.compile(JavaCompiler.java:946)
  	at jdk.compiler/com.sun.tools.javac.main.Main.compile(Main.java:317)
  	at jdk.compiler/com.sun.tools.javac.main.Main.compile(Main.java:176)
  	at jdk.compiler/com.sun.tools.javac.Main.compile(Main.java:64)
  	at jdk.compiler/com.sun.tools.javac.Main.main(Main.java:50)
../jdk/src/java.base/share/classes/java/util/DoubleSummaryStatistics.java:313: error: [argument.type.incompatible] incompatible argument for parameter args of String.format.
            this.getClass().getSimpleName(),
                                         ^
  found   : @Immutable String
  required: @Mutable Object
../jdk/src/java.base/share/classes/java/util/DoubleSummaryStatistics.java:314: error: [argument.type.incompatible] incompatible argument for parameter args of String.format.
            getCount(),
                    ^
  found   : @Immutable long
  required: @Mutable Object
../jdk/src/java.base/share/classes/java/util/DoubleSummaryStatistics.java:315: error: [argument.type.incompatible] incompatible argument for parameter args of String.format.
            getSum(),
                  ^
  found   : @Immutable double
  required: @Mutable Object
../jdk/src/java.base/share/classes/java/util/DoubleSummaryStatistics.java:316: error: [argument.type.incompatible] incompatible argument for parameter args of String.format.
            getMin(),
                  ^
  found   : @Immutable double
  required: @Mutable Object
../jdk/src/java.base/share/classes/java/util/DoubleSummaryStatistics.java:317: error: [argument.type.incompatible] incompatible argument for parameter args of String.format.
            getAverage(),
                      ^
  found   : @Immutable double
  required: @Mutable Object
../jdk/src/java.base/share/classes/java/util/DoubleSummaryStatistics.java:318: error: [argument.type.incompatible] incompatible argument for parameter args of String.format.
            getMax());
                  ^
  found   : @Immutable double
  required: @Mutable Object
../jdk/src/java.base/share/classes/java/util/DuplicateFormatFlagsException.java:67: error: [argument.type.incompatible] incompatible argument for parameter args of String.format.
        return String.format("Flags = '%s'", flags);
                                             ^
  found   : @Immutable String
  required: @Mutable Object
error: getElementValue(@org.checkerframework.framework.qual.QualifierArgument("value"), value(), ...)
  ; The Checker Framework crashed.  Please report the crash.  Version: Checker Framework 3.49.1-eisop2-SNAPSHOT, branch pico-move-hack, 2025-04-15, commit 3e4c231, dirty=true. 
  Checker: class org.checkerframework.checker.pico.PICONoInitSubchecker
  Visitor: class org.checkerframework.checker.pico.PICONoInitVisitor
  Compilation unit: ../jdk/src/java.base/share/classes/java/util/EnumMap.java
  Last visited tree at line 726 column 51:
                      if (!((null == m.get(key)) && m.containsKey(key)))
  Exception: org.checkerframework.javacutil.BugInCF: getElementValue(@org.checkerframework.framework.qual.QualifierArgument("value"), value(), ...); org.checkerframework.javacutil.BugInCF: getElementValue(@org.checkerframework.framework.qual.QualifierArgument("value"), value(), ...)
  	at org.checkerframework.javacutil.AnnotationUtils.getElementValue(AnnotationUtils.java:910)
  	at org.checkerframework.framework.util.DefaultContractsFromMethod.makeArgumentRenaming(DefaultContractsFromMethod.java:330)
  	at org.checkerframework.framework.util.DefaultContractsFromMethod.getQualifierEnforcedByContractAnnotation(DefaultContractsFromMethod.java:255)
  	at org.checkerframework.framework.util.DefaultContractsFromMethod.getContractsOfKind(DefaultContractsFromMethod.java:164)
  	at org.checkerframework.framework.util.DefaultContractsFromMethod.getConditionalPostconditions(DefaultContractsFromMethod.java:110)
  	at org.checkerframework.framework.flow.CFAbstractTransfer.processConditionalPostconditions(CFAbstractTransfer.java:1291)
  	at org.checkerframework.framework.flow.CFAbstractTransfer.visitMethodInvocation(CFAbstractTransfer.java:1160)
  	at org.checkerframework.framework.flow.CFAbstractTransfer.visitMethodInvocation(CFAbstractTransfer.java:104)
  	at org.checkerframework.dataflow.cfg.node.MethodInvocationNode.accept(MethodInvocationNode.java:156)
  	at org.checkerframework.dataflow.analysis.AbstractAnalysis.callTransferFunction(AbstractAnalysis.java:389)
  	at org.checkerframework.dataflow.analysis.ForwardAnalysisImpl.callTransferFunction(ForwardAnalysisImpl.java:393)
  	at org.checkerframework.framework.flow.CFAbstractAnalysis.callTransferFunction(CFAbstractAnalysis.java:245)
  	at org.checkerframework.dataflow.analysis.ForwardAnalysisImpl.performAnalysisBlock(ForwardAnalysisImpl.java:157)
  	at org.checkerframework.dataflow.analysis.ForwardAnalysisImpl.performAnalysis(ForwardAnalysisImpl.java:110)
  	at org.checkerframework.framework.flow.CFAbstractAnalysis.performAnalysis(CFAbstractAnalysis.java:154)
  	at org.checkerframework.framework.type.GenericAnnotatedTypeFactory.analyze(GenericAnnotatedTypeFactory.java:1628)
  	at org.checkerframework.framework.type.GenericAnnotatedTypeFactory.performFlowAnalysis(GenericAnnotatedTypeFactory.java:1517)
  	at org.checkerframework.framework.type.GenericAnnotatedTypeFactory.checkAndPerformFlowAnalysis(GenericAnnotatedTypeFactory.java:2132)
  	at org.checkerframework.framework.type.GenericAnnotatedTypeFactory.preProcessClassTree(GenericAnnotatedTypeFactory.java:451)
  	at org.checkerframework.common.basetype.BaseTypeVisitor.visitClass(BaseTypeVisitor.java:588)
  	at org.checkerframework.common.basetype.BaseTypeVisitor.visitClass(BaseTypeVisitor.java:197)
  	at jdk.compiler/com.sun.tools.javac.tree.JCTree$JCClassDecl.accept(JCTree.java:860)
  	at jdk.compiler/com.sun.source.util.TreePathScanner.scan(TreePathScanner.java:60)
  	at org.checkerframework.framework.source.SourceVisitor.visit(SourceVisitor.java:91)
  	at org.checkerframework.framework.source.SourceChecker.typeProcess(SourceChecker.java:1409)
  	at org.checkerframework.framework.source.SourceChecker.typeProcess(SourceChecker.java:1324)
  	at org.checkerframework.javacutil.AbstractTypeProcessor$AttributionTaskListener.finished(AbstractTypeProcessor.java:193)
  	at jdk.compiler/com.sun.tools.javac.api.ClientCodeWrapper$WrappedTaskListener.finished(ClientCodeWrapper.java:854)
  	at jdk.compiler/com.sun.tools.javac.api.MultiTaskListener.finished(MultiTaskListener.java:132)
  	at jdk.compiler/com.sun.tools.javac.main.JavaCompiler.flow(JavaCompiler.java:1397)
  	at jdk.compiler/com.sun.tools.javac.main.JavaCompiler.flow(JavaCompiler.java:1354)
  	at jdk.compiler/com.sun.tools.javac.main.JavaCompiler.compile(JavaCompiler.java:946)
  	at jdk.compiler/com.sun.tools.javac.main.Main.compile(Main.java:317)
  	at jdk.compiler/com.sun.tools.javac.main.Main.compile(Main.java:176)
  	at jdk.compiler/com.sun.tools.javac.Main.compile(Main.java:64)
  	at jdk.compiler/com.sun.tools.javac.Main.main(Main.java:50)
  Caused by: java.lang.Throwable
  	at org.checkerframework.javacutil.BugInCF.<init>(BugInCF.java:39)
  	... 36 more
  
  Underlying Exception: java.lang.Throwable; java.lang.Throwable
  	at org.checkerframework.javacutil.BugInCF.<init>(BugInCF.java:39)
  	at org.checkerframework.javacutil.AnnotationUtils.getElementValue(AnnotationUtils.java:910)
  	at org.checkerframework.framework.util.DefaultContractsFromMethod.makeArgumentRenaming(DefaultContractsFromMethod.java:330)
  	at org.checkerframework.framework.util.DefaultContractsFromMethod.getQualifierEnforcedByContractAnnotation(DefaultContractsFromMethod.java:255)
  	at org.checkerframework.framework.util.DefaultContractsFromMethod.getContractsOfKind(DefaultContractsFromMethod.java:164)
  	at org.checkerframework.framework.util.DefaultContractsFromMethod.getConditionalPostconditions(DefaultContractsFromMethod.java:110)
  	at org.checkerframework.framework.flow.CFAbstractTransfer.processConditionalPostconditions(CFAbstractTransfer.java:1291)
  	at org.checkerframework.framework.flow.CFAbstractTransfer.visitMethodInvocation(CFAbstractTransfer.java:1160)
  	at org.checkerframework.framework.flow.CFAbstractTransfer.visitMethodInvocation(CFAbstractTransfer.java:104)
  	at org.checkerframework.dataflow.cfg.node.MethodInvocationNode.accept(MethodInvocationNode.java:156)
  	at org.checkerframework.dataflow.analysis.AbstractAnalysis.callTransferFunction(AbstractAnalysis.java:389)
  	at org.checkerframework.dataflow.analysis.ForwardAnalysisImpl.callTransferFunction(ForwardAnalysisImpl.java:393)
  	at org.checkerframework.framework.flow.CFAbstractAnalysis.callTransferFunction(CFAbstractAnalysis.java:245)
  	at org.checkerframework.dataflow.analysis.ForwardAnalysisImpl.performAnalysisBlock(ForwardAnalysisImpl.java:157)
  	at org.checkerframework.dataflow.analysis.ForwardAnalysisImpl.performAnalysis(ForwardAnalysisImpl.java:110)
  	at org.checkerframework.framework.flow.CFAbstractAnalysis.performAnalysis(CFAbstractAnalysis.java:154)
  	at org.checkerframework.framework.type.GenericAnnotatedTypeFactory.analyze(GenericAnnotatedTypeFactory.java:1628)
  	at org.checkerframework.framework.type.GenericAnnotatedTypeFactory.performFlowAnalysis(GenericAnnotatedTypeFactory.java:1517)
  	at org.checkerframework.framework.type.GenericAnnotatedTypeFactory.checkAndPerformFlowAnalysis(GenericAnnotatedTypeFactory.java:2132)
  	at org.checkerframework.framework.type.GenericAnnotatedTypeFactory.preProcessClassTree(GenericAnnotatedTypeFactory.java:451)
  	at org.checkerframework.common.basetype.BaseTypeVisitor.visitClass(BaseTypeVisitor.java:588)
  	at org.checkerframework.common.basetype.BaseTypeVisitor.visitClass(BaseTypeVisitor.java:197)
  	at jdk.compiler/com.sun.tools.javac.tree.JCTree$JCClassDecl.accept(JCTree.java:860)
  	at jdk.compiler/com.sun.source.util.TreePathScanner.scan(TreePathScanner.java:60)
  	at org.checkerframework.framework.source.SourceVisitor.visit(SourceVisitor.java:91)
  	at org.checkerframework.framework.source.SourceChecker.typeProcess(SourceChecker.java:1409)
  	at org.checkerframework.framework.source.SourceChecker.typeProcess(SourceChecker.java:1324)
  	at org.checkerframework.javacutil.AbstractTypeProcessor$AttributionTaskListener.finished(AbstractTypeProcessor.java:193)
  	at jdk.compiler/com.sun.tools.javac.api.ClientCodeWrapper$WrappedTaskListener.finished(ClientCodeWrapper.java:854)
  	at jdk.compiler/com.sun.tools.javac.api.MultiTaskListener.finished(MultiTaskListener.java:132)
  	at jdk.compiler/com.sun.tools.javac.main.JavaCompiler.flow(JavaCompiler.java:1397)
  	at jdk.compiler/com.sun.tools.javac.main.JavaCompiler.flow(JavaCompiler.java:1354)
  	at jdk.compiler/com.sun.tools.javac.main.JavaCompiler.compile(JavaCompiler.java:946)
  	at jdk.compiler/com.sun.tools.javac.main.Main.compile(Main.java:317)
  	at jdk.compiler/com.sun.tools.javac.main.Main.compile(Main.java:176)
  	at jdk.compiler/com.sun.tools.javac.Main.compile(Main.java:64)
  	at jdk.compiler/com.sun.tools.javac.Main.main(Main.java:50)
error: getElementValueArray(@org.checkerframework.framework.qual.Covariant({0}), value(), ...)
  ; The Checker Framework crashed.  Please report the crash.  Version: Checker Framework 3.49.1-eisop2-SNAPSHOT, branch pico-move-hack, 2025-04-15, commit 3e4c231, dirty=true. 
  Checker: class org.checkerframework.checker.pico.PICONoInitSubchecker
  Visitor: class org.checkerframework.checker.pico.PICONoInitVisitor
  Compilation unit: ../jdk/src/java.base/share/classes/java/util/EnumSet.java
  Last visited tree at line 82 column 1:
  @AnnotatedFor({"index", "initialization", "nullness"})
  Exception: java.lang.Throwable; java.lang.Throwable
  	at org.checkerframework.javacutil.BugInCF.<init>(BugInCF.java:39)
  	at org.checkerframework.javacutil.AnnotationUtils.getElementValueArray(AnnotationUtils.java:1119)
  	at org.checkerframework.framework.type.DefaultTypeHierarchy.getCovariantArgIndexes(DefaultTypeHierarchy.java:651)
  	at org.checkerframework.framework.type.DefaultTypeHierarchy.visitTypeArgs(DefaultTypeHierarchy.java:614)
  	at org.checkerframework.framework.type.DefaultTypeHierarchy.visitDeclared_Declared(DefaultTypeHierarchy.java:565)
  	at org.checkerframework.framework.type.DefaultTypeHierarchy.visitDeclared_Declared(DefaultTypeHierarchy.java:51)
  	at org.checkerframework.framework.util.AtmCombo.accept(AtmCombo.java:315)
  	at org.checkerframework.framework.type.DefaultTypeHierarchy.isSubtype(DefaultTypeHierarchy.java:264)
  	at org.checkerframework.framework.type.DefaultTypeHierarchy.isSubtypeCaching(DefaultTypeHierarchy.java:320)
  	at org.checkerframework.framework.type.DefaultTypeHierarchy.visitTypevar_Type(DefaultTypeHierarchy.java:1241)
  	at org.checkerframework.framework.type.DefaultTypeHierarchy.visitTypevar_Declared(DefaultTypeHierarchy.java:959)
  	at org.checkerframework.framework.type.DefaultTypeHierarchy.visitTypevar_Declared(DefaultTypeHierarchy.java:51)
  	at org.checkerframework.framework.util.AtmCombo.accept(AtmCombo.java:639)
  	at org.checkerframework.framework.type.DefaultTypeHierarchy.isSubtype(DefaultTypeHierarchy.java:264)
  	at org.checkerframework.framework.type.DefaultTypeHierarchy.isSubtype(DefaultTypeHierarchy.java:140)
  	at org.checkerframework.common.basetype.BaseTypeVisitor.commonAssignmentCheck(BaseTypeVisitor.java:3402)
  	at org.checkerframework.checker.pico.PICONoInitVisitor.commonAssignmentCheck(PICONoInitVisitor.java:560)
  	at org.checkerframework.common.basetype.BaseTypeVisitor.checkTypeArguments(BaseTypeVisitor.java:3769)
  	at org.checkerframework.common.basetype.BaseTypeValidator.visitParameterizedType(BaseTypeValidator.java:572)
  	at org.checkerframework.common.basetype.BaseTypeValidator.visitDeclared(BaseTypeValidator.java:351)
  	at org.checkerframework.checker.pico.PICOValidator.visitDeclared(PICOValidator.java:57)
  	at org.checkerframework.checker.pico.PICOValidator.visitDeclared(PICOValidator.java:32)
  	at org.checkerframework.framework.type.AnnotatedTypeMirror$AnnotatedDeclaredType.accept(AnnotatedTypeMirror.java:1055)
  	at org.checkerframework.framework.type.visitor.AnnotatedTypeScanner.scan(AnnotatedTypeScanner.java:207)
  	at org.checkerframework.common.basetype.BaseTypeValidator.visitTypeParameterBounds(BaseTypeValidator.java:413)
  	at org.checkerframework.common.basetype.BaseTypeValidator.visitTypeVariable(BaseTypeValidator.java:682)
  	at org.checkerframework.common.basetype.BaseTypeValidator.visitTypeVariable(BaseTypeValidator.java:65)
  	at org.checkerframework.framework.type.AnnotatedTypeMirror$AnnotatedTypeVariable.accept(AnnotatedTypeMirror.java:1947)
  	at org.checkerframework.framework.type.visitor.AnnotatedTypeScanner.scan(AnnotatedTypeScanner.java:207)
  	at org.checkerframework.common.basetype.BaseTypeValidator.visitClassTypeParameters(BaseTypeValidator.java:399)
  	at org.checkerframework.common.basetype.BaseTypeValidator.visitDeclared(BaseTypeValidator.java:327)
  	at org.checkerframework.checker.pico.PICOValidator.visitDeclared(PICOValidator.java:57)
  	at org.checkerframework.checker.pico.PICOValidator.visitDeclared(PICOValidator.java:32)
  	at org.checkerframework.framework.type.AnnotatedTypeMirror$AnnotatedDeclaredType.accept(AnnotatedTypeMirror.java:1055)
  	at org.checkerframework.framework.type.visitor.AnnotatedTypeScanner.scan(AnnotatedTypeScanner.java:207)
  	at org.checkerframework.framework.type.visitor.AnnotatedTypeScanner.visit(AnnotatedTypeScanner.java:195)
  	at org.checkerframework.common.basetype.BaseTypeValidator.isValid(BaseTypeValidator.java:124)
  	at org.checkerframework.common.basetype.BaseTypeVisitor.validateType(BaseTypeVisitor.java:5211)
  	at org.checkerframework.common.basetype.BaseTypeVisitor.processClassTree(BaseTypeVisitor.java:621)
  	at org.checkerframework.checker.pico.PICONoInitVisitor.processClassTree(PICONoInitVisitor.java:489)
  	at org.checkerframework.common.basetype.BaseTypeVisitor.visitClass(BaseTypeVisitor.java:598)
  	at org.checkerframework.common.basetype.BaseTypeVisitor.visitClass(BaseTypeVisitor.java:197)
  	at jdk.compiler/com.sun.tools.javac.tree.JCTree$JCClassDecl.accept(JCTree.java:860)
  	at jdk.compiler/com.sun.source.util.TreePathScanner.scan(TreePathScanner.java:60)
  	at org.checkerframework.framework.source.SourceVisitor.visit(SourceVisitor.java:91)
  	at org.checkerframework.framework.source.SourceChecker.typeProcess(SourceChecker.java:1409)
  	at org.checkerframework.framework.source.SourceChecker.typeProcess(SourceChecker.java:1324)
  	at org.checkerframework.javacutil.AbstractTypeProcessor$AttributionTaskListener.finished(AbstractTypeProcessor.java:193)
  	at jdk.compiler/com.sun.tools.javac.api.ClientCodeWrapper$WrappedTaskListener.finished(ClientCodeWrapper.java:854)
  	at jdk.compiler/com.sun.tools.javac.api.MultiTaskListener.finished(MultiTaskListener.java:132)
  	at jdk.compiler/com.sun.tools.javac.main.JavaCompiler.flow(JavaCompiler.java:1397)
  	at jdk.compiler/com.sun.tools.javac.main.JavaCompiler.flow(JavaCompiler.java:1354)
  	at jdk.compiler/com.sun.tools.javac.main.JavaCompiler.compile(JavaCompiler.java:946)
  	at jdk.compiler/com.sun.tools.javac.main.Main.compile(Main.java:317)
  	at jdk.compiler/com.sun.tools.javac.main.Main.compile(Main.java:176)
  	at jdk.compiler/com.sun.tools.javac.Main.compile(Main.java:64)
  	at jdk.compiler/com.sun.tools.javac.Main.main(Main.java:50)
../jdk/src/java.base/share/classes/java/util/GregorianCalendar.java:3270: error: [argument.type.incompatible] incompatible argument for parameter arg0 of ZonedDateTime.get.
                                              zdt.get(ChronoField.MILLI_OF_SECOND)));
                                                                 ^
  found   : @Immutable ChronoField
  required: @Mutable TemporalField
../jdk/src/java.base/share/classes/java/util/GregorianCalendar.java:3272: error: [argument.type.incompatible] incompatible argument for parameter arg0 of IllegalArgumentException constructor.
            throw new IllegalArgumentException(ex);
                                               ^
  found   : @Readonly ArithmeticException
  required: @Mutable Throwable
../jdk/src/java.base/share/classes/java/util/HexFormat.java:405: error: [argument.type.incompatible] incompatible argument for parameter arg0 of Appendable.append.
                out.append(prefix);
                           ^
  found   : @Immutable String
  required: @Mutable CharSequence
../jdk/src/java.base/share/classes/java/util/HexFormat.java:413: error: [argument.type.incompatible] incompatible argument for parameter arg0 of Appendable.append.
                        out.append(between);
                                   ^
  found   : @Immutable String
  required: @Mutable CharSequence
../jdk/src/java.base/share/classes/java/util/HexFormat.java:417: error: [argument.type.incompatible] incompatible argument for parameter arg0 of Appendable.append.
                out.append(suffix);
                           ^
  found   : @Immutable String
  required: @Mutable CharSequence
../jdk/src/java.base/share/classes/java/util/HexFormat.java:419: error: [method.invocation.invalid] call to getMessage() not allowed on the given receiver.
                throw new UncheckedIOException(ioe.getMessage(), ioe);
                                                             ^
  found   : @Readonly IOException
  required: @Mutable Throwable
../jdk/src/java.base/share/classes/java/util/HexFormat.java:419: error: [argument.type.incompatible] incompatible argument for parameter arg1 of UncheckedIOException constructor.
                throw new UncheckedIOException(ioe.getMessage(), ioe);
                                                                 ^
  found   : @Readonly IOException
  required: @Mutable IOException
../jdk/src/java.base/share/classes/java/util/HexFormat.java:470: error: [argument.type.incompatible] incompatible argument for parameter detailMessage of AssertionError constructor.
            throw new AssertionError(cce);
                                     ^
  found   : @Readonly CharacterCodingException
  required: @Mutable Object
../jdk/src/java.base/share/classes/java/util/HexFormat.java:619: error: [argument.type.incompatible] incompatible argument for parameter target of String.replace.
        return string.replace("\n", "\\n")
                              ^
  found   : @Immutable String
  required: @Mutable CharSequence
../jdk/src/java.base/share/classes/java/util/HexFormat.java:619: error: [argument.type.incompatible] incompatible argument for parameter replacement of String.replace.
        return string.replace("\n", "\\n")
                                    ^
  found   : @Immutable String
  required: @Mutable CharSequence
../jdk/src/java.base/share/classes/java/util/HexFormat.java:620: error: [argument.type.incompatible] incompatible argument for parameter target of String.replace.
                .replace("\r", "\\r");
                         ^
  found   : @Immutable String
  required: @Mutable CharSequence
../jdk/src/java.base/share/classes/java/util/HexFormat.java:620: error: [argument.type.incompatible] incompatible argument for parameter replacement of String.replace.
                .replace("\r", "\\r");
                               ^
  found   : @Immutable String
  required: @Mutable CharSequence
../jdk/src/java.base/share/classes/java/util/HexFormat.java:671: error: [method.invocation.invalid] call to getMessage() not allowed on the given receiver.
            throw new UncheckedIOException(ioe.getMessage(), ioe);
                                                         ^
  found   : @Readonly IOException
  required: @Mutable Throwable
../jdk/src/java.base/share/classes/java/util/HexFormat.java:671: error: [argument.type.incompatible] incompatible argument for parameter arg1 of UncheckedIOException constructor.
            throw new UncheckedIOException(ioe.getMessage(), ioe);
                                                             ^
  found   : @Readonly IOException
  required: @Mutable IOException
../jdk/src/java.base/share/classes/java/util/HexFormat.java:691: error: [argument.type.incompatible] incompatible argument for parameter detailMessage of AssertionError constructor.
            throw new AssertionError(cce);
                                     ^
  found   : @Readonly CharacterCodingException
  required: @Mutable Object
../jdk/src/java.base/share/classes/java/util/HexFormat.java:727: error: [argument.type.incompatible] incompatible argument for parameter detailMessage of AssertionError constructor.
            throw new AssertionError(cce);
                                     ^
  found   : @Readonly CharacterCodingException
  required: @Mutable Object
../jdk/src/java.base/share/classes/java/util/HexFormat.java:755: error: [argument.type.incompatible] incompatible argument for parameter detailMessage of AssertionError constructor.
            throw new AssertionError(cce);
                                     ^
  found   : @Readonly CharacterCodingException
  required: @Mutable Object
../jdk/src/java.base/share/classes/java/util/HexFormat.java:791: error: [argument.type.incompatible] incompatible argument for parameter detailMessage of AssertionError constructor.
            throw new AssertionError(cce);
                                     ^
  found   : @Readonly CharacterCodingException
  required: @Mutable Object
../jdk/src/java.base/share/classes/java/util/HexFormat.java:819: error: [argument.type.incompatible] incompatible argument for parameter detailMessage of AssertionError constructor.
            throw new AssertionError(cce);
                                     ^
  found   : @Readonly CharacterCodingException
  required: @Mutable Object
../jdk/src/java.base/share/classes/java/util/HexFormat.java:1056: error: [argument.type.incompatible] incompatible argument for parameter anObject of String.equals.
                delimiter.equals(otherHex.delimiter) &&
                                         ^
  found   : @Immutable String
  required: @Mutable Object
../jdk/src/java.base/share/classes/java/util/HexFormat.java:1057: error: [argument.type.incompatible] incompatible argument for parameter anObject of String.equals.
                prefix.equals(otherHex.prefix) &&
                                      ^
  found   : @Immutable String
  required: @Mutable Object
../jdk/src/java.base/share/classes/java/util/HexFormat.java:1058: error: [argument.type.incompatible] incompatible argument for parameter anObject of String.equals.
                suffix.equals(otherHex.suffix);
                                      ^
  found   : @Immutable String
  required: @Mutable Object
../jdk/src/java.base/share/classes/java/util/HexFormat.java:1068: error: [argument.type.incompatible] incompatible argument for parameter values of Objects.hash.
        int result = Objects.hash(delimiter, prefix, suffix);
                                  ^
  found   : @Immutable String
  required: @Mutable Object
../jdk/src/java.base/share/classes/java/util/HexFormat.java:1068: error: [argument.type.incompatible] incompatible argument for parameter values of Objects.hash.
        int result = Objects.hash(delimiter, prefix, suffix);
                                             ^
  found   : @Immutable String
  required: @Mutable Object
../jdk/src/java.base/share/classes/java/util/HexFormat.java:1068: error: [argument.type.incompatible] incompatible argument for parameter values of Objects.hash.
        int result = Objects.hash(delimiter, prefix, suffix);
                                                     ^
  found   : @Immutable String
  required: @Mutable Object
error: getElementValue(@org.checkerframework.framework.qual.QualifierArgument("value"), value(), ...)
  ; The Checker Framework crashed.  Please report the crash.  Version: Checker Framework 3.49.1-eisop2-SNAPSHOT, branch pico-move-hack, 2025-04-15, commit 3e4c231, dirty=true. 
  Checker: class org.checkerframework.checker.pico.PICONoInitSubchecker
  Visitor: class org.checkerframework.checker.pico.PICONoInitVisitor
  Compilation unit: ../jdk/src/java.base/share/classes/java/util/IdentityHashMap.java
  Last visited tree at line 534 column 13:
              put(e.getKey(), e.getValue());
  Exception: org.checkerframework.javacutil.BugInCF: getElementValue(@org.checkerframework.framework.qual.QualifierArgument("value"), value(), ...); org.checkerframework.javacutil.BugInCF: getElementValue(@org.checkerframework.framework.qual.QualifierArgument("value"), value(), ...)
  	at org.checkerframework.javacutil.AnnotationUtils.getElementValue(AnnotationUtils.java:910)
  	at org.checkerframework.framework.util.DefaultContractsFromMethod.makeArgumentRenaming(DefaultContractsFromMethod.java:330)
  	at org.checkerframework.framework.util.DefaultContractsFromMethod.getQualifierEnforcedByContractAnnotation(DefaultContractsFromMethod.java:255)
  	at org.checkerframework.framework.util.DefaultContractsFromMethod.getContractsOfKind(DefaultContractsFromMethod.java:164)
  	at org.checkerframework.framework.util.DefaultContractsFromMethod.getPostconditions(DefaultContractsFromMethod.java:97)
  	at org.checkerframework.framework.flow.CFAbstractTransfer.processPostconditions(CFAbstractTransfer.java:1268)
  	at org.checkerframework.framework.flow.CFAbstractTransfer.visitMethodInvocation(CFAbstractTransfer.java:1154)
  	at org.checkerframework.framework.flow.CFAbstractTransfer.visitMethodInvocation(CFAbstractTransfer.java:104)
  	at org.checkerframework.dataflow.cfg.node.MethodInvocationNode.accept(MethodInvocationNode.java:156)
  	at org.checkerframework.dataflow.analysis.AbstractAnalysis.callTransferFunction(AbstractAnalysis.java:389)
  	at org.checkerframework.dataflow.analysis.ForwardAnalysisImpl.callTransferFunction(ForwardAnalysisImpl.java:393)
  	at org.checkerframework.framework.flow.CFAbstractAnalysis.callTransferFunction(CFAbstractAnalysis.java:245)
  	at org.checkerframework.dataflow.analysis.ForwardAnalysisImpl.performAnalysisBlock(ForwardAnalysisImpl.java:157)
  	at org.checkerframework.dataflow.analysis.ForwardAnalysisImpl.performAnalysis(ForwardAnalysisImpl.java:110)
  	at org.checkerframework.framework.flow.CFAbstractAnalysis.performAnalysis(CFAbstractAnalysis.java:154)
  	at org.checkerframework.framework.type.GenericAnnotatedTypeFactory.analyze(GenericAnnotatedTypeFactory.java:1628)
  	at org.checkerframework.framework.type.GenericAnnotatedTypeFactory.performFlowAnalysis(GenericAnnotatedTypeFactory.java:1517)
  	at org.checkerframework.framework.type.GenericAnnotatedTypeFactory.checkAndPerformFlowAnalysis(GenericAnnotatedTypeFactory.java:2132)
  	at org.checkerframework.framework.type.GenericAnnotatedTypeFactory.preProcessClassTree(GenericAnnotatedTypeFactory.java:451)
  	at org.checkerframework.common.basetype.BaseTypeVisitor.visitClass(BaseTypeVisitor.java:588)
  	at org.checkerframework.common.basetype.BaseTypeVisitor.visitClass(BaseTypeVisitor.java:197)
  	at jdk.compiler/com.sun.tools.javac.tree.JCTree$JCClassDecl.accept(JCTree.java:860)
  	at jdk.compiler/com.sun.source.util.TreePathScanner.scan(TreePathScanner.java:60)
  	at org.checkerframework.framework.source.SourceVisitor.visit(SourceVisitor.java:91)
  	at org.checkerframework.framework.source.SourceChecker.typeProcess(SourceChecker.java:1409)
  	at org.checkerframework.framework.source.SourceChecker.typeProcess(SourceChecker.java:1324)
  	at org.checkerframework.javacutil.AbstractTypeProcessor$AttributionTaskListener.finished(AbstractTypeProcessor.java:193)
  	at jdk.compiler/com.sun.tools.javac.api.ClientCodeWrapper$WrappedTaskListener.finished(ClientCodeWrapper.java:854)
  	at jdk.compiler/com.sun.tools.javac.api.MultiTaskListener.finished(MultiTaskListener.java:132)
  	at jdk.compiler/com.sun.tools.javac.main.JavaCompiler.flow(JavaCompiler.java:1397)
  	at jdk.compiler/com.sun.tools.javac.main.JavaCompiler.flow(JavaCompiler.java:1354)
  	at jdk.compiler/com.sun.tools.javac.main.JavaCompiler.compile(JavaCompiler.java:946)
  	at jdk.compiler/com.sun.tools.javac.main.Main.compile(Main.java:317)
  	at jdk.compiler/com.sun.tools.javac.main.Main.compile(Main.java:176)
  	at jdk.compiler/com.sun.tools.javac.Main.compile(Main.java:64)
  	at jdk.compiler/com.sun.tools.javac.Main.main(Main.java:50)
  Caused by: java.lang.Throwable
  	at org.checkerframework.javacutil.BugInCF.<init>(BugInCF.java:39)
  	... 36 more
  
  Underlying Exception: java.lang.Throwable; java.lang.Throwable
  	at org.checkerframework.javacutil.BugInCF.<init>(BugInCF.java:39)
  	at org.checkerframework.javacutil.AnnotationUtils.getElementValue(AnnotationUtils.java:910)
  	at org.checkerframework.framework.util.DefaultContractsFromMethod.makeArgumentRenaming(DefaultContractsFromMethod.java:330)
  	at org.checkerframework.framework.util.DefaultContractsFromMethod.getQualifierEnforcedByContractAnnotation(DefaultContractsFromMethod.java:255)
  	at org.checkerframework.framework.util.DefaultContractsFromMethod.getContractsOfKind(DefaultContractsFromMethod.java:164)
  	at org.checkerframework.framework.util.DefaultContractsFromMethod.getPostconditions(DefaultContractsFromMethod.java:97)
  	at org.checkerframework.framework.flow.CFAbstractTransfer.processPostconditions(CFAbstractTransfer.java:1268)
  	at org.checkerframework.framework.flow.CFAbstractTransfer.visitMethodInvocation(CFAbstractTransfer.java:1154)
  	at org.checkerframework.framework.flow.CFAbstractTransfer.visitMethodInvocation(CFAbstractTransfer.java:104)
  	at org.checkerframework.dataflow.cfg.node.MethodInvocationNode.accept(MethodInvocationNode.java:156)
  	at org.checkerframework.dataflow.analysis.AbstractAnalysis.callTransferFunction(AbstractAnalysis.java:389)
  	at org.checkerframework.dataflow.analysis.ForwardAnalysisImpl.callTransferFunction(ForwardAnalysisImpl.java:393)
  	at org.checkerframework.framework.flow.CFAbstractAnalysis.callTransferFunction(CFAbstractAnalysis.java:245)
  	at org.checkerframework.dataflow.analysis.ForwardAnalysisImpl.performAnalysisBlock(ForwardAnalysisImpl.java:157)
  	at org.checkerframework.dataflow.analysis.ForwardAnalysisImpl.performAnalysis(ForwardAnalysisImpl.java:110)
  	at org.checkerframework.framework.flow.CFAbstractAnalysis.performAnalysis(CFAbstractAnalysis.java:154)
  	at org.checkerframework.framework.type.GenericAnnotatedTypeFactory.analyze(GenericAnnotatedTypeFactory.java:1628)
  	at org.checkerframework.framework.type.GenericAnnotatedTypeFactory.performFlowAnalysis(GenericAnnotatedTypeFactory.java:1517)
  	at org.checkerframework.framework.type.GenericAnnotatedTypeFactory.checkAndPerformFlowAnalysis(GenericAnnotatedTypeFactory.java:2132)
  	at org.checkerframework.framework.type.GenericAnnotatedTypeFactory.preProcessClassTree(GenericAnnotatedTypeFactory.java:451)
  	at org.checkerframework.common.basetype.BaseTypeVisitor.visitClass(BaseTypeVisitor.java:588)
  	at org.checkerframework.common.basetype.BaseTypeVisitor.visitClass(BaseTypeVisitor.java:197)
  	at jdk.compiler/com.sun.tools.javac.tree.JCTree$JCClassDecl.accept(JCTree.java:860)
  	at jdk.compiler/com.sun.source.util.TreePathScanner.scan(TreePathScanner.java:60)
  	at org.checkerframework.framework.source.SourceVisitor.visit(SourceVisitor.java:91)
  	at org.checkerframework.framework.source.SourceChecker.typeProcess(SourceChecker.java:1409)
  	at org.checkerframework.framework.source.SourceChecker.typeProcess(SourceChecker.java:1324)
  	at org.checkerframework.javacutil.AbstractTypeProcessor$AttributionTaskListener.finished(AbstractTypeProcessor.java:193)
  	at jdk.compiler/com.sun.tools.javac.api.ClientCodeWrapper$WrappedTaskListener.finished(ClientCodeWrapper.java:854)
  	at jdk.compiler/com.sun.tools.javac.api.MultiTaskListener.finished(MultiTaskListener.java:132)
  	at jdk.compiler/com.sun.tools.javac.main.JavaCompiler.flow(JavaCompiler.java:1397)
  	at jdk.compiler/com.sun.tools.javac.main.JavaCompiler.flow(JavaCompiler.java:1354)
  	at jdk.compiler/com.sun.tools.javac.main.JavaCompiler.compile(JavaCompiler.java:946)
  	at jdk.compiler/com.sun.tools.javac.main.Main.compile(Main.java:317)
  	at jdk.compiler/com.sun.tools.javac.main.Main.compile(Main.java:176)
  	at jdk.compiler/com.sun.tools.javac.Main.compile(Main.java:64)
  	at jdk.compiler/com.sun.tools.javac.Main.main(Main.java:50)
../jdk/src/java.base/share/classes/java/util/IllegalFormatArgumentIndexException.java:69: error: [argument.type.incompatible] incompatible argument for parameter args of String.format.
        return String.format("Illegal format argument index = %d", getIndex());
                                                                           ^
  found   : @Immutable int
  required: @Mutable Object
../jdk/src/java.base/share/classes/java/util/IllegalFormatCodePointException.java:68: error: [argument.type.incompatible] incompatible argument for parameter args of String.format.
        return String.format("Code point = %#x", c);
                                                 ^
  found   : @Immutable int
  required: @Mutable Object
../jdk/src/java.base/share/classes/java/util/IllegalFormatConversionException.java:83: error: [argument.type.incompatible] incompatible argument for parameter args of String.format.
        return String.format("%c != %s", c, arg.getName());
                                         ^
  found   : @Immutable char
  required: @Mutable Object
../jdk/src/java.base/share/classes/java/util/IllegalFormatConversionException.java:83: error: [argument.type.incompatible] incompatible argument for parameter args of String.format.
        return String.format("%c != %s", c, arg.getName());
                                                       ^
  found   : @Immutable String
  required: @Mutable Object
error: getElementValue(@org.checkerframework.framework.qual.QualifierArgument("value"), value(), ...)
  ; The Checker Framework crashed.  Please report the crash.  Version: Checker Framework 3.49.1-eisop2-SNAPSHOT, branch pico-move-hack, 2025-04-15, commit 3e4c231, dirty=true. 
  Checker: class org.checkerframework.checker.pico.PICONoInitSubchecker
  Visitor: class org.checkerframework.checker.pico.PICONoInitVisitor
  Compilation unit: ../jdk/src/java.base/share/classes/java/util/ImmutableCollections.java
  Last visited tree at line 1106 column 9:
          @Override public V put(K key, V value) { throw uoe(); }
  Exception: java.lang.Throwable; java.lang.Throwable
  	at org.checkerframework.javacutil.BugInCF.<init>(BugInCF.java:39)
  	at org.checkerframework.javacutil.AnnotationUtils.getElementValue(AnnotationUtils.java:910)
  	at org.checkerframework.framework.util.DefaultContractsFromMethod.makeArgumentRenaming(DefaultContractsFromMethod.java:330)
  	at org.checkerframework.framework.util.DefaultContractsFromMethod.getQualifierEnforcedByContractAnnotation(DefaultContractsFromMethod.java:255)
  	at org.checkerframework.framework.util.DefaultContractsFromMethod.getContractsOfKind(DefaultContractsFromMethod.java:164)
  	at org.checkerframework.framework.util.DefaultContractsFromMethod.getPostconditions(DefaultContractsFromMethod.java:97)
  	at org.checkerframework.framework.util.DefaultContractsFromMethod.getContracts(DefaultContractsFromMethod.java:72)
  	at org.checkerframework.common.basetype.BaseTypeVisitor.checkContractsAtMethodDeclaration(BaseTypeVisitor.java:1390)
  	at org.checkerframework.common.basetype.BaseTypeVisitor.processMethodTree(BaseTypeVisitor.java:1098)
  	at org.checkerframework.checker.pico.PICONoInitVisitor.processMethodTree(PICONoInitVisitor.java:210)
  	at org.checkerframework.common.basetype.BaseTypeVisitor.visitMethod(BaseTypeVisitor.java:1011)
  	at org.checkerframework.common.basetype.BaseTypeVisitor.visitMethod(BaseTypeVisitor.java:197)
  	at jdk.compiler/com.sun.tools.javac.tree.JCTree$JCMethodDecl.accept(JCTree.java:953)
  	at jdk.compiler/com.sun.source.util.TreePathScanner.scan(TreePathScanner.java:86)
  	at org.checkerframework.framework.source.SourceVisitor.scan(SourceVisitor.java:97)
  	at org.checkerframework.common.basetype.BaseTypeVisitor.scan(BaseTypeVisitor.java:439)
  	at org.checkerframework.common.basetype.BaseTypeVisitor.scan(BaseTypeVisitor.java:197)
  	at jdk.compiler/com.sun.source.util.TreeScanner.scanAndReduce(TreeScanner.java:96)
  	at jdk.compiler/com.sun.source.util.TreeScanner.scan(TreeScanner.java:111)
  	at jdk.compiler/com.sun.source.util.TreeScanner.scanAndReduce(TreeScanner.java:119)
  	at jdk.compiler/com.sun.source.util.TreeScanner.visitClass(TreeScanner.java:203)
  	at org.checkerframework.framework.source.SourceVisitor.visitClass(SourceVisitor.java:103)
  	at org.checkerframework.common.basetype.BaseTypeVisitor.processClassTree(BaseTypeVisitor.java:643)
  	at org.checkerframework.checker.pico.PICONoInitVisitor.processClassTree(PICONoInitVisitor.java:489)
  	at org.checkerframework.common.basetype.BaseTypeVisitor.visitClass(BaseTypeVisitor.java:598)
  	at org.checkerframework.common.basetype.BaseTypeVisitor.visitClass(BaseTypeVisitor.java:197)
  	at jdk.compiler/com.sun.tools.javac.tree.JCTree$JCClassDecl.accept(JCTree.java:860)
  	at jdk.compiler/com.sun.source.util.TreePathScanner.scan(TreePathScanner.java:86)
  	at org.checkerframework.framework.source.SourceVisitor.scan(SourceVisitor.java:97)
  	at org.checkerframework.common.basetype.BaseTypeVisitor.scan(BaseTypeVisitor.java:439)
  	at org.checkerframework.common.basetype.BaseTypeVisitor.scan(BaseTypeVisitor.java:197)
  	at jdk.compiler/com.sun.source.util.TreeScanner.scanAndReduce(TreeScanner.java:96)
  	at jdk.compiler/com.sun.source.util.TreeScanner.scan(TreeScanner.java:111)
  	at jdk.compiler/com.sun.source.util.TreeScanner.scanAndReduce(TreeScanner.java:119)
  	at jdk.compiler/com.sun.source.util.TreeScanner.visitClass(TreeScanner.java:203)
  	at org.checkerframework.framework.source.SourceVisitor.visitClass(SourceVisitor.java:103)
  	at org.checkerframework.common.basetype.BaseTypeVisitor.processClassTree(BaseTypeVisitor.java:643)
  	at org.checkerframework.checker.pico.PICONoInitVisitor.processClassTree(PICONoInitVisitor.java:489)
  	at org.checkerframework.common.basetype.BaseTypeVisitor.visitClass(BaseTypeVisitor.java:598)
  	at org.checkerframework.common.basetype.BaseTypeVisitor.visitClass(BaseTypeVisitor.java:197)
  	at jdk.compiler/com.sun.tools.javac.tree.JCTree$JCClassDecl.accept(JCTree.java:860)
  	at jdk.compiler/com.sun.source.util.TreePathScanner.scan(TreePathScanner.java:60)
  	at org.checkerframework.framework.source.SourceVisitor.visit(SourceVisitor.java:91)
  	at org.checkerframework.framework.source.SourceChecker.typeProcess(SourceChecker.java:1409)
  	at org.checkerframework.framework.source.SourceChecker.typeProcess(SourceChecker.java:1324)
  	at org.checkerframework.javacutil.AbstractTypeProcessor$AttributionTaskListener.finished(AbstractTypeProcessor.java:193)
  	at jdk.compiler/com.sun.tools.javac.api.ClientCodeWrapper$WrappedTaskListener.finished(ClientCodeWrapper.java:854)
  	at jdk.compiler/com.sun.tools.javac.api.MultiTaskListener.finished(MultiTaskListener.java:132)
  	at jdk.compiler/com.sun.tools.javac.main.JavaCompiler.flow(JavaCompiler.java:1397)
  	at jdk.compiler/com.sun.tools.javac.main.JavaCompiler.flow(JavaCompiler.java:1354)
  	at jdk.compiler/com.sun.tools.javac.main.JavaCompiler.compile(JavaCompiler.java:946)
  	at jdk.compiler/com.sun.tools.javac.main.Main.compile(Main.java:317)
  	at jdk.compiler/com.sun.tools.javac.main.Main.compile(Main.java:176)
  	at jdk.compiler/com.sun.tools.javac.Main.compile(Main.java:64)
  	at jdk.compiler/com.sun.tools.javac.Main.main(Main.java:50)
../jdk/src/java.base/share/classes/java/util/ImmutableCollections.java:323: error: [argument.type.incompatible] incompatible argument for parameter a of Objects.equals.
                if (!oit.hasNext() || !Objects.equals(get(i), oit.next())) {
                                                         ^
  found   : E extends @Readonly Object
  required: @Mutable Object
../jdk/src/java.base/share/classes/java/util/ImmutableCollections.java:323: error: [argument.type.incompatible] incompatible argument for parameter b of Objects.equals.
                if (!oit.hasNext() || !Objects.equals(get(i), oit.next())) {
                                                                      ^
  found   : @Readonly Object
  required: @Mutable Object
../jdk/src/java.base/share/classes/java/util/ImmutableCollections.java:334: error: [argument.type.incompatible] incompatible argument for parameter o of Objects.hashCode.
                hash = 31 * hash + Objects.hashCode(get(i));
                                                       ^
  found   : E extends @Readonly Object
  required: @Mutable Object
../jdk/src/java.base/share/classes/java/util/ImmutableCollections.java:517: error: [argument.type.incompatible] incompatible argument for parameter b of Objects.equals.
                if (Objects.equals(o, get(i))) {
                                         ^
  found   : E extends @Readonly Object
  required: @Mutable Object
../jdk/src/java.base/share/classes/java/util/ImmutableCollections.java:530: error: [argument.type.incompatible] incompatible argument for parameter b of Objects.equals.
                if (Objects.equals(o, get(i))) {
                                         ^
  found   : E extends @Readonly Object
  required: @Mutable Object
../jdk/src/java.base/share/classes/java/util/ImmutableCollections.java:541: error: [assignment.type.incompatible] incompatible types in assignment.
                array[i] = get(i);
                              ^
  found   : E extends @Readonly Object
  required: @Mutable Object
../jdk/src/java.base/share/classes/java/util/ImmutableCollections.java:581: error: [assignment.type.incompatible] incompatible types in assignment.
            this.e1 = Objects.requireNonNull(e1);
                                            ^
  found   : E extends @Readonly Object
  required: @Mutable Object
../jdk/src/java.base/share/classes/java/util/ImmutableCollections.java:581: error: [type.arguments.not.inferred] Could not infer type arguments for Objects.requireNonNull
            this.e1 = Objects.requireNonNull(e1);
                                            ^
  unsatisfiable constraint: E extends @Readonly Object <: @Mutable Object
../jdk/src/java.base/share/classes/java/util/ImmutableCollections.java:610: error: [argument.type.incompatible] incompatible argument for parameter obj of Object.equals.
            if (o.equals(e0)) {
                         ^
  found   : E extends @Readonly Object
  required: @Mutable Object
../jdk/src/java.base/share/classes/java/util/ImmutableCollections.java:624: error: [argument.type.incompatible] incompatible argument for parameter obj of Object.equals.
            } else if (o.equals(e0)) {
                                ^
  found   : E extends @Readonly Object
  required: @Mutable Object
../jdk/src/java.base/share/classes/java/util/ImmutableCollections.java:639: error: [argument.type.incompatible] incompatible argument for parameter a of CollSer constructor.
                return new CollSer(CollSer.IMM_LIST, e0);
                                                     ^
  found   : E extends @Readonly Object
  required: @Mutable Object
../jdk/src/java.base/share/classes/java/util/ImmutableCollections.java:641: error: [argument.type.incompatible] incompatible argument for parameter a of CollSer constructor.
                return new CollSer(CollSer.IMM_LIST, e0, e1);
                                                     ^
  found   : E extends @Readonly Object
  required: @Mutable Object
../jdk/src/java.base/share/classes/java/util/ImmutableCollections.java:648: error: [array.initializer.type.incompatible] incompatible types in array initializer.
                return new Object[] { e0 };
                                      ^
  found   : E extends @Readonly Object
  required: @Mutable Object
../jdk/src/java.base/share/classes/java/util/ImmutableCollections.java:650: error: [array.initializer.type.incompatible] incompatible types in array initializer.
                return new Object[] { e0, e1 };
                                      ^
  found   : E extends @Readonly Object
  required: @Mutable Object
../jdk/src/java.base/share/classes/java/util/ImmutableCollections.java:712: error: [argument.type.incompatible] incompatible argument for parameter a of CollSer constructor.
            return new CollSer(allowNulls ? CollSer.IMM_LIST_NULLS : CollSer.IMM_LIST, elements);
                                                                                       ^
  found   : E extends @Readonly Object @Mutable []
  required: @Mutable Object @Mutable []
../jdk/src/java.base/share/classes/java/util/ImmutableCollections.java:717: error: [return.type.incompatible] incompatible types in return.
            return Arrays.copyOf(elements, elements.length);
                                ^
  type of expression: E extends @Readonly Object @Mutable []
  method return type: @Mutable Object @Mutable []
../jdk/src/java.base/share/classes/java/util/ImmutableCollections.java:717: error: [type.arguments.not.inferred] Could not infer type arguments for Arrays.copyOf
            return Arrays.copyOf(elements, elements.length);
                                ^
  unsatisfiable constraint: E extends @Readonly Object <: @Mutable Object
../jdk/src/java.base/share/classes/java/util/ImmutableCollections.java:740: error: [assignment.type.incompatible] incompatible types in assignment.
            Object[] es = elements;
                          ^
  found   : E extends @Readonly Object @Mutable []
  required: @Mutable Object @Readonly []
../jdk/src/java.base/share/classes/java/util/ImmutableCollections.java:754: error: [assignment.type.incompatible] incompatible types in assignment.
            Object[] es = elements;
                          ^
  found   : E extends @Readonly Object @Mutable []
  required: @Mutable Object @Readonly []
../jdk/src/java.base/share/classes/java/util/ImmutableCollections.java:783: error: [argument.type.incompatible] incompatible argument for parameter o of AbstractCollection.contains.
                if (e == null || !contains(e)) {
                                           ^
  found   : @Readonly Object
  required: @Mutable Object
../jdk/src/java.base/share/classes/java/util/ImmutableCollections.java:812: error: [method.invocation.invalid] call to equals(@org.checkerframework.checker.lock.qual.GuardSatisfied,@org.checkerframework.checker.nullness.qual.Nullable java.lang.Object) not allowed on the given receiver.
            if (e0.equals(Objects.requireNonNull(e1))) { // implicit nullcheck of e0
                         ^
  found   : E extends @Readonly Object
  required: @Mutable Object
../jdk/src/java.base/share/classes/java/util/ImmutableCollections.java:812: error: [argument.type.incompatible] incompatible argument for parameter obj of Object.equals.
            if (e0.equals(Objects.requireNonNull(e1))) { // implicit nullcheck of e0
                                                ^
  found   : E extends @Readonly Object
  required: @Mutable Object
../jdk/src/java.base/share/classes/java/util/ImmutableCollections.java:812: error: [type.arguments.not.inferred] Could not infer type arguments for Objects.requireNonNull
            if (e0.equals(Objects.requireNonNull(e1))) { // implicit nullcheck of e0
                                                ^
  unsatisfiable constraint: E extends @Readonly Object <: @Mutable Object
../jdk/src/java.base/share/classes/java/util/ImmutableCollections.java:817: error: [assignment.type.incompatible] incompatible types in assignment.
            this.e1 = e1;
                      ^
  found   : E extends @Readonly Object
  required: @Mutable Object
../jdk/src/java.base/share/classes/java/util/ImmutableCollections.java:836: error: [argument.type.incompatible] incompatible argument for parameter obj of Object.equals.
            return o.equals(e0) || e1.equals(o); // implicit nullcheck of o
                            ^
  found   : E extends @Readonly Object
  required: @Mutable Object
../jdk/src/java.base/share/classes/java/util/ImmutableCollections.java:841: error: [method.invocation.invalid] call to hashCode() not allowed on the given receiver.
            return e0.hashCode() + (e1 == EMPTY ? 0 : e1.hashCode());
                              ^
  found   : E extends @Readonly Object
  required: @Mutable Object
../jdk/src/java.base/share/classes/java/util/ImmutableCollections.java:880: error: [argument.type.incompatible] incompatible argument for parameter a of CollSer constructor.
                return new CollSer(CollSer.IMM_SET, e0);
                                                    ^
  found   : E extends @Readonly Object
  required: @Mutable Object
../jdk/src/java.base/share/classes/java/util/ImmutableCollections.java:882: error: [argument.type.incompatible] incompatible argument for parameter a of CollSer constructor.
                return new CollSer(CollSer.IMM_SET, e0, e1);
                                                    ^
  found   : E extends @Readonly Object
  required: @Mutable Object
../jdk/src/java.base/share/classes/java/util/ImmutableCollections.java:889: error: [array.initializer.type.incompatible] incompatible types in array initializer.
                return new Object[] { e0 };
                                      ^
  found   : E extends @Readonly Object
  required: @Mutable Object
../jdk/src/java.base/share/classes/java/util/ImmutableCollections.java:891: error: [array.initializer.type.incompatible] incompatible types in array initializer.
                return new Object[] { e1, e0 };
                                          ^
  found   : E extends @Readonly Object
  required: @Mutable Object
../jdk/src/java.base/share/classes/java/util/ImmutableCollections.java:893: error: [array.initializer.type.incompatible] incompatible types in array initializer.
                return new Object[] { e0, e1 };
                                      ^
  found   : E extends @Readonly Object
  required: @Mutable Object
../jdk/src/java.base/share/classes/java/util/ImmutableCollections.java:944: error: [argument.type.incompatible] incompatible argument for parameter pe of SetN.probe.
                int idx = probe(e); // implicit nullcheck of e
                                ^
  found   : E extends @Readonly Object
  required: @Mutable Object
../jdk/src/java.base/share/classes/java/util/ImmutableCollections.java:1030: error: [method.invocation.invalid] call to hashCode() not allowed on the given receiver.
                    h += e.hashCode();
                                   ^
  found   : E extends @Readonly Object
  required: @Mutable Object
../jdk/src/java.base/share/classes/java/util/ImmutableCollections.java:1046: error: [argument.type.incompatible] incompatible argument for parameter obj of Object.equals.
                } else if (pe.equals(ee)) {
                                     ^
  found   : E extends @Readonly Object
  required: @Mutable Object
../jdk/src/java.base/share/classes/java/util/ImmutableCollections.java:1065: error: [assignment.type.incompatible] incompatible types in assignment.
                    array[dest++] = o;
                                    ^
  found   : @Readonly Object
  required: @Mutable Object
../jdk/src/java.base/share/classes/java/util/ImmutableCollections.java:1076: error: [assignment.type.incompatible] incompatible types in assignment.
                array[i] = it.next();
                                  ^
  found   : E extends @Readonly Object
  required: @Mutable Object
../jdk/src/java.base/share/classes/java/util/ImmutableCollections.java:1559: error: [argument.type.incompatible] incompatible argument for parameter args of String.format.
                    throw new InvalidObjectException(String.format("invalid flags 0x%x", tag));
                                                                                         ^
  found   : @Immutable int
  required: @Mutable Object
../jdk/src/java.base/share/classes/java/util/ImmutableCollections.java:1563: error: [argument.type.incompatible] incompatible argument for parameter cause of Throwable.initCause.
            ioe.initCause(ex);
                          ^
  found   : @Readonly NullPointerException | @Readonly IllegalArgumentException
  required: @Mutable Throwable
../jdk/src/java.base/share/classes/java/util/IntSummaryStatistics.java:211: error: [argument.type.incompatible] incompatible argument for parameter args of String.format.
            this.getClass().getSimpleName(),
                                         ^
  found   : @Immutable String
  required: @Mutable Object
../jdk/src/java.base/share/classes/java/util/IntSummaryStatistics.java:212: error: [argument.type.incompatible] incompatible argument for parameter args of String.format.
            getCount(),
                    ^
  found   : @Immutable long
  required: @Mutable Object
../jdk/src/java.base/share/classes/java/util/IntSummaryStatistics.java:213: error: [argument.type.incompatible] incompatible argument for parameter args of String.format.
            getSum(),
                  ^
  found   : @Immutable long
  required: @Mutable Object
../jdk/src/java.base/share/classes/java/util/IntSummaryStatistics.java:214: error: [argument.type.incompatible] incompatible argument for parameter args of String.format.
            getMin(),
                  ^
  found   : @Immutable int
  required: @Mutable Object
../jdk/src/java.base/share/classes/java/util/IntSummaryStatistics.java:215: error: [argument.type.incompatible] incompatible argument for parameter args of String.format.
            getAverage(),
                      ^
  found   : @Immutable double
  required: @Mutable Object
../jdk/src/java.base/share/classes/java/util/IntSummaryStatistics.java:216: error: [argument.type.incompatible] incompatible argument for parameter args of String.format.
            getMax());
                  ^
  found   : @Immutable int
  required: @Mutable Object
error: getElementValue(@org.checkerframework.framework.qual.QualifierArgument("value"), value(), ...)
  ; The Checker Framework crashed.  Please report the crash.  Version: Checker Framework 3.49.1-eisop2-SNAPSHOT, branch pico-move-hack, 2025-04-15, commit 3e4c231, dirty=true. 
  Checker: class org.checkerframework.checker.pico.PICONoInitSubchecker
  Visitor: class org.checkerframework.checker.pico.PICONoInitVisitor
  Compilation unit: ../jdk/src/java.base/share/classes/java/util/JapaneseImperialCalendar.java
  Last visited tree at line 1072 column 33:
                                  names.put(era.getAbbreviation(), i);
  Exception: org.checkerframework.javacutil.BugInCF: getElementValue(@org.checkerframework.framework.qual.QualifierArgument("value"), value(), ...); org.checkerframework.javacutil.BugInCF: getElementValue(@org.checkerframework.framework.qual.QualifierArgument("value"), value(), ...)
  	at org.checkerframework.javacutil.AnnotationUtils.getElementValue(AnnotationUtils.java:910)
  	at org.checkerframework.framework.util.DefaultContractsFromMethod.makeArgumentRenaming(DefaultContractsFromMethod.java:330)
  	at org.checkerframework.framework.util.DefaultContractsFromMethod.getQualifierEnforcedByContractAnnotation(DefaultContractsFromMethod.java:255)
  	at org.checkerframework.framework.util.DefaultContractsFromMethod.getContractsOfKind(DefaultContractsFromMethod.java:164)
  	at org.checkerframework.framework.util.DefaultContractsFromMethod.getPostconditions(DefaultContractsFromMethod.java:97)
  	at org.checkerframework.framework.flow.CFAbstractTransfer.processPostconditions(CFAbstractTransfer.java:1268)
  	at org.checkerframework.framework.flow.CFAbstractTransfer.visitMethodInvocation(CFAbstractTransfer.java:1154)
  	at org.checkerframework.framework.flow.CFAbstractTransfer.visitMethodInvocation(CFAbstractTransfer.java:104)
  	at org.checkerframework.dataflow.cfg.node.MethodInvocationNode.accept(MethodInvocationNode.java:156)
  	at org.checkerframework.dataflow.analysis.AbstractAnalysis.callTransferFunction(AbstractAnalysis.java:389)
  	at org.checkerframework.dataflow.analysis.ForwardAnalysisImpl.callTransferFunction(ForwardAnalysisImpl.java:393)
  	at org.checkerframework.framework.flow.CFAbstractAnalysis.callTransferFunction(CFAbstractAnalysis.java:245)
  	at org.checkerframework.dataflow.analysis.ForwardAnalysisImpl.performAnalysisBlock(ForwardAnalysisImpl.java:157)
  	at org.checkerframework.dataflow.analysis.ForwardAnalysisImpl.performAnalysis(ForwardAnalysisImpl.java:110)
  	at org.checkerframework.framework.flow.CFAbstractAnalysis.performAnalysis(CFAbstractAnalysis.java:154)
  	at org.checkerframework.framework.type.GenericAnnotatedTypeFactory.analyze(GenericAnnotatedTypeFactory.java:1628)
  	at org.checkerframework.framework.type.GenericAnnotatedTypeFactory.performFlowAnalysis(GenericAnnotatedTypeFactory.java:1517)
  	at org.checkerframework.framework.type.GenericAnnotatedTypeFactory.checkAndPerformFlowAnalysis(GenericAnnotatedTypeFactory.java:2132)
  	at org.checkerframework.framework.type.GenericAnnotatedTypeFactory.preProcessClassTree(GenericAnnotatedTypeFactory.java:451)
  	at org.checkerframework.common.basetype.BaseTypeVisitor.visitClass(BaseTypeVisitor.java:588)
  	at org.checkerframework.common.basetype.BaseTypeVisitor.visitClass(BaseTypeVisitor.java:197)
  	at jdk.compiler/com.sun.tools.javac.tree.JCTree$JCClassDecl.accept(JCTree.java:860)
  	at jdk.compiler/com.sun.source.util.TreePathScanner.scan(TreePathScanner.java:60)
  	at org.checkerframework.framework.source.SourceVisitor.visit(SourceVisitor.java:91)
  	at org.checkerframework.framework.source.SourceChecker.typeProcess(SourceChecker.java:1409)
  	at org.checkerframework.framework.source.SourceChecker.typeProcess(SourceChecker.java:1324)
  	at org.checkerframework.javacutil.AbstractTypeProcessor$AttributionTaskListener.finished(AbstractTypeProcessor.java:193)
  	at jdk.compiler/com.sun.tools.javac.api.ClientCodeWrapper$WrappedTaskListener.finished(ClientCodeWrapper.java:854)
  	at jdk.compiler/com.sun.tools.javac.api.MultiTaskListener.finished(MultiTaskListener.java:132)
  	at jdk.compiler/com.sun.tools.javac.main.JavaCompiler.flow(JavaCompiler.java:1397)
  	at jdk.compiler/com.sun.tools.javac.main.JavaCompiler.flow(JavaCompiler.java:1354)
  	at jdk.compiler/com.sun.tools.javac.main.JavaCompiler.compile(JavaCompiler.java:946)
  	at jdk.compiler/com.sun.tools.javac.main.Main.compile(Main.java:317)
  	at jdk.compiler/com.sun.tools.javac.main.Main.compile(Main.java:176)
  	at jdk.compiler/com.sun.tools.javac.Main.compile(Main.java:64)
  	at jdk.compiler/com.sun.tools.javac.Main.main(Main.java:50)
  Caused by: java.lang.Throwable
  	at org.checkerframework.javacutil.BugInCF.<init>(BugInCF.java:39)
  	... 36 more
  
  Underlying Exception: java.lang.Throwable; java.lang.Throwable
  	at org.checkerframework.javacutil.BugInCF.<init>(BugInCF.java:39)
  	at org.checkerframework.javacutil.AnnotationUtils.getElementValue(AnnotationUtils.java:910)
  	at org.checkerframework.framework.util.DefaultContractsFromMethod.makeArgumentRenaming(DefaultContractsFromMethod.java:330)
  	at org.checkerframework.framework.util.DefaultContractsFromMethod.getQualifierEnforcedByContractAnnotation(DefaultContractsFromMethod.java:255)
  	at org.checkerframework.framework.util.DefaultContractsFromMethod.getContractsOfKind(DefaultContractsFromMethod.java:164)
  	at org.checkerframework.framework.util.DefaultContractsFromMethod.getPostconditions(DefaultContractsFromMethod.java:97)
  	at org.checkerframework.framework.flow.CFAbstractTransfer.processPostconditions(CFAbstractTransfer.java:1268)
  	at org.checkerframework.framework.flow.CFAbstractTransfer.visitMethodInvocation(CFAbstractTransfer.java:1154)
  	at org.checkerframework.framework.flow.CFAbstractTransfer.visitMethodInvocation(CFAbstractTransfer.java:104)
  	at org.checkerframework.dataflow.cfg.node.MethodInvocationNode.accept(MethodInvocationNode.java:156)
  	at org.checkerframework.dataflow.analysis.AbstractAnalysis.callTransferFunction(AbstractAnalysis.java:389)
  	at org.checkerframework.dataflow.analysis.ForwardAnalysisImpl.callTransferFunction(ForwardAnalysisImpl.java:393)
  	at org.checkerframework.framework.flow.CFAbstractAnalysis.callTransferFunction(CFAbstractAnalysis.java:245)
  	at org.checkerframework.dataflow.analysis.ForwardAnalysisImpl.performAnalysisBlock(ForwardAnalysisImpl.java:157)
  	at org.checkerframework.dataflow.analysis.ForwardAnalysisImpl.performAnalysis(ForwardAnalysisImpl.java:110)
  	at org.checkerframework.framework.flow.CFAbstractAnalysis.performAnalysis(CFAbstractAnalysis.java:154)
  	at org.checkerframework.framework.type.GenericAnnotatedTypeFactory.analyze(GenericAnnotatedTypeFactory.java:1628)
  	at org.checkerframework.framework.type.GenericAnnotatedTypeFactory.performFlowAnalysis(GenericAnnotatedTypeFactory.java:1517)
  	at org.checkerframework.framework.type.GenericAnnotatedTypeFactory.checkAndPerformFlowAnalysis(GenericAnnotatedTypeFactory.java:2132)
  	at org.checkerframework.framework.type.GenericAnnotatedTypeFactory.preProcessClassTree(GenericAnnotatedTypeFactory.java:451)
  	at org.checkerframework.common.basetype.BaseTypeVisitor.visitClass(BaseTypeVisitor.java:588)
  	at org.checkerframework.common.basetype.BaseTypeVisitor.visitClass(BaseTypeVisitor.java:197)
  	at jdk.compiler/com.sun.tools.javac.tree.JCTree$JCClassDecl.accept(JCTree.java:860)
  	at jdk.compiler/com.sun.source.util.TreePathScanner.scan(TreePathScanner.java:60)
  	at org.checkerframework.framework.source.SourceVisitor.visit(SourceVisitor.java:91)
  	at org.checkerframework.framework.source.SourceChecker.typeProcess(SourceChecker.java:1409)
  	at org.checkerframework.framework.source.SourceChecker.typeProcess(SourceChecker.java:1324)
  	at org.checkerframework.javacutil.AbstractTypeProcessor$AttributionTaskListener.finished(AbstractTypeProcessor.java:193)
  	at jdk.compiler/com.sun.tools.javac.api.ClientCodeWrapper$WrappedTaskListener.finished(ClientCodeWrapper.java:854)
  	at jdk.compiler/com.sun.tools.javac.api.MultiTaskListener.finished(MultiTaskListener.java:132)
  	at jdk.compiler/com.sun.tools.javac.main.JavaCompiler.flow(JavaCompiler.java:1397)
  	at jdk.compiler/com.sun.tools.javac.main.JavaCompiler.flow(JavaCompiler.java:1354)
  	at jdk.compiler/com.sun.tools.javac.main.JavaCompiler.compile(JavaCompiler.java:946)
  	at jdk.compiler/com.sun.tools.javac.main.Main.compile(Main.java:317)
  	at jdk.compiler/com.sun.tools.javac.main.Main.compile(Main.java:176)
  	at jdk.compiler/com.sun.tools.javac.Main.compile(Main.java:64)
  	at jdk.compiler/com.sun.tools.javac.Main.main(Main.java:50)
error: getElementValueArray(@org.checkerframework.framework.qual.Covariant({0}), value(), ...)
  ; The Checker Framework crashed.  Please report the crash.  Version: Checker Framework 3.49.1-eisop2-SNAPSHOT, branch pico-move-hack, 2025-04-15, commit 3e4c231, dirty=true. 
  Checker: class org.checkerframework.checker.pico.PICONoInitSubchecker
  Visitor: class org.checkerframework.checker.pico.PICONoInitVisitor
  Compilation unit: ../jdk/src/java.base/share/classes/java/util/JumboEnumSet.java
  Last visited tree at line 51 column 1:
  @AnnotatedFor({"index"})
  Exception: java.lang.Throwable; java.lang.Throwable
  	at org.checkerframework.javacutil.BugInCF.<init>(BugInCF.java:39)
  	at org.checkerframework.javacutil.AnnotationUtils.getElementValueArray(AnnotationUtils.java:1119)
  	at org.checkerframework.framework.type.DefaultTypeHierarchy.getCovariantArgIndexes(DefaultTypeHierarchy.java:651)
  	at org.checkerframework.framework.type.DefaultTypeHierarchy.visitTypeArgs(DefaultTypeHierarchy.java:614)
  	at org.checkerframework.framework.type.DefaultTypeHierarchy.visitDeclared_Declared(DefaultTypeHierarchy.java:565)
  	at org.checkerframework.framework.type.DefaultTypeHierarchy.visitDeclared_Declared(DefaultTypeHierarchy.java:51)
  	at org.checkerframework.framework.util.AtmCombo.accept(AtmCombo.java:315)
  	at org.checkerframework.framework.type.DefaultTypeHierarchy.isSubtype(DefaultTypeHierarchy.java:264)
  	at org.checkerframework.framework.type.DefaultTypeHierarchy.isSubtypeCaching(DefaultTypeHierarchy.java:320)
  	at org.checkerframework.framework.type.DefaultTypeHierarchy.visitTypevar_Type(DefaultTypeHierarchy.java:1241)
  	at org.checkerframework.framework.type.DefaultTypeHierarchy.visitTypevar_Declared(DefaultTypeHierarchy.java:959)
  	at org.checkerframework.framework.type.DefaultTypeHierarchy.visitTypevar_Declared(DefaultTypeHierarchy.java:51)
  	at org.checkerframework.framework.util.AtmCombo.accept(AtmCombo.java:639)
  	at org.checkerframework.framework.type.DefaultTypeHierarchy.isSubtype(DefaultTypeHierarchy.java:264)
  	at org.checkerframework.framework.type.DefaultTypeHierarchy.isSubtype(DefaultTypeHierarchy.java:140)
  	at org.checkerframework.common.basetype.BaseTypeVisitor.commonAssignmentCheck(BaseTypeVisitor.java:3402)
  	at org.checkerframework.checker.pico.PICONoInitVisitor.commonAssignmentCheck(PICONoInitVisitor.java:560)
  	at org.checkerframework.common.basetype.BaseTypeVisitor.checkTypeArguments(BaseTypeVisitor.java:3769)
  	at org.checkerframework.common.basetype.BaseTypeValidator.visitParameterizedType(BaseTypeValidator.java:572)
  	at org.checkerframework.common.basetype.BaseTypeValidator.visitDeclared(BaseTypeValidator.java:351)
  	at org.checkerframework.checker.pico.PICOValidator.visitDeclared(PICOValidator.java:57)
  	at org.checkerframework.checker.pico.PICOValidator.visitDeclared(PICOValidator.java:32)
  	at org.checkerframework.framework.type.AnnotatedTypeMirror$AnnotatedDeclaredType.accept(AnnotatedTypeMirror.java:1055)
  	at org.checkerframework.framework.type.visitor.AnnotatedTypeScanner.scan(AnnotatedTypeScanner.java:207)
  	at org.checkerframework.common.basetype.BaseTypeValidator.visitTypeParameterBounds(BaseTypeValidator.java:413)
  	at org.checkerframework.common.basetype.BaseTypeValidator.visitTypeVariable(BaseTypeValidator.java:682)
  	at org.checkerframework.common.basetype.BaseTypeValidator.visitTypeVariable(BaseTypeValidator.java:65)
  	at org.checkerframework.framework.type.AnnotatedTypeMirror$AnnotatedTypeVariable.accept(AnnotatedTypeMirror.java:1947)
  	at org.checkerframework.framework.type.visitor.AnnotatedTypeScanner.scan(AnnotatedTypeScanner.java:207)
  	at org.checkerframework.common.basetype.BaseTypeValidator.visitClassTypeParameters(BaseTypeValidator.java:399)
  	at org.checkerframework.common.basetype.BaseTypeValidator.visitDeclared(BaseTypeValidator.java:327)
  	at org.checkerframework.checker.pico.PICOValidator.visitDeclared(PICOValidator.java:57)
  	at org.checkerframework.checker.pico.PICOValidator.visitDeclared(PICOValidator.java:32)
  	at org.checkerframework.framework.type.AnnotatedTypeMirror$AnnotatedDeclaredType.accept(AnnotatedTypeMirror.java:1055)
  	at org.checkerframework.framework.type.visitor.AnnotatedTypeScanner.scan(AnnotatedTypeScanner.java:207)
  	at org.checkerframework.framework.type.visitor.AnnotatedTypeScanner.visit(AnnotatedTypeScanner.java:195)
  	at org.checkerframework.common.basetype.BaseTypeValidator.isValid(BaseTypeValidator.java:124)
  	at org.checkerframework.common.basetype.BaseTypeVisitor.validateType(BaseTypeVisitor.java:5211)
  	at org.checkerframework.common.basetype.BaseTypeVisitor.processClassTree(BaseTypeVisitor.java:621)
  	at org.checkerframework.checker.pico.PICONoInitVisitor.processClassTree(PICONoInitVisitor.java:489)
  	at org.checkerframework.common.basetype.BaseTypeVisitor.visitClass(BaseTypeVisitor.java:598)
  	at org.checkerframework.common.basetype.BaseTypeVisitor.visitClass(BaseTypeVisitor.java:197)
  	at jdk.compiler/com.sun.tools.javac.tree.JCTree$JCClassDecl.accept(JCTree.java:860)
  	at jdk.compiler/com.sun.source.util.TreePathScanner.scan(TreePathScanner.java:60)
  	at org.checkerframework.framework.source.SourceVisitor.visit(SourceVisitor.java:91)
  	at org.checkerframework.framework.source.SourceChecker.typeProcess(SourceChecker.java:1409)
  	at org.checkerframework.framework.source.SourceChecker.typeProcess(SourceChecker.java:1324)
  	at org.checkerframework.javacutil.AbstractTypeProcessor$AttributionTaskListener.finished(AbstractTypeProcessor.java:193)
  	at jdk.compiler/com.sun.tools.javac.api.ClientCodeWrapper$WrappedTaskListener.finished(ClientCodeWrapper.java:854)
  	at jdk.compiler/com.sun.tools.javac.api.MultiTaskListener.finished(MultiTaskListener.java:132)
  	at jdk.compiler/com.sun.tools.javac.main.JavaCompiler.flow(JavaCompiler.java:1397)
  	at jdk.compiler/com.sun.tools.javac.main.JavaCompiler.flow(JavaCompiler.java:1354)
  	at jdk.compiler/com.sun.tools.javac.main.JavaCompiler.compile(JavaCompiler.java:946)
  	at jdk.compiler/com.sun.tools.javac.main.Main.compile(Main.java:317)
  	at jdk.compiler/com.sun.tools.javac.main.Main.compile(Main.java:176)
  	at jdk.compiler/com.sun.tools.javac.Main.compile(Main.java:64)
  	at jdk.compiler/com.sun.tools.javac.Main.main(Main.java:50)
../jdk/src/java.base/share/classes/java/util/KeyValueHolder.java:112: error: [type.invalid.annotations.on.use] invalid type: annotations [@Immutable] conflict with declaration of type java.lang.Object
        return o instanceof Map.Entry<?, ?> e
                                      ^
../jdk/src/java.base/share/classes/java/util/KeyValueHolder.java:113: error: [method.invocation.invalid] call to equals(@org.checkerframework.checker.lock.qual.GuardSatisfied,@org.checkerframework.checker.nullness.qual.Nullable java.lang.Object) not allowed on the given receiver.
                && key.equals(e.getKey())
                             ^
  found   : K extends @Readonly Object
  required: @Mutable Object
../jdk/src/java.base/share/classes/java/util/KeyValueHolder.java:113: error: [argument.type.incompatible] incompatible argument for parameter obj of Object.equals.
                && key.equals(e.getKey())
                                      ^
  found   : @Immutable Object
  required: @Mutable Object
../jdk/src/java.base/share/classes/java/util/KeyValueHolder.java:114: error: [method.invocation.invalid] call to equals(@org.checkerframework.checker.lock.qual.GuardSatisfied,@org.checkerframework.checker.nullness.qual.Nullable java.lang.Object) not allowed on the given receiver.
                && value.equals(e.getValue());
                               ^
  found   : V extends @Readonly Object
  required: @Mutable Object
../jdk/src/java.base/share/classes/java/util/KeyValueHolder.java:114: error: [argument.type.incompatible] incompatible argument for parameter obj of Object.equals.
                && value.equals(e.getValue());
                                          ^
  found   : @Readonly Object
  required: @Mutable Object
../jdk/src/java.base/share/classes/java/util/KeyValueHolder.java:124: error: [method.invocation.invalid] call to hashCode() not allowed on the given receiver.
        return key.hashCode() ^ value.hashCode();
                           ^
  found   : K extends @Readonly Object
  required: @Mutable Object
../jdk/src/java.base/share/classes/java/util/KeyValueHolder.java:124: error: [method.invocation.invalid] call to hashCode() not allowed on the given receiver.
        return key.hashCode() ^ value.hashCode();
                                              ^
  found   : V extends @Readonly Object
  required: @Mutable Object
../jdk/src/java.base/share/classes/java/util/LinkedList.java:394: error: [argument.type.incompatible] incompatible argument for parameter obj of Object.equals.
                if (o.equals(x.item)) {
                              ^
  found   : E extends @Readonly Object
  required: @Mutable Object
../jdk/src/java.base/share/classes/java/util/LinkedList.java:636: error: [argument.type.incompatible] incompatible argument for parameter obj of Object.equals.
                if (o.equals(x.item))
                              ^
  found   : E extends @Readonly Object
  required: @Mutable Object
../jdk/src/java.base/share/classes/java/util/LinkedList.java:667: error: [argument.type.incompatible] incompatible argument for parameter obj of Object.equals.
                if (o.equals(x.item))
                              ^
  found   : E extends @Readonly Object
  required: @Mutable Object
../jdk/src/java.base/share/classes/java/util/LinkedList.java:871: error: [argument.type.incompatible] incompatible argument for parameter obj of Object.equals.
                if (o.equals(x.item)) {
                              ^
  found   : E extends @Readonly Object
  required: @Mutable Object
../jdk/src/java.base/share/classes/java/util/LinkedList.java:1049: error: [argument.type.incompatible] incompatible argument for parameter cause of InternalError constructor.
            throw new InternalError(e);
                                    ^
  found   : @Readonly CloneNotSupportedException
  required: @Mutable Throwable
../jdk/src/java.base/share/classes/java/util/LinkedList.java:1143: error: [assignment.type.incompatible] incompatible types in assignment.
        Object[] result = a;
                          ^
  found   : T extends @Readonly Object @Mutable []
  required: @Mutable Object @Readonly []
../jdk/src/java.base/share/classes/java/util/LinkedList.java:1145: error: [assignment.type.incompatible] incompatible types in assignment.
            result[i++] = x.item;
                           ^
  found   : E extends @Readonly Object
  required: @Mutable Object
../jdk/src/java.base/share/classes/java/util/LinkedList.java:1175: error: [argument.type.incompatible] incompatible argument for parameter obj of ObjectOutputStream.writeObject.
            s.writeObject(x.item);
                           ^
  found   : E extends @Readonly Object
  required: @Mutable Object
../jdk/src/java.base/share/classes/java/util/LinkedList.java:1263: error: [assignment.type.incompatible] incompatible types in assignment.
                do { a[j++] = p.item; } while ((p = p.next) != null && j < n);
                               ^
  found   : E extends @Readonly Object
  required: @Mutable Object
error: getElementValue(@org.checkerframework.framework.qual.QualifierArgument("value"), value(), ...)
  ; The Checker Framework crashed.  Please report the crash.  Version: Checker Framework 3.49.1-eisop2-SNAPSHOT, branch pico-move-hack, 2025-04-15, commit 3e4c231, dirty=true. 
  Checker: class org.checkerframework.checker.pico.PICONoInitSubchecker
  Visitor: class org.checkerframework.checker.pico.PICONoInitVisitor
  Compilation unit: ../jdk/src/java.base/share/classes/java/util/ListResourceBundle.java
  Last visited tree at line 208 column 13:
              temp.put(key, value);
  Exception: org.checkerframework.javacutil.BugInCF: getElementValue(@org.checkerframework.framework.qual.QualifierArgument("value"), value(), ...); org.checkerframework.javacutil.BugInCF: getElementValue(@org.checkerframework.framework.qual.QualifierArgument("value"), value(), ...)
  	at org.checkerframework.javacutil.AnnotationUtils.getElementValue(AnnotationUtils.java:910)
  	at org.checkerframework.framework.util.DefaultContractsFromMethod.makeArgumentRenaming(DefaultContractsFromMethod.java:330)
  	at org.checkerframework.framework.util.DefaultContractsFromMethod.getQualifierEnforcedByContractAnnotation(DefaultContractsFromMethod.java:255)
  	at org.checkerframework.framework.util.DefaultContractsFromMethod.getContractsOfKind(DefaultContractsFromMethod.java:164)
  	at org.checkerframework.framework.util.DefaultContractsFromMethod.getPostconditions(DefaultContractsFromMethod.java:97)
  	at org.checkerframework.framework.flow.CFAbstractTransfer.processPostconditions(CFAbstractTransfer.java:1268)
  	at org.checkerframework.framework.flow.CFAbstractTransfer.visitMethodInvocation(CFAbstractTransfer.java:1154)
  	at org.checkerframework.framework.flow.CFAbstractTransfer.visitMethodInvocation(CFAbstractTransfer.java:104)
  	at org.checkerframework.dataflow.cfg.node.MethodInvocationNode.accept(MethodInvocationNode.java:156)
  	at org.checkerframework.dataflow.analysis.AbstractAnalysis.callTransferFunction(AbstractAnalysis.java:389)
  	at org.checkerframework.dataflow.analysis.ForwardAnalysisImpl.callTransferFunction(ForwardAnalysisImpl.java:393)
  	at org.checkerframework.framework.flow.CFAbstractAnalysis.callTransferFunction(CFAbstractAnalysis.java:245)
  	at org.checkerframework.dataflow.analysis.ForwardAnalysisImpl.performAnalysisBlock(ForwardAnalysisImpl.java:157)
  	at org.checkerframework.dataflow.analysis.ForwardAnalysisImpl.performAnalysis(ForwardAnalysisImpl.java:110)
  	at org.checkerframework.framework.flow.CFAbstractAnalysis.performAnalysis(CFAbstractAnalysis.java:154)
  	at org.checkerframework.framework.type.GenericAnnotatedTypeFactory.analyze(GenericAnnotatedTypeFactory.java:1628)
  	at org.checkerframework.framework.type.GenericAnnotatedTypeFactory.performFlowAnalysis(GenericAnnotatedTypeFactory.java:1517)
  	at org.checkerframework.framework.type.GenericAnnotatedTypeFactory.checkAndPerformFlowAnalysis(GenericAnnotatedTypeFactory.java:2132)
  	at org.checkerframework.framework.type.GenericAnnotatedTypeFactory.preProcessClassTree(GenericAnnotatedTypeFactory.java:451)
  	at org.checkerframework.common.basetype.BaseTypeVisitor.visitClass(BaseTypeVisitor.java:588)
  	at org.checkerframework.common.basetype.BaseTypeVisitor.visitClass(BaseTypeVisitor.java:197)
  	at jdk.compiler/com.sun.tools.javac.tree.JCTree$JCClassDecl.accept(JCTree.java:860)
  	at jdk.compiler/com.sun.source.util.TreePathScanner.scan(TreePathScanner.java:60)
  	at org.checkerframework.framework.source.SourceVisitor.visit(SourceVisitor.java:91)
  	at org.checkerframework.framework.source.SourceChecker.typeProcess(SourceChecker.java:1409)
  	at org.checkerframework.framework.source.SourceChecker.typeProcess(SourceChecker.java:1324)
  	at org.checkerframework.javacutil.AbstractTypeProcessor$AttributionTaskListener.finished(AbstractTypeProcessor.java:193)
  	at jdk.compiler/com.sun.tools.javac.api.ClientCodeWrapper$WrappedTaskListener.finished(ClientCodeWrapper.java:854)
  	at jdk.compiler/com.sun.tools.javac.api.MultiTaskListener.finished(MultiTaskListener.java:132)
  	at jdk.compiler/com.sun.tools.javac.main.JavaCompiler.flow(JavaCompiler.java:1397)
  	at jdk.compiler/com.sun.tools.javac.main.JavaCompiler.flow(JavaCompiler.java:1354)
  	at jdk.compiler/com.sun.tools.javac.main.JavaCompiler.compile(JavaCompiler.java:946)
  	at jdk.compiler/com.sun.tools.javac.main.Main.compile(Main.java:317)
  	at jdk.compiler/com.sun.tools.javac.main.Main.compile(Main.java:176)
  	at jdk.compiler/com.sun.tools.javac.Main.compile(Main.java:64)
  	at jdk.compiler/com.sun.tools.javac.Main.main(Main.java:50)
  Caused by: java.lang.Throwable
  	at org.checkerframework.javacutil.BugInCF.<init>(BugInCF.java:39)
  	... 36 more
  
  Underlying Exception: java.lang.Throwable; java.lang.Throwable
  	at org.checkerframework.javacutil.BugInCF.<init>(BugInCF.java:39)
  	at org.checkerframework.javacutil.AnnotationUtils.getElementValue(AnnotationUtils.java:910)
  	at org.checkerframework.framework.util.DefaultContractsFromMethod.makeArgumentRenaming(DefaultContractsFromMethod.java:330)
  	at org.checkerframework.framework.util.DefaultContractsFromMethod.getQualifierEnforcedByContractAnnotation(DefaultContractsFromMethod.java:255)
  	at org.checkerframework.framework.util.DefaultContractsFromMethod.getContractsOfKind(DefaultContractsFromMethod.java:164)
  	at org.checkerframework.framework.util.DefaultContractsFromMethod.getPostconditions(DefaultContractsFromMethod.java:97)
  	at org.checkerframework.framework.flow.CFAbstractTransfer.processPostconditions(CFAbstractTransfer.java:1268)
  	at org.checkerframework.framework.flow.CFAbstractTransfer.visitMethodInvocation(CFAbstractTransfer.java:1154)
  	at org.checkerframework.framework.flow.CFAbstractTransfer.visitMethodInvocation(CFAbstractTransfer.java:104)
  	at org.checkerframework.dataflow.cfg.node.MethodInvocationNode.accept(MethodInvocationNode.java:156)
  	at org.checkerframework.dataflow.analysis.AbstractAnalysis.callTransferFunction(AbstractAnalysis.java:389)
  	at org.checkerframework.dataflow.analysis.ForwardAnalysisImpl.callTransferFunction(ForwardAnalysisImpl.java:393)
  	at org.checkerframework.framework.flow.CFAbstractAnalysis.callTransferFunction(CFAbstractAnalysis.java:245)
  	at org.checkerframework.dataflow.analysis.ForwardAnalysisImpl.performAnalysisBlock(ForwardAnalysisImpl.java:157)
  	at org.checkerframework.dataflow.analysis.ForwardAnalysisImpl.performAnalysis(ForwardAnalysisImpl.java:110)
  	at org.checkerframework.framework.flow.CFAbstractAnalysis.performAnalysis(CFAbstractAnalysis.java:154)
  	at org.checkerframework.framework.type.GenericAnnotatedTypeFactory.analyze(GenericAnnotatedTypeFactory.java:1628)
  	at org.checkerframework.framework.type.GenericAnnotatedTypeFactory.performFlowAnalysis(GenericAnnotatedTypeFactory.java:1517)
  	at org.checkerframework.framework.type.GenericAnnotatedTypeFactory.checkAndPerformFlowAnalysis(GenericAnnotatedTypeFactory.java:2132)
  	at org.checkerframework.framework.type.GenericAnnotatedTypeFactory.preProcessClassTree(GenericAnnotatedTypeFactory.java:451)
  	at org.checkerframework.common.basetype.BaseTypeVisitor.visitClass(BaseTypeVisitor.java:588)
  	at org.checkerframework.common.basetype.BaseTypeVisitor.visitClass(BaseTypeVisitor.java:197)
  	at jdk.compiler/com.sun.tools.javac.tree.JCTree$JCClassDecl.accept(JCTree.java:860)
  	at jdk.compiler/com.sun.source.util.TreePathScanner.scan(TreePathScanner.java:60)
  	at org.checkerframework.framework.source.SourceVisitor.visit(SourceVisitor.java:91)
  	at org.checkerframework.framework.source.SourceChecker.typeProcess(SourceChecker.java:1409)
  	at org.checkerframework.framework.source.SourceChecker.typeProcess(SourceChecker.java:1324)
  	at org.checkerframework.javacutil.AbstractTypeProcessor$AttributionTaskListener.finished(AbstractTypeProcessor.java:193)
  	at jdk.compiler/com.sun.tools.javac.api.ClientCodeWrapper$WrappedTaskListener.finished(ClientCodeWrapper.java:854)
  	at jdk.compiler/com.sun.tools.javac.api.MultiTaskListener.finished(MultiTaskListener.java:132)
  	at jdk.compiler/com.sun.tools.javac.main.JavaCompiler.flow(JavaCompiler.java:1397)
  	at jdk.compiler/com.sun.tools.javac.main.JavaCompiler.flow(JavaCompiler.java:1354)
  	at jdk.compiler/com.sun.tools.javac.main.JavaCompiler.compile(JavaCompiler.java:946)
  	at jdk.compiler/com.sun.tools.javac.main.Main.compile(Main.java:317)
  	at jdk.compiler/com.sun.tools.javac.main.Main.compile(Main.java:176)
  	at jdk.compiler/com.sun.tools.javac.Main.compile(Main.java:64)
  	at jdk.compiler/com.sun.tools.javac.Main.main(Main.java:50)
error: getElementValue(@org.checkerframework.framework.qual.QualifierArgument("value"), value(), ...)
  ; The Checker Framework crashed.  Please report the crash.  Version: Checker Framework 3.49.1-eisop2-SNAPSHOT, branch pico-move-hack, 2025-04-15, commit 3e4c231, dirty=true. 
  Checker: class org.checkerframework.checker.pico.PICONoInitSubchecker
  Visitor: class org.checkerframework.checker.pico.PICONoInitVisitor
  Compilation unit: ../jdk/src/java.base/share/classes/java/util/ResourceBundle.java
  Last visited tree at line 2198 column 38:
              BundleReference result = cacheList.putIfAbsent(key, bundleRef);
  Exception: org.checkerframework.javacutil.BugInCF: getElementValue(@org.checkerframework.framework.qual.QualifierArgument("value"), value(), ...); org.checkerframework.javacutil.BugInCF: getElementValue(@org.checkerframework.framework.qual.QualifierArgument("value"), value(), ...)
  	at org.checkerframework.javacutil.AnnotationUtils.getElementValue(AnnotationUtils.java:910)
  	at org.checkerframework.framework.util.DefaultContractsFromMethod.makeArgumentRenaming(DefaultContractsFromMethod.java:330)
  	at org.checkerframework.framework.util.DefaultContractsFromMethod.getQualifierEnforcedByContractAnnotation(DefaultContractsFromMethod.java:255)
  	at org.checkerframework.framework.util.DefaultContractsFromMethod.getContractsOfKind(DefaultContractsFromMethod.java:164)
  	at org.checkerframework.framework.util.DefaultContractsFromMethod.getPostconditions(DefaultContractsFromMethod.java:97)
  	at org.checkerframework.framework.flow.CFAbstractTransfer.processPostconditions(CFAbstractTransfer.java:1268)
  	at org.checkerframework.framework.flow.CFAbstractTransfer.visitMethodInvocation(CFAbstractTransfer.java:1154)
  	at org.checkerframework.framework.flow.CFAbstractTransfer.visitMethodInvocation(CFAbstractTransfer.java:104)
  	at org.checkerframework.dataflow.cfg.node.MethodInvocationNode.accept(MethodInvocationNode.java:156)
  	at org.checkerframework.dataflow.analysis.AbstractAnalysis.callTransferFunction(AbstractAnalysis.java:389)
  	at org.checkerframework.dataflow.analysis.ForwardAnalysisImpl.callTransferFunction(ForwardAnalysisImpl.java:393)
  	at org.checkerframework.framework.flow.CFAbstractAnalysis.callTransferFunction(CFAbstractAnalysis.java:245)
  	at org.checkerframework.dataflow.analysis.ForwardAnalysisImpl.performAnalysisBlock(ForwardAnalysisImpl.java:157)
  	at org.checkerframework.dataflow.analysis.ForwardAnalysisImpl.performAnalysis(ForwardAnalysisImpl.java:110)
  	at org.checkerframework.framework.flow.CFAbstractAnalysis.performAnalysis(CFAbstractAnalysis.java:154)
  	at org.checkerframework.framework.type.GenericAnnotatedTypeFactory.analyze(GenericAnnotatedTypeFactory.java:1628)
  	at org.checkerframework.framework.type.GenericAnnotatedTypeFactory.performFlowAnalysis(GenericAnnotatedTypeFactory.java:1517)
  	at org.checkerframework.framework.type.GenericAnnotatedTypeFactory.checkAndPerformFlowAnalysis(GenericAnnotatedTypeFactory.java:2132)
  	at org.checkerframework.framework.type.GenericAnnotatedTypeFactory.preProcessClassTree(GenericAnnotatedTypeFactory.java:451)
  	at org.checkerframework.common.basetype.BaseTypeVisitor.visitClass(BaseTypeVisitor.java:588)
  	at org.checkerframework.common.basetype.BaseTypeVisitor.visitClass(BaseTypeVisitor.java:197)
  	at jdk.compiler/com.sun.tools.javac.tree.JCTree$JCClassDecl.accept(JCTree.java:860)
  	at jdk.compiler/com.sun.source.util.TreePathScanner.scan(TreePathScanner.java:60)
  	at org.checkerframework.framework.source.SourceVisitor.visit(SourceVisitor.java:91)
  	at org.checkerframework.framework.source.SourceChecker.typeProcess(SourceChecker.java:1409)
  	at org.checkerframework.framework.source.SourceChecker.typeProcess(SourceChecker.java:1324)
  	at org.checkerframework.javacutil.AbstractTypeProcessor$AttributionTaskListener.finished(AbstractTypeProcessor.java:193)
  	at jdk.compiler/com.sun.tools.javac.api.ClientCodeWrapper$WrappedTaskListener.finished(ClientCodeWrapper.java:854)
  	at jdk.compiler/com.sun.tools.javac.api.MultiTaskListener.finished(MultiTaskListener.java:132)
  	at jdk.compiler/com.sun.tools.javac.main.JavaCompiler.flow(JavaCompiler.java:1397)
  	at jdk.compiler/com.sun.tools.javac.main.JavaCompiler.flow(JavaCompiler.java:1354)
  	at jdk.compiler/com.sun.tools.javac.main.JavaCompiler.compile(JavaCompiler.java:946)
  	at jdk.compiler/com.sun.tools.javac.main.Main.compile(Main.java:317)
  	at jdk.compiler/com.sun.tools.javac.main.Main.compile(Main.java:176)
  	at jdk.compiler/com.sun.tools.javac.Main.compile(Main.java:64)
  	at jdk.compiler/com.sun.tools.javac.Main.main(Main.java:50)
  Caused by: java.lang.Throwable
  	at org.checkerframework.javacutil.BugInCF.<init>(BugInCF.java:39)
  	... 36 more
  
  Underlying Exception: java.lang.Throwable; java.lang.Throwable
  	at org.checkerframework.javacutil.BugInCF.<init>(BugInCF.java:39)
  	at org.checkerframework.javacutil.AnnotationUtils.getElementValue(AnnotationUtils.java:910)
  	at org.checkerframework.framework.util.DefaultContractsFromMethod.makeArgumentRenaming(DefaultContractsFromMethod.java:330)
  	at org.checkerframework.framework.util.DefaultContractsFromMethod.getQualifierEnforcedByContractAnnotation(DefaultContractsFromMethod.java:255)
  	at org.checkerframework.framework.util.DefaultContractsFromMethod.getContractsOfKind(DefaultContractsFromMethod.java:164)
  	at org.checkerframework.framework.util.DefaultContractsFromMethod.getPostconditions(DefaultContractsFromMethod.java:97)
  	at org.checkerframework.framework.flow.CFAbstractTransfer.processPostconditions(CFAbstractTransfer.java:1268)
  	at org.checkerframework.framework.flow.CFAbstractTransfer.visitMethodInvocation(CFAbstractTransfer.java:1154)
  	at org.checkerframework.framework.flow.CFAbstractTransfer.visitMethodInvocation(CFAbstractTransfer.java:104)
  	at org.checkerframework.dataflow.cfg.node.MethodInvocationNode.accept(MethodInvocationNode.java:156)
  	at org.checkerframework.dataflow.analysis.AbstractAnalysis.callTransferFunction(AbstractAnalysis.java:389)
  	at org.checkerframework.dataflow.analysis.ForwardAnalysisImpl.callTransferFunction(ForwardAnalysisImpl.java:393)
  	at org.checkerframework.framework.flow.CFAbstractAnalysis.callTransferFunction(CFAbstractAnalysis.java:245)
  	at org.checkerframework.dataflow.analysis.ForwardAnalysisImpl.performAnalysisBlock(ForwardAnalysisImpl.java:157)
  	at org.checkerframework.dataflow.analysis.ForwardAnalysisImpl.performAnalysis(ForwardAnalysisImpl.java:110)
  	at org.checkerframework.framework.flow.CFAbstractAnalysis.performAnalysis(CFAbstractAnalysis.java:154)
  	at org.checkerframework.framework.type.GenericAnnotatedTypeFactory.analyze(GenericAnnotatedTypeFactory.java:1628)
  	at org.checkerframework.framework.type.GenericAnnotatedTypeFactory.performFlowAnalysis(GenericAnnotatedTypeFactory.java:1517)
  	at org.checkerframework.framework.type.GenericAnnotatedTypeFactory.checkAndPerformFlowAnalysis(GenericAnnotatedTypeFactory.java:2132)
  	at org.checkerframework.framework.type.GenericAnnotatedTypeFactory.preProcessClassTree(GenericAnnotatedTypeFactory.java:451)
  	at org.checkerframework.common.basetype.BaseTypeVisitor.visitClass(BaseTypeVisitor.java:588)
  	at org.checkerframework.common.basetype.BaseTypeVisitor.visitClass(BaseTypeVisitor.java:197)
  	at jdk.compiler/com.sun.tools.javac.tree.JCTree$JCClassDecl.accept(JCTree.java:860)
  	at jdk.compiler/com.sun.source.util.TreePathScanner.scan(TreePathScanner.java:60)
  	at org.checkerframework.framework.source.SourceVisitor.visit(SourceVisitor.java:91)
  	at org.checkerframework.framework.source.SourceChecker.typeProcess(SourceChecker.java:1409)
  	at org.checkerframework.framework.source.SourceChecker.typeProcess(SourceChecker.java:1324)
  	at org.checkerframework.javacutil.AbstractTypeProcessor$AttributionTaskListener.finished(AbstractTypeProcessor.java:193)
  	at jdk.compiler/com.sun.tools.javac.api.ClientCodeWrapper$WrappedTaskListener.finished(ClientCodeWrapper.java:854)
  	at jdk.compiler/com.sun.tools.javac.api.MultiTaskListener.finished(MultiTaskListener.java:132)
  	at jdk.compiler/com.sun.tools.javac.main.JavaCompiler.flow(JavaCompiler.java:1397)
  	at jdk.compiler/com.sun.tools.javac.main.JavaCompiler.flow(JavaCompiler.java:1354)
  	at jdk.compiler/com.sun.tools.javac.main.JavaCompiler.compile(JavaCompiler.java:946)
  	at jdk.compiler/com.sun.tools.javac.main.Main.compile(Main.java:317)
  	at jdk.compiler/com.sun.tools.javac.main.Main.compile(Main.java:176)
  	at jdk.compiler/com.sun.tools.javac.Main.compile(Main.java:64)
  	at jdk.compiler/com.sun.tools.javac.Main.main(Main.java:50)
../jdk/src/java.base/share/classes/java/util/ServiceLoader.java:633: error: [argument.type.incompatible] incompatible argument for parameter cause of ServiceLoader.fail.
            fail(service, "Unable to get public provider() method", x);
                                                                    ^
  found   : @Readonly Throwable
  required: @Mutable Throwable
../jdk/src/java.base/share/classes/java/util/ServiceLoader.java:687: error: [method.invocation.invalid] call to getCause() not allowed on the given receiver.
                x = x.getCause();
                              ^
  found   : @Readonly Throwable
  required: @Mutable Throwable
../jdk/src/java.base/share/classes/java/util/ServiceLoader.java:689: error: [argument.type.incompatible] incompatible argument for parameter cause of ServiceLoader.fail.
            fail(service, cn + " Unable to get public no-arg constructor", x);
                                                                           ^
  found   : @Readonly Throwable
  required: @Mutable Throwable
../jdk/src/java.base/share/classes/java/util/ServiceLoader.java:771: error: [method.invocation.invalid] call to getCause() not allowed on the given receiver.
                        x = x.getCause();
                                      ^
  found   : @Readonly Throwable
  required: @Mutable Throwable
../jdk/src/java.base/share/classes/java/util/ServiceLoader.java:777: error: [method.invocation.invalid] call to getCause() not allowed on the given receiver.
                    exc = exc.getCause();
                                      ^
  found   : @Readonly Throwable
  required: @Mutable Throwable
../jdk/src/java.base/share/classes/java/util/ServiceLoader.java:778: error: [argument.type.incompatible] incompatible argument for parameter cause of ServiceLoader.fail.
                fail(service, factoryMethod + " failed", exc);
                                                         ^
  found   : @Readonly Throwable
  required: @Mutable Throwable
../jdk/src/java.base/share/classes/java/util/ServiceLoader.java:815: error: [method.invocation.invalid] call to getCause() not allowed on the given receiver.
                        x = x.getCause();
                                      ^
  found   : @Readonly Throwable
  required: @Mutable Throwable
../jdk/src/java.base/share/classes/java/util/ServiceLoader.java:821: error: [method.invocation.invalid] call to getCause() not allowed on the given receiver.
                    exc = exc.getCause();
                                      ^
  found   : @Readonly Throwable
  required: @Mutable Throwable
../jdk/src/java.base/share/classes/java/util/ServiceLoader.java:824: error: [argument.type.incompatible] incompatible argument for parameter cause of ServiceLoader.fail.
                     "Provider " + cn + " could not be instantiated", exc);
                                                                      ^
  found   : @Readonly Throwable
  required: @Mutable Throwable
../jdk/src/java.base/share/classes/java/util/ServiceLoader.java:871: error: [argument.type.incompatible] incompatible argument for parameter cause of ServiceLoader.fail.
                fail(service, "Unable to load " + cn, e);
                                                      ^
  found   : @Readonly LinkageError
  required: @Mutable Throwable
../jdk/src/java.base/share/classes/java/util/ServiceLoader.java:879: error: [method.invocation.invalid] call to getCause() not allowed on the given receiver.
                    x = x.getCause();
                                  ^
  found   : @Readonly Throwable
  required: @Mutable Throwable
../jdk/src/java.base/share/classes/java/util/ServiceLoader.java:880: error: [argument.type.incompatible] incompatible argument for parameter cause of ServiceLoader.fail.
                fail(service, "Unable to load " + cn, x);
                                                      ^
  found   : @Readonly Throwable
  required: @Mutable Throwable
../jdk/src/java.base/share/classes/java/util/ServiceLoader.java:973: error: [assignment.type.incompatible] incompatible types in assignment.
                    nextError = e;
                                ^
  found   : @Readonly ServiceConfigurationError
  required: @Mutable ServiceConfigurationError
../jdk/src/java.base/share/classes/java/util/ServiceLoader.java:1101: error: [assignment.type.incompatible] incompatible types in assignment.
                    nextError = e;
                                ^
  found   : @Readonly ServiceConfigurationError
  required: @Mutable ServiceConfigurationError
../jdk/src/java.base/share/classes/java/util/ServiceLoader.java:1194: error: [argument.type.incompatible] incompatible argument for parameter cause of ServiceLoader.fail.
                fail(service, "Error accessing configuration file", x);
                                                                    ^
  found   : @Readonly IOException
  required: @Mutable Throwable
../jdk/src/java.base/share/classes/java/util/ServiceLoader.java:1220: error: [argument.type.incompatible] incompatible argument for parameter cause of ServiceLoader.fail.
                    fail(service, "Error locating configuration files", x);
                                                                        ^
  found   : @Readonly IOException
  required: @Mutable Throwable
../jdk/src/java.base/share/classes/java/util/ServiceLoader.java:1261: error: [assignment.type.incompatible] incompatible types in assignment.
                    nextError = e;
                                ^
  found   : @Readonly ServiceConfigurationError
  required: @Mutable ServiceConfigurationError
../jdk/src/java.base/share/classes/java/util/LocaleISOData.java:504: error: [type.arguments.not.inferred] Could not infer type arguments for Set.of
        return Set.of(isoTable);
                     ^
  unsatisfiable constraint: @Immutable String <: @Mutable Object
../jdk/src/java.base/share/classes/java/util/LongSummaryStatistics.java:222: error: [argument.type.incompatible] incompatible argument for parameter args of String.format.
            this.getClass().getSimpleName(),
                                         ^
  found   : @Immutable String
  required: @Mutable Object
../jdk/src/java.base/share/classes/java/util/LongSummaryStatistics.java:223: error: [argument.type.incompatible] incompatible argument for parameter args of String.format.
            getCount(),
                    ^
  found   : @Immutable long
  required: @Mutable Object
../jdk/src/java.base/share/classes/java/util/LongSummaryStatistics.java:224: error: [argument.type.incompatible] incompatible argument for parameter args of String.format.
            getSum(),
                  ^
  found   : @Immutable long
  required: @Mutable Object
../jdk/src/java.base/share/classes/java/util/LongSummaryStatistics.java:225: error: [argument.type.incompatible] incompatible argument for parameter args of String.format.
            getMin(),
                  ^
  found   : @Immutable long
  required: @Mutable Object
../jdk/src/java.base/share/classes/java/util/LongSummaryStatistics.java:226: error: [argument.type.incompatible] incompatible argument for parameter args of String.format.
            getAverage(),
                      ^
  found   : @Immutable double
  required: @Mutable Object
../jdk/src/java.base/share/classes/java/util/LongSummaryStatistics.java:227: error: [argument.type.incompatible] incompatible argument for parameter args of String.format.
            getMax());
                  ^
  found   : @Immutable long
  required: @Mutable Object
../jdk/src/java.base/share/classes/java/util/Objects.java:59: error: [argument.type.incompatible] incompatible argument for parameter detailMessage of AssertionError constructor.
        throw new AssertionError("No java.util.Objects instances for you!");
                                 ^
  found   : @Immutable String
  required: @Mutable Object
../jdk/src/java.base/share/classes/java/util/Objects.java:339: error: [type.argument.inference.crashed] Type argument inference crashed for Objects.requireNonNull
                : requireNonNull(requireNonNull(supplier, "supplier").get(), "supplier.get()");
                                               ^
  error: An exception occurred: getElementValueArray(@org.checkerframework.framework.qual.Covariant({0}), value(), ...)
../jdk/src/java.base/share/classes/java/util/Vector.java:553: error: [assignment.type.incompatible] incompatible types in assignment.
        elementData[index] = obj;
                             ^
  found   : E extends @Readonly Object
  required: @Mutable Object
../jdk/src/java.base/share/classes/java/util/Vector.java:628: error: [assignment.type.incompatible] incompatible types in assignment.
        elementData[index] = obj;
                             ^
  found   : E extends @Readonly Object
  required: @Mutable Object
../jdk/src/java.base/share/classes/java/util/Vector.java:703: error: [argument.type.incompatible] incompatible argument for parameter cause of InternalError constructor.
            throw new InternalError(e);
                                    ^
  found   : @Readonly CloneNotSupportedException
  required: @Mutable Throwable
../jdk/src/java.base/share/classes/java/util/Vector.java:803: error: [assignment.type.incompatible] incompatible types in assignment.
        elementData[index] = element;
                             ^
  found   : E extends @Readonly Object
  required: @Mutable Object
../jdk/src/java.base/share/classes/java/util/Vector.java:815: error: [assignment.type.incompatible] incompatible types in assignment.
        elementData[s] = e;
                         ^
  found   : E extends @Readonly Object
  required: @Mutable Object
../jdk/src/java.base/share/classes/java/util/Vector.java:965: error: [argument.type.incompatible] incompatible argument for parameter o of Collection.contains.
        return bulkRemove(e -> c.contains(e));
                                          ^
  found   : E extends @Readonly Object
  required: @Mutable Object
../jdk/src/java.base/share/classes/java/util/Vector.java:989: error: [argument.type.incompatible] incompatible argument for parameter o of Collection.contains.
        return bulkRemove(e -> !c.contains(e));
                                           ^
  found   : E extends @Readonly Object
  required: @Mutable Object
../jdk/src/java.base/share/classes/java/util/Vector.java:1417: error: [assignment.type.incompatible] incompatible types in assignment.
            es[i] = operator.apply(elementAt(es, i));
                                  ^
  found   : E extends @Readonly Object
  required: @Mutable Object
../jdk/src/java.base/share/classes/java/util/OptionalDouble.java:369: error: [argument.type.incompatible] incompatible argument for parameter args of String.format.
                ? String.format("OptionalDouble[%s]", value)
                                                      ^
  found   : @Immutable double
  required: @Mutable Object
../jdk/src/java.base/share/classes/java/util/OptionalInt.java:367: error: [argument.type.incompatible] incompatible argument for parameter args of String.format.
                ? String.format("OptionalInt[%s]", value)
                                                   ^
  found   : @Immutable int
  required: @Mutable Object
../jdk/src/java.base/share/classes/java/util/OptionalLong.java:367: error: [argument.type.incompatible] incompatible argument for parameter args of String.format.
                ? String.format("OptionalLong[%s]", value)
                                                    ^
  found   : @Immutable long
  required: @Mutable Object
../jdk/src/java.base/share/classes/java/util/PriorityQueue.java:694: error: [assignment.type.incompatible] incompatible types in assignment.
        es[k] = x;
                ^
  found   : T extends @Readonly Object
  required: @Mutable Object
../jdk/src/java.base/share/classes/java/util/PriorityQueue.java:746: error: [assignment.type.incompatible] incompatible types in assignment.
        es[k] = x;
                ^
  found   : T extends @Readonly Object
  required: @Mutable Object
../jdk/src/java.base/share/classes/java/util/PropertyPermission.java:219: error: [argument.type.incompatible] incompatible argument for parameter anObject of String.equals.
                && this.getName().equals(that.getName());
                                                     ^
  found   : @Immutable String
  required: @Mutable Object
error: getElementValueArray(@org.checkerframework.framework.qual.Covariant({2}), value(), ...)
  ; The Checker Framework crashed.  Please report the crash.  Version: Checker Framework 3.49.1-eisop2-SNAPSHOT, branch pico-move-hack, 2025-04-15, commit 3e4c231, dirty=true. 
  Checker: class org.checkerframework.checker.pico.PICONoInitSubchecker
  Visitor: class org.checkerframework.checker.pico.PICONoInitVisitor
  Compilation unit: ../jdk/src/java.base/share/classes/java/util/PropertyPermission.java
  Last visited tree at line 482 column 31:
          perms.merge(propName, pp,
  Exception: java.lang.Throwable; java.lang.Throwable
  	at org.checkerframework.javacutil.BugInCF.<init>(BugInCF.java:39)
  	at org.checkerframework.javacutil.AnnotationUtils.getElementValueArray(AnnotationUtils.java:1119)
  	at org.checkerframework.framework.type.DefaultTypeHierarchy.getCovariantArgIndexes(DefaultTypeHierarchy.java:651)
  	at org.checkerframework.framework.type.DefaultTypeHierarchy.visitTypeArgs(DefaultTypeHierarchy.java:614)
  	at org.checkerframework.framework.type.DefaultTypeHierarchy.visitDeclared_Declared(DefaultTypeHierarchy.java:565)
  	at org.checkerframework.framework.type.DefaultTypeHierarchy.visitDeclared_Declared(DefaultTypeHierarchy.java:51)
  	at org.checkerframework.framework.util.AtmCombo.accept(AtmCombo.java:315)
  	at org.checkerframework.framework.type.DefaultTypeHierarchy.isSubtype(DefaultTypeHierarchy.java:264)
  	at org.checkerframework.framework.type.DefaultTypeHierarchy.isSubtype(DefaultTypeHierarchy.java:140)
  	at org.checkerframework.common.basetype.BaseTypeVisitor.commonAssignmentCheck(BaseTypeVisitor.java:3402)
  	at org.checkerframework.checker.pico.PICONoInitVisitor.commonAssignmentCheck(PICONoInitVisitor.java:560)
  	at org.checkerframework.common.basetype.BaseTypeVisitor.commonAssignmentCheck(BaseTypeVisitor.java:3376)
  	at org.checkerframework.common.basetype.BaseTypeVisitor.checkArguments(BaseTypeVisitor.java:4011)
  	at org.checkerframework.common.basetype.BaseTypeVisitor.visitMethodInvocation(BaseTypeVisitor.java:2078)
  	at org.checkerframework.checker.pico.PICONoInitVisitor.visitMethodInvocation(PICONoInitVisitor.java:414)
  	at org.checkerframework.checker.pico.PICONoInitVisitor.visitMethodInvocation(PICONoInitVisitor.java:50)
  	at jdk.compiler/com.sun.tools.javac.tree.JCTree$JCMethodInvocation.accept(JCTree.java:1813)
  	at jdk.compiler/com.sun.source.util.TreePathScanner.scan(TreePathScanner.java:86)
  	at org.checkerframework.framework.source.SourceVisitor.scan(SourceVisitor.java:97)
  	at org.checkerframework.common.basetype.BaseTypeVisitor.scan(BaseTypeVisitor.java:439)
  	at org.checkerframework.common.basetype.BaseTypeVisitor.scan(BaseTypeVisitor.java:197)
  	at jdk.compiler/com.sun.source.util.TreeScanner.visitExpressionStatement(TreeScanner.java:502)
  	at jdk.compiler/com.sun.tools.javac.tree.JCTree$JCExpressionStatement.accept(JCTree.java:1592)
  	at jdk.compiler/com.sun.source.util.TreePathScanner.scan(TreePathScanner.java:86)
  	at org.checkerframework.framework.source.SourceVisitor.scan(SourceVisitor.java:97)
  	at org.checkerframework.common.basetype.BaseTypeVisitor.scan(BaseTypeVisitor.java:439)
  	at org.checkerframework.common.basetype.BaseTypeVisitor.scan(BaseTypeVisitor.java:197)
  	at jdk.compiler/com.sun.source.util.TreeScanner.scanAndReduce(TreeScanner.java:96)
  	at jdk.compiler/com.sun.source.util.TreeScanner.scan(TreeScanner.java:111)
  	at jdk.compiler/com.sun.source.util.TreeScanner.visitBlock(TreeScanner.java:272)
  	at jdk.compiler/com.sun.tools.javac.tree.JCTree$JCBlock.accept(JCTree.java:1103)
  	at jdk.compiler/com.sun.source.util.TreePathScanner.scan(TreePathScanner.java:86)
  	at org.checkerframework.framework.source.SourceVisitor.scan(SourceVisitor.java:97)
  	at org.checkerframework.common.basetype.BaseTypeVisitor.scan(BaseTypeVisitor.java:439)
  	at org.checkerframework.common.basetype.BaseTypeVisitor.scan(BaseTypeVisitor.java:197)
  	at jdk.compiler/com.sun.source.util.TreeScanner.scanAndReduce(TreeScanner.java:96)
  	at jdk.compiler/com.sun.source.util.TreeScanner.visitMethod(TreeScanner.java:224)
  	at org.checkerframework.framework.source.SourceVisitor.visitMethod(SourceVisitor.java:115)
  	at org.checkerframework.common.basetype.BaseTypeVisitor.processMethodTree(BaseTypeVisitor.java:1119)
  	at org.checkerframework.checker.pico.PICONoInitVisitor.processMethodTree(PICONoInitVisitor.java:210)
  	at org.checkerframework.common.basetype.BaseTypeVisitor.visitMethod(BaseTypeVisitor.java:1011)
  	at org.checkerframework.common.basetype.BaseTypeVisitor.visitMethod(BaseTypeVisitor.java:197)
  	at jdk.compiler/com.sun.tools.javac.tree.JCTree$JCMethodDecl.accept(JCTree.java:953)
  	at jdk.compiler/com.sun.source.util.TreePathScanner.scan(TreePathScanner.java:86)
  	at org.checkerframework.framework.source.SourceVisitor.scan(SourceVisitor.java:97)
  	at org.checkerframework.common.basetype.BaseTypeVisitor.scan(BaseTypeVisitor.java:439)
  	at org.checkerframework.common.basetype.BaseTypeVisitor.scan(BaseTypeVisitor.java:197)
  	at jdk.compiler/com.sun.source.util.TreeScanner.scanAndReduce(TreeScanner.java:96)
  	at jdk.compiler/com.sun.source.util.TreeScanner.scan(TreeScanner.java:111)
  	at jdk.compiler/com.sun.source.util.TreeScanner.scanAndReduce(TreeScanner.java:119)
  	at jdk.compiler/com.sun.source.util.TreeScanner.visitClass(TreeScanner.java:203)
  	at org.checkerframework.framework.source.SourceVisitor.visitClass(SourceVisitor.java:103)
  	at org.checkerframework.common.basetype.BaseTypeVisitor.processClassTree(BaseTypeVisitor.java:643)
  	at org.checkerframework.checker.pico.PICONoInitVisitor.processClassTree(PICONoInitVisitor.java:489)
  	at org.checkerframework.common.basetype.BaseTypeVisitor.visitClass(BaseTypeVisitor.java:598)
  	at org.checkerframework.common.basetype.BaseTypeVisitor.visitClass(BaseTypeVisitor.java:197)
  	at jdk.compiler/com.sun.tools.javac.tree.JCTree$JCClassDecl.accept(JCTree.java:860)
  	at jdk.compiler/com.sun.source.util.TreePathScanner.scan(TreePathScanner.java:60)
  	at org.checkerframework.framework.source.SourceVisitor.visit(SourceVisitor.java:91)
  	at org.checkerframework.framework.source.SourceChecker.typeProcess(SourceChecker.java:1409)
  	at org.checkerframework.framework.source.SourceChecker.typeProcess(SourceChecker.java:1324)
  	at org.checkerframework.javacutil.AbstractTypeProcessor$AttributionTaskListener.finished(AbstractTypeProcessor.java:193)
  	at jdk.compiler/com.sun.tools.javac.api.ClientCodeWrapper$WrappedTaskListener.finished(ClientCodeWrapper.java:854)
  	at jdk.compiler/com.sun.tools.javac.api.MultiTaskListener.finished(MultiTaskListener.java:132)
  	at jdk.compiler/com.sun.tools.javac.main.JavaCompiler.flow(JavaCompiler.java:1397)
  	at jdk.compiler/com.sun.tools.javac.main.JavaCompiler.flow(JavaCompiler.java:1354)
  	at jdk.compiler/com.sun.tools.javac.main.JavaCompiler.compile(JavaCompiler.java:946)
  	at jdk.compiler/com.sun.tools.javac.main.Main.compile(Main.java:317)
  	at jdk.compiler/com.sun.tools.javac.main.Main.compile(Main.java:176)
  	at jdk.compiler/com.sun.tools.javac.Main.compile(Main.java:64)
  	at jdk.compiler/com.sun.tools.javac.Main.main(Main.java:50)
../jdk/src/java.base/share/classes/java/util/PropertyPermission.java:438: error: [type.argument.type.incompatible] incompatible type argument for type parameter K of ConcurrentHashMap.
    private transient ConcurrentHashMap<String, PropertyPermission> perms;
                                        ^
  found   : @Immutable String
  required: @Mutable Object
../jdk/src/java.base/share/classes/java/util/PropertyPermission.java:452: error: [type.arguments.not.inferred] Could not infer type arguments for ConcurrentHashMap constructor
        perms = new ConcurrentHashMap<>(32);     // Capacity for default policy
                ^
  unsatisfiable constraint: @Immutable String <: @Mutable Object
../jdk/src/java.base/share/classes/java/util/PropertyResourceBundle.java:181: error: [argument.type.incompatible] incompatible argument for parameter anObject of String.equals.
            "ISO-8859-1".equals(encoding) ?
                                ^
  found   : @Immutable String
  required: @Mutable Object
../jdk/src/java.base/share/classes/java/util/PropertyResourceBundle.java:183: error: [argument.type.incompatible] incompatible argument for parameter anObject of String.equals.
                new PropertyResourceBundleCharset("UTF-8".equals(encoding)).newDecoder()));
                                                                 ^
  found   : @Immutable String
  required: @Mutable Object
../jdk/src/java.base/share/classes/java/util/PropertyResourceBundle.java:212: error: [argument.type.incompatible] incompatible argument for parameter key of Map.get.
        return lookup.get(key);
                          ^
  found   : @Immutable String
  required: @Mutable Object
error: getElementValueArray(@org.checkerframework.framework.qual.Covariant({0}), value(), ...)
  ; The Checker Framework crashed.  Please report the crash.  Version: Checker Framework 3.49.1-eisop2-SNAPSHOT, branch pico-move-hack, 2025-04-15, commit 3e4c231, dirty=true. 
  Checker: class org.checkerframework.checker.pico.PICONoInitSubchecker
  Visitor: class org.checkerframework.checker.pico.PICONoInitVisitor
  Compilation unit: ../jdk/src/java.base/share/classes/java/util/RegularEnumSet.java
  Last visited tree at line 49 column 1:
  @AnnotatedFor({"index"})
  Exception: java.lang.Throwable; java.lang.Throwable
  	at org.checkerframework.javacutil.BugInCF.<init>(BugInCF.java:39)
  	at org.checkerframework.javacutil.AnnotationUtils.getElementValueArray(AnnotationUtils.java:1119)
  	at org.checkerframework.framework.type.DefaultTypeHierarchy.getCovariantArgIndexes(DefaultTypeHierarchy.java:651)
  	at org.checkerframework.framework.type.DefaultTypeHierarchy.visitTypeArgs(DefaultTypeHierarchy.java:614)
  	at org.checkerframework.framework.type.DefaultTypeHierarchy.visitDeclared_Declared(DefaultTypeHierarchy.java:565)
  	at org.checkerframework.framework.type.DefaultTypeHierarchy.visitDeclared_Declared(DefaultTypeHierarchy.java:51)
  	at org.checkerframework.framework.util.AtmCombo.accept(AtmCombo.java:315)
  	at org.checkerframework.framework.type.DefaultTypeHierarchy.isSubtype(DefaultTypeHierarchy.java:264)
  	at org.checkerframework.framework.type.DefaultTypeHierarchy.isSubtypeCaching(DefaultTypeHierarchy.java:320)
  	at org.checkerframework.framework.type.DefaultTypeHierarchy.visitTypevar_Type(DefaultTypeHierarchy.java:1241)
  	at org.checkerframework.framework.type.DefaultTypeHierarchy.visitTypevar_Declared(DefaultTypeHierarchy.java:959)
  	at org.checkerframework.framework.type.DefaultTypeHierarchy.visitTypevar_Declared(DefaultTypeHierarchy.java:51)
  	at org.checkerframework.framework.util.AtmCombo.accept(AtmCombo.java:639)
  	at org.checkerframework.framework.type.DefaultTypeHierarchy.isSubtype(DefaultTypeHierarchy.java:264)
  	at org.checkerframework.framework.type.DefaultTypeHierarchy.isSubtype(DefaultTypeHierarchy.java:140)
  	at org.checkerframework.common.basetype.BaseTypeVisitor.commonAssignmentCheck(BaseTypeVisitor.java:3402)
  	at org.checkerframework.checker.pico.PICONoInitVisitor.commonAssignmentCheck(PICONoInitVisitor.java:560)
  	at org.checkerframework.common.basetype.BaseTypeVisitor.checkTypeArguments(BaseTypeVisitor.java:3769)
  	at org.checkerframework.common.basetype.BaseTypeValidator.visitParameterizedType(BaseTypeValidator.java:572)
  	at org.checkerframework.common.basetype.BaseTypeValidator.visitDeclared(BaseTypeValidator.java:351)
  	at org.checkerframework.checker.pico.PICOValidator.visitDeclared(PICOValidator.java:57)
  	at org.checkerframework.checker.pico.PICOValidator.visitDeclared(PICOValidator.java:32)
  	at org.checkerframework.framework.type.AnnotatedTypeMirror$AnnotatedDeclaredType.accept(AnnotatedTypeMirror.java:1055)
  	at org.checkerframework.framework.type.visitor.AnnotatedTypeScanner.scan(AnnotatedTypeScanner.java:207)
  	at org.checkerframework.common.basetype.BaseTypeValidator.visitTypeParameterBounds(BaseTypeValidator.java:413)
  	at org.checkerframework.common.basetype.BaseTypeValidator.visitTypeVariable(BaseTypeValidator.java:682)
  	at org.checkerframework.common.basetype.BaseTypeValidator.visitTypeVariable(BaseTypeValidator.java:65)
  	at org.checkerframework.framework.type.AnnotatedTypeMirror$AnnotatedTypeVariable.accept(AnnotatedTypeMirror.java:1947)
  	at org.checkerframework.framework.type.visitor.AnnotatedTypeScanner.scan(AnnotatedTypeScanner.java:207)
  	at org.checkerframework.common.basetype.BaseTypeValidator.visitClassTypeParameters(BaseTypeValidator.java:399)
  	at org.checkerframework.common.basetype.BaseTypeValidator.visitDeclared(BaseTypeValidator.java:327)
  	at org.checkerframework.checker.pico.PICOValidator.visitDeclared(PICOValidator.java:57)
  	at org.checkerframework.checker.pico.PICOValidator.visitDeclared(PICOValidator.java:32)
  	at org.checkerframework.framework.type.AnnotatedTypeMirror$AnnotatedDeclaredType.accept(AnnotatedTypeMirror.java:1055)
  	at org.checkerframework.framework.type.visitor.AnnotatedTypeScanner.scan(AnnotatedTypeScanner.java:207)
  	at org.checkerframework.framework.type.visitor.AnnotatedTypeScanner.visit(AnnotatedTypeScanner.java:195)
  	at org.checkerframework.common.basetype.BaseTypeValidator.isValid(BaseTypeValidator.java:124)
  	at org.checkerframework.common.basetype.BaseTypeVisitor.validateType(BaseTypeVisitor.java:5211)
  	at org.checkerframework.common.basetype.BaseTypeVisitor.processClassTree(BaseTypeVisitor.java:621)
  	at org.checkerframework.checker.pico.PICONoInitVisitor.processClassTree(PICONoInitVisitor.java:489)
  	at org.checkerframework.common.basetype.BaseTypeVisitor.visitClass(BaseTypeVisitor.java:598)
  	at org.checkerframework.common.basetype.BaseTypeVisitor.visitClass(BaseTypeVisitor.java:197)
  	at jdk.compiler/com.sun.tools.javac.tree.JCTree$JCClassDecl.accept(JCTree.java:860)
  	at jdk.compiler/com.sun.source.util.TreePathScanner.scan(TreePathScanner.java:60)
  	at org.checkerframework.framework.source.SourceVisitor.visit(SourceVisitor.java:91)
  	at org.checkerframework.framework.source.SourceChecker.typeProcess(SourceChecker.java:1409)
  	at org.checkerframework.framework.source.SourceChecker.typeProcess(SourceChecker.java:1324)
  	at org.checkerframework.javacutil.AbstractTypeProcessor$AttributionTaskListener.finished(AbstractTypeProcessor.java:193)
  	at jdk.compiler/com.sun.tools.javac.api.ClientCodeWrapper$WrappedTaskListener.finished(ClientCodeWrapper.java:854)
  	at jdk.compiler/com.sun.tools.javac.api.MultiTaskListener.finished(MultiTaskListener.java:132)
  	at jdk.compiler/com.sun.tools.javac.main.JavaCompiler.flow(JavaCompiler.java:1397)
  	at jdk.compiler/com.sun.tools.javac.main.JavaCompiler.flow(JavaCompiler.java:1354)
  	at jdk.compiler/com.sun.tools.javac.main.JavaCompiler.compile(JavaCompiler.java:946)
  	at jdk.compiler/com.sun.tools.javac.main.Main.compile(Main.java:317)
  	at jdk.compiler/com.sun.tools.javac.main.Main.compile(Main.java:176)
  	at jdk.compiler/com.sun.tools.javac.Main.compile(Main.java:64)
  	at jdk.compiler/com.sun.tools.javac.Main.main(Main.java:50)
../jdk/src/java.base/share/classes/java/util/Scanner.java:627: error: [argument.type.incompatible] incompatible argument for parameter arg0 of IllegalArgumentException constructor.
            throw new IllegalArgumentException(e);
                                               ^
  found   : @Readonly IllegalCharsetNameException | @Readonly UnsupportedCharsetException
  required: @Mutable Throwable
../jdk/src/java.base/share/classes/java/util/Scanner.java:901: error: [assignment.type.incompatible] incompatible types in assignment.
            lastException = ioe;
                            ^
  found   : @Readonly IOException
  required: @Mutable IOException
../jdk/src/java.base/share/classes/java/util/Scanner.java:1192: error: [assignment.type.incompatible] incompatible types in assignment.
                lastException = ioe;
                                ^
  found   : @Readonly IOException
  required: @Mutable IOException
../jdk/src/java.base/share/classes/java/util/Scanner.java:1960: error: [assignment.type.incompatible] incompatible types in assignment.
                typeCache = Byte.parseByte(s, radix);
                                          ^
  found   : @Immutable byte
  required: @Mutable Object
../jdk/src/java.base/share/classes/java/util/Scanner.java:2036: error: [method.invocation.invalid] call to getMessage() not allowed on the given receiver.
            throw new InputMismatchException(nfe.getMessage());
                                                           ^
  found   : @Readonly NumberFormatException
  required: @Mutable Throwable
../jdk/src/java.base/share/classes/java/util/Scanner.java:2078: error: [assignment.type.incompatible] incompatible types in assignment.
                typeCache = Short.parseShort(s, radix);
                                            ^
  found   : @Immutable short
  required: @Mutable Object
../jdk/src/java.base/share/classes/java/util/Scanner.java:2154: error: [method.invocation.invalid] call to getMessage() not allowed on the given receiver.
            throw new InputMismatchException(nfe.getMessage());
                                                           ^
  found   : @Readonly NumberFormatException
  required: @Mutable Throwable
../jdk/src/java.base/share/classes/java/util/Scanner.java:2196: error: [assignment.type.incompatible] incompatible types in assignment.
                typeCache = Integer.parseInt(s, radix);
                                            ^
  found   : @Immutable int
  required: @Mutable Object
../jdk/src/java.base/share/classes/java/util/Scanner.java:2296: error: [method.invocation.invalid] call to getMessage() not allowed on the given receiver.
            throw new InputMismatchException(nfe.getMessage());
                                                           ^
  found   : @Readonly NumberFormatException
  required: @Mutable Throwable
../jdk/src/java.base/share/classes/java/util/Scanner.java:2338: error: [assignment.type.incompatible] incompatible types in assignment.
                typeCache = Long.parseLong(s, radix);
                                          ^
  found   : @Immutable long
  required: @Mutable Object
../jdk/src/java.base/share/classes/java/util/Scanner.java:2413: error: [method.invocation.invalid] call to getMessage() not allowed on the given receiver.
            throw new InputMismatchException(nfe.getMessage());
                                                           ^
  found   : @Readonly NumberFormatException
  required: @Mutable Throwable
../jdk/src/java.base/share/classes/java/util/Scanner.java:2427: error: [argument.type.incompatible] incompatible argument for parameter anObject of String.equals.
        if (!decimalSeparator.equals("\\."))
                                     ^
  found   : @Immutable String
  required: @Mutable Object
../jdk/src/java.base/share/classes/java/util/Scanner.java:2441: error: [argument.type.incompatible] incompatible argument for parameter anObject of String.equals.
        if (result.equals(nanString))
                          ^
  found   : @Immutable String
  required: @Mutable Object
../jdk/src/java.base/share/classes/java/util/Scanner.java:2443: error: [argument.type.incompatible] incompatible argument for parameter anObject of String.equals.
        if (result.equals(infinityString))
                          ^
  found   : @Immutable String
  required: @Mutable Object
../jdk/src/java.base/share/classes/java/util/Scanner.java:2449: error: [argument.type.incompatible] incompatible argument for parameter input of Pattern.matcher.
        Matcher m = NON_ASCII_DIGIT.matcher(result);
                                            ^
  found   : @Immutable String
  required: @Mutable CharSequence
../jdk/src/java.base/share/classes/java/util/Scanner.java:2486: error: [assignment.type.incompatible] incompatible types in assignment.
                typeCache = Float.valueOf(Float.parseFloat(s));
                                         ^
  found   : @Immutable Float
  required: @Mutable Object
../jdk/src/java.base/share/classes/java/util/Scanner.java:2534: error: [method.invocation.invalid] call to getMessage() not allowed on the given receiver.
            throw new InputMismatchException(nfe.getMessage());
                                                           ^
  found   : @Readonly NumberFormatException
  required: @Mutable Throwable
../jdk/src/java.base/share/classes/java/util/Scanner.java:2554: error: [assignment.type.incompatible] incompatible types in assignment.
                typeCache = Double.valueOf(Double.parseDouble(s));
                                          ^
  found   : @Immutable Double
  required: @Mutable Object
../jdk/src/java.base/share/classes/java/util/Scanner.java:2603: error: [method.invocation.invalid] call to getMessage() not allowed on the given receiver.
            throw new InputMismatchException(nfe.getMessage());
                                                           ^
  found   : @Readonly NumberFormatException
  required: @Mutable Throwable
../jdk/src/java.base/share/classes/java/util/Scanner.java:2649: error: [assignment.type.incompatible] incompatible types in assignment.
                typeCache = new BigInteger(s, radix);
                            ^
  found   : @Immutable BigInteger
  required: @Mutable Object
../jdk/src/java.base/share/classes/java/util/Scanner.java:2720: error: [method.invocation.invalid] call to getMessage() not allowed on the given receiver.
            throw new InputMismatchException(nfe.getMessage());
                                                           ^
  found   : @Readonly NumberFormatException
  required: @Mutable Throwable
../jdk/src/java.base/share/classes/java/util/Scanner.java:2741: error: [assignment.type.incompatible] incompatible types in assignment.
                typeCache = new BigDecimal(s);
                            ^
  found   : @Immutable BigDecimal
  required: @Mutable Object
../jdk/src/java.base/share/classes/java/util/Scanner.java:2783: error: [method.invocation.invalid] call to getMessage() not allowed on the given receiver.
            throw new InputMismatchException(nfe.getMessage());
                                                           ^
  found   : @Readonly NumberFormatException
  required: @Mutable Throwable
../jdk/src/java.base/share/classes/java/util/Scanner.java:3056: error: [argument.type.incompatible] incompatible argument for parameter anObject of String.equals.
            return p.pattern().equals(s);
                                      ^
  found   : @Immutable String
  required: @Mutable Object
../jdk/src/java.base/share/classes/java/util/Spliterators.java:1350: error: [assignment.type.incompatible] incompatible types in assignment.
                this.value = value;
                             ^
  found   : T extends @Readonly Object
  required: @Mutable Object
../jdk/src/java.base/share/classes/java/util/Spliterators.java:1849: error: [assignment.type.incompatible] incompatible types in assignment.
                do { a[j] = i.next(); } while (++j < n && i.hasNext());
                                  ^
  found   : capture#05 extends T extends @Readonly Object
  required: @Mutable Object
../jdk/src/java.base/share/classes/java/util/SimpleTimeZone.java:892: error: [argument.type.incompatible] incompatible argument for parameter anObject of String.equals.
                && getID().equals(that.getID())
                                            ^
  found   : @Immutable String
  required: @Mutable Object
../jdk/src/java.base/share/classes/java/util/StringJoiner.java:113: error: [argument.type.incompatible] incompatible argument for parameter prefix of StringJoiner constructor.
        this(delimiter, "", "");
                        ^
  found   : @Immutable String
  required: @Mutable CharSequence
../jdk/src/java.base/share/classes/java/util/StringJoiner.java:113: error: [argument.type.incompatible] incompatible argument for parameter suffix of StringJoiner constructor.
        this(delimiter, "", "");
                            ^
  found   : @Immutable String
  required: @Mutable CharSequence
../jdk/src/java.base/share/classes/java/util/StringJoiner.java:245: error: [argument.type.incompatible] incompatible argument for parameter newElement of StringJoiner.add.
        return add(other.elts[0]);
                             ^
  found   : @Immutable String
  required: @Mutable CharSequence
../jdk/src/java.base/share/classes/java/util/StringJoiner.java:252: error: [argument.type.incompatible] incompatible argument for parameter a of Arrays.fill.
            Arrays.fill(elts, 1, sz, null);
                        ^
  found   : @Immutable String @Mutable []
  required: @Mutable Object @Mutable []
../jdk/src/java.base/share/classes/java/util/StringTokenizer.java:416: error: [return.type.incompatible] incompatible types in return.
        return nextToken();
                        ^
  type of expression: @Immutable String
  method return type: @Mutable Object
../jdk/src/java.base/share/classes/java/util/TimSort.java:362: error: [argument.type.incompatible] incompatible argument for parameter a of TimSort.reverseRange.
            reverseRange(a, lo, runHi);
                         ^
  found   : T extends @Readonly Object @Mutable []
  required: @Mutable Object @Mutable []
error: getElementValue(@org.checkerframework.framework.qual.QualifierArgument("value"), value(), ...)
  ; The Checker Framework crashed.  Please report the crash.  Version: Checker Framework 3.49.1-eisop2-SNAPSHOT, branch pico-move-hack, 2025-04-15, commit 3e4c231, dirty=true. 
  Checker: class org.checkerframework.checker.pico.PICONoInitSubchecker
  Visitor: class org.checkerframework.checker.pico.PICONoInitVisitor
  Compilation unit: ../jdk/src/java.base/share/classes/java/util/TreeMap.java
  Last visited tree at line 1463 column 71:
          public boolean contains(@UnknownSignedness Object o) { return m.containsKey(o); }
  Exception: org.checkerframework.javacutil.BugInCF: getElementValue(@org.checkerframework.framework.qual.QualifierArgument("value"), value(), ...); org.checkerframework.javacutil.BugInCF: getElementValue(@org.checkerframework.framework.qual.QualifierArgument("value"), value(), ...)
  	at org.checkerframework.javacutil.AnnotationUtils.getElementValue(AnnotationUtils.java:910)
  	at org.checkerframework.framework.util.DefaultContractsFromMethod.makeArgumentRenaming(DefaultContractsFromMethod.java:330)
  	at org.checkerframework.framework.util.DefaultContractsFromMethod.getQualifierEnforcedByContractAnnotation(DefaultContractsFromMethod.java:255)
  	at org.checkerframework.framework.util.DefaultContractsFromMethod.getContractsOfKind(DefaultContractsFromMethod.java:164)
  	at org.checkerframework.framework.util.DefaultContractsFromMethod.getConditionalPostconditions(DefaultContractsFromMethod.java:110)
  	at org.checkerframework.framework.flow.CFAbstractTransfer.processConditionalPostconditions(CFAbstractTransfer.java:1291)
  	at org.checkerframework.framework.flow.CFAbstractTransfer.visitMethodInvocation(CFAbstractTransfer.java:1160)
  	at org.checkerframework.framework.flow.CFAbstractTransfer.visitMethodInvocation(CFAbstractTransfer.java:104)
  	at org.checkerframework.dataflow.cfg.node.MethodInvocationNode.accept(MethodInvocationNode.java:156)
  	at org.checkerframework.dataflow.analysis.AbstractAnalysis.callTransferFunction(AbstractAnalysis.java:389)
  	at org.checkerframework.dataflow.analysis.ForwardAnalysisImpl.callTransferFunction(ForwardAnalysisImpl.java:393)
  	at org.checkerframework.framework.flow.CFAbstractAnalysis.callTransferFunction(CFAbstractAnalysis.java:245)
  	at org.checkerframework.dataflow.analysis.ForwardAnalysisImpl.performAnalysisBlock(ForwardAnalysisImpl.java:157)
  	at org.checkerframework.dataflow.analysis.ForwardAnalysisImpl.performAnalysis(ForwardAnalysisImpl.java:110)
  	at org.checkerframework.framework.flow.CFAbstractAnalysis.performAnalysis(CFAbstractAnalysis.java:154)
  	at org.checkerframework.framework.type.GenericAnnotatedTypeFactory.analyze(GenericAnnotatedTypeFactory.java:1628)
  	at org.checkerframework.framework.type.GenericAnnotatedTypeFactory.performFlowAnalysis(GenericAnnotatedTypeFactory.java:1517)
  	at org.checkerframework.framework.type.GenericAnnotatedTypeFactory.checkAndPerformFlowAnalysis(GenericAnnotatedTypeFactory.java:2132)
  	at org.checkerframework.framework.type.GenericAnnotatedTypeFactory.preProcessClassTree(GenericAnnotatedTypeFactory.java:451)
  	at org.checkerframework.common.basetype.BaseTypeVisitor.visitClass(BaseTypeVisitor.java:588)
  	at org.checkerframework.common.basetype.BaseTypeVisitor.visitClass(BaseTypeVisitor.java:197)
  	at jdk.compiler/com.sun.tools.javac.tree.JCTree$JCClassDecl.accept(JCTree.java:860)
  	at jdk.compiler/com.sun.source.util.TreePathScanner.scan(TreePathScanner.java:60)
  	at org.checkerframework.framework.source.SourceVisitor.visit(SourceVisitor.java:91)
  	at org.checkerframework.framework.source.SourceChecker.typeProcess(SourceChecker.java:1409)
  	at org.checkerframework.framework.source.SourceChecker.typeProcess(SourceChecker.java:1324)
  	at org.checkerframework.javacutil.AbstractTypeProcessor$AttributionTaskListener.finished(AbstractTypeProcessor.java:193)
  	at jdk.compiler/com.sun.tools.javac.api.ClientCodeWrapper$WrappedTaskListener.finished(ClientCodeWrapper.java:854)
  	at jdk.compiler/com.sun.tools.javac.api.MultiTaskListener.finished(MultiTaskListener.java:132)
  	at jdk.compiler/com.sun.tools.javac.main.JavaCompiler.flow(JavaCompiler.java:1397)
  	at jdk.compiler/com.sun.tools.javac.main.JavaCompiler.flow(JavaCompiler.java:1354)
  	at jdk.compiler/com.sun.tools.javac.main.JavaCompiler.compile(JavaCompiler.java:946)
  	at jdk.compiler/com.sun.tools.javac.main.Main.compile(Main.java:317)
  	at jdk.compiler/com.sun.tools.javac.main.Main.compile(Main.java:176)
  	at jdk.compiler/com.sun.tools.javac.Main.compile(Main.java:64)
  	at jdk.compiler/com.sun.tools.javac.Main.main(Main.java:50)
  Caused by: java.lang.Throwable
  	at org.checkerframework.javacutil.BugInCF.<init>(BugInCF.java:39)
  	... 36 more
  
  Underlying Exception: java.lang.Throwable; java.lang.Throwable
  	at org.checkerframework.javacutil.BugInCF.<init>(BugInCF.java:39)
  	at org.checkerframework.javacutil.AnnotationUtils.getElementValue(AnnotationUtils.java:910)
  	at org.checkerframework.framework.util.DefaultContractsFromMethod.makeArgumentRenaming(DefaultContractsFromMethod.java:330)
  	at org.checkerframework.framework.util.DefaultContractsFromMethod.getQualifierEnforcedByContractAnnotation(DefaultContractsFromMethod.java:255)
  	at org.checkerframework.framework.util.DefaultContractsFromMethod.getContractsOfKind(DefaultContractsFromMethod.java:164)
  	at org.checkerframework.framework.util.DefaultContractsFromMethod.getConditionalPostconditions(DefaultContractsFromMethod.java:110)
  	at org.checkerframework.framework.flow.CFAbstractTransfer.processConditionalPostconditions(CFAbstractTransfer.java:1291)
  	at org.checkerframework.framework.flow.CFAbstractTransfer.visitMethodInvocation(CFAbstractTransfer.java:1160)
  	at org.checkerframework.framework.flow.CFAbstractTransfer.visitMethodInvocation(CFAbstractTransfer.java:104)
  	at org.checkerframework.dataflow.cfg.node.MethodInvocationNode.accept(MethodInvocationNode.java:156)
  	at org.checkerframework.dataflow.analysis.AbstractAnalysis.callTransferFunction(AbstractAnalysis.java:389)
  	at org.checkerframework.dataflow.analysis.ForwardAnalysisImpl.callTransferFunction(ForwardAnalysisImpl.java:393)
  	at org.checkerframework.framework.flow.CFAbstractAnalysis.callTransferFunction(CFAbstractAnalysis.java:245)
  	at org.checkerframework.dataflow.analysis.ForwardAnalysisImpl.performAnalysisBlock(ForwardAnalysisImpl.java:157)
  	at org.checkerframework.dataflow.analysis.ForwardAnalysisImpl.performAnalysis(ForwardAnalysisImpl.java:110)
  	at org.checkerframework.framework.flow.CFAbstractAnalysis.performAnalysis(CFAbstractAnalysis.java:154)
  	at org.checkerframework.framework.type.GenericAnnotatedTypeFactory.analyze(GenericAnnotatedTypeFactory.java:1628)
  	at org.checkerframework.framework.type.GenericAnnotatedTypeFactory.performFlowAnalysis(GenericAnnotatedTypeFactory.java:1517)
  	at org.checkerframework.framework.type.GenericAnnotatedTypeFactory.checkAndPerformFlowAnalysis(GenericAnnotatedTypeFactory.java:2132)
  	at org.checkerframework.framework.type.GenericAnnotatedTypeFactory.preProcessClassTree(GenericAnnotatedTypeFactory.java:451)
  	at org.checkerframework.common.basetype.BaseTypeVisitor.visitClass(BaseTypeVisitor.java:588)
  	at org.checkerframework.common.basetype.BaseTypeVisitor.visitClass(BaseTypeVisitor.java:197)
  	at jdk.compiler/com.sun.tools.javac.tree.JCTree$JCClassDecl.accept(JCTree.java:860)
  	at jdk.compiler/com.sun.source.util.TreePathScanner.scan(TreePathScanner.java:60)
  	at org.checkerframework.framework.source.SourceVisitor.visit(SourceVisitor.java:91)
  	at org.checkerframework.framework.source.SourceChecker.typeProcess(SourceChecker.java:1409)
  	at org.checkerframework.framework.source.SourceChecker.typeProcess(SourceChecker.java:1324)
  	at org.checkerframework.javacutil.AbstractTypeProcessor$AttributionTaskListener.finished(AbstractTypeProcessor.java:193)
  	at jdk.compiler/com.sun.tools.javac.api.ClientCodeWrapper$WrappedTaskListener.finished(ClientCodeWrapper.java:854)
  	at jdk.compiler/com.sun.tools.javac.api.MultiTaskListener.finished(MultiTaskListener.java:132)
  	at jdk.compiler/com.sun.tools.javac.main.JavaCompiler.flow(JavaCompiler.java:1397)
  	at jdk.compiler/com.sun.tools.javac.main.JavaCompiler.flow(JavaCompiler.java:1354)
  	at jdk.compiler/com.sun.tools.javac.main.JavaCompiler.compile(JavaCompiler.java:946)
  	at jdk.compiler/com.sun.tools.javac.main.Main.compile(Main.java:317)
  	at jdk.compiler/com.sun.tools.javac.main.Main.compile(Main.java:176)
  	at jdk.compiler/com.sun.tools.javac.Main.compile(Main.java:64)
  	at jdk.compiler/com.sun.tools.javac.Main.main(Main.java:50)
error: getElementValue(@org.checkerframework.framework.qual.QualifierArgument("value"), value(), ...)
  ; The Checker Framework crashed.  Please report the crash.  Version: Checker Framework 3.49.1-eisop2-SNAPSHOT, branch pico-move-hack, 2025-04-15, commit 3e4c231, dirty=true. 
  Checker: class org.checkerframework.checker.pico.PICONoInitSubchecker
  Visitor: class org.checkerframework.checker.pico.PICONoInitVisitor
  Compilation unit: ../jdk/src/java.base/share/classes/java/util/TreeSet.java
  Last visited tree at line 257 column 16:
          return m.containsKey(o);
  Exception: org.checkerframework.javacutil.BugInCF: getElementValue(@org.checkerframework.framework.qual.QualifierArgument("value"), value(), ...); org.checkerframework.javacutil.BugInCF: getElementValue(@org.checkerframework.framework.qual.QualifierArgument("value"), value(), ...)
  	at org.checkerframework.javacutil.AnnotationUtils.getElementValue(AnnotationUtils.java:910)
  	at org.checkerframework.framework.util.DefaultContractsFromMethod.makeArgumentRenaming(DefaultContractsFromMethod.java:330)
  	at org.checkerframework.framework.util.DefaultContractsFromMethod.getQualifierEnforcedByContractAnnotation(DefaultContractsFromMethod.java:255)
  	at org.checkerframework.framework.util.DefaultContractsFromMethod.getContractsOfKind(DefaultContractsFromMethod.java:164)
  	at org.checkerframework.framework.util.DefaultContractsFromMethod.getConditionalPostconditions(DefaultContractsFromMethod.java:110)
  	at org.checkerframework.framework.flow.CFAbstractTransfer.processConditionalPostconditions(CFAbstractTransfer.java:1291)
  	at org.checkerframework.framework.flow.CFAbstractTransfer.visitMethodInvocation(CFAbstractTransfer.java:1160)
  	at org.checkerframework.framework.flow.CFAbstractTransfer.visitMethodInvocation(CFAbstractTransfer.java:104)
  	at org.checkerframework.dataflow.cfg.node.MethodInvocationNode.accept(MethodInvocationNode.java:156)
  	at org.checkerframework.dataflow.analysis.AbstractAnalysis.callTransferFunction(AbstractAnalysis.java:389)
  	at org.checkerframework.dataflow.analysis.ForwardAnalysisImpl.callTransferFunction(ForwardAnalysisImpl.java:393)
  	at org.checkerframework.framework.flow.CFAbstractAnalysis.callTransferFunction(CFAbstractAnalysis.java:245)
  	at org.checkerframework.dataflow.analysis.ForwardAnalysisImpl.performAnalysisBlock(ForwardAnalysisImpl.java:157)
  	at org.checkerframework.dataflow.analysis.ForwardAnalysisImpl.performAnalysis(ForwardAnalysisImpl.java:110)
  	at org.checkerframework.framework.flow.CFAbstractAnalysis.performAnalysis(CFAbstractAnalysis.java:154)
  	at org.checkerframework.framework.type.GenericAnnotatedTypeFactory.analyze(GenericAnnotatedTypeFactory.java:1628)
  	at org.checkerframework.framework.type.GenericAnnotatedTypeFactory.performFlowAnalysis(GenericAnnotatedTypeFactory.java:1517)
  	at org.checkerframework.framework.type.GenericAnnotatedTypeFactory.checkAndPerformFlowAnalysis(GenericAnnotatedTypeFactory.java:2132)
  	at org.checkerframework.framework.type.GenericAnnotatedTypeFactory.preProcessClassTree(GenericAnnotatedTypeFactory.java:451)
  	at org.checkerframework.common.basetype.BaseTypeVisitor.visitClass(BaseTypeVisitor.java:588)
  	at org.checkerframework.common.basetype.BaseTypeVisitor.visitClass(BaseTypeVisitor.java:197)
  	at jdk.compiler/com.sun.tools.javac.tree.JCTree$JCClassDecl.accept(JCTree.java:860)
  	at jdk.compiler/com.sun.source.util.TreePathScanner.scan(TreePathScanner.java:60)
  	at org.checkerframework.framework.source.SourceVisitor.visit(SourceVisitor.java:91)
  	at org.checkerframework.framework.source.SourceChecker.typeProcess(SourceChecker.java:1409)
  	at org.checkerframework.framework.source.SourceChecker.typeProcess(SourceChecker.java:1324)
  	at org.checkerframework.javacutil.AbstractTypeProcessor$AttributionTaskListener.finished(AbstractTypeProcessor.java:193)
  	at jdk.compiler/com.sun.tools.javac.api.ClientCodeWrapper$WrappedTaskListener.finished(ClientCodeWrapper.java:854)
  	at jdk.compiler/com.sun.tools.javac.api.MultiTaskListener.finished(MultiTaskListener.java:132)
  	at jdk.compiler/com.sun.tools.javac.main.JavaCompiler.flow(JavaCompiler.java:1397)
  	at jdk.compiler/com.sun.tools.javac.main.JavaCompiler.flow(JavaCompiler.java:1354)
  	at jdk.compiler/com.sun.tools.javac.main.JavaCompiler.compile(JavaCompiler.java:946)
  	at jdk.compiler/com.sun.tools.javac.main.Main.compile(Main.java:317)
  	at jdk.compiler/com.sun.tools.javac.main.Main.compile(Main.java:176)
  	at jdk.compiler/com.sun.tools.javac.Main.compile(Main.java:64)
  	at jdk.compiler/com.sun.tools.javac.Main.main(Main.java:50)
  Caused by: java.lang.Throwable
  	at org.checkerframework.javacutil.BugInCF.<init>(BugInCF.java:39)
  	... 36 more
  
  Underlying Exception: java.lang.Throwable; java.lang.Throwable
  	at org.checkerframework.javacutil.BugInCF.<init>(BugInCF.java:39)
  	at org.checkerframework.javacutil.AnnotationUtils.getElementValue(AnnotationUtils.java:910)
  	at org.checkerframework.framework.util.DefaultContractsFromMethod.makeArgumentRenaming(DefaultContractsFromMethod.java:330)
  	at org.checkerframework.framework.util.DefaultContractsFromMethod.getQualifierEnforcedByContractAnnotation(DefaultContractsFromMethod.java:255)
  	at org.checkerframework.framework.util.DefaultContractsFromMethod.getContractsOfKind(DefaultContractsFromMethod.java:164)
  	at org.checkerframework.framework.util.DefaultContractsFromMethod.getConditionalPostconditions(DefaultContractsFromMethod.java:110)
  	at org.checkerframework.framework.flow.CFAbstractTransfer.processConditionalPostconditions(CFAbstractTransfer.java:1291)
  	at org.checkerframework.framework.flow.CFAbstractTransfer.visitMethodInvocation(CFAbstractTransfer.java:1160)
  	at org.checkerframework.framework.flow.CFAbstractTransfer.visitMethodInvocation(CFAbstractTransfer.java:104)
  	at org.checkerframework.dataflow.cfg.node.MethodInvocationNode.accept(MethodInvocationNode.java:156)
  	at org.checkerframework.dataflow.analysis.AbstractAnalysis.callTransferFunction(AbstractAnalysis.java:389)
  	at org.checkerframework.dataflow.analysis.ForwardAnalysisImpl.callTransferFunction(ForwardAnalysisImpl.java:393)
  	at org.checkerframework.framework.flow.CFAbstractAnalysis.callTransferFunction(CFAbstractAnalysis.java:245)
  	at org.checkerframework.dataflow.analysis.ForwardAnalysisImpl.performAnalysisBlock(ForwardAnalysisImpl.java:157)
  	at org.checkerframework.dataflow.analysis.ForwardAnalysisImpl.performAnalysis(ForwardAnalysisImpl.java:110)
  	at org.checkerframework.framework.flow.CFAbstractAnalysis.performAnalysis(CFAbstractAnalysis.java:154)
  	at org.checkerframework.framework.type.GenericAnnotatedTypeFactory.analyze(GenericAnnotatedTypeFactory.java:1628)
  	at org.checkerframework.framework.type.GenericAnnotatedTypeFactory.performFlowAnalysis(GenericAnnotatedTypeFactory.java:1517)
  	at org.checkerframework.framework.type.GenericAnnotatedTypeFactory.checkAndPerformFlowAnalysis(GenericAnnotatedTypeFactory.java:2132)
  	at org.checkerframework.framework.type.GenericAnnotatedTypeFactory.preProcessClassTree(GenericAnnotatedTypeFactory.java:451)
  	at org.checkerframework.common.basetype.BaseTypeVisitor.visitClass(BaseTypeVisitor.java:588)
  	at org.checkerframework.common.basetype.BaseTypeVisitor.visitClass(BaseTypeVisitor.java:197)
  	at jdk.compiler/com.sun.tools.javac.tree.JCTree$JCClassDecl.accept(JCTree.java:860)
  	at jdk.compiler/com.sun.source.util.TreePathScanner.scan(TreePathScanner.java:60)
  	at org.checkerframework.framework.source.SourceVisitor.visit(SourceVisitor.java:91)
  	at org.checkerframework.framework.source.SourceChecker.typeProcess(SourceChecker.java:1409)
  	at org.checkerframework.framework.source.SourceChecker.typeProcess(SourceChecker.java:1324)
  	at org.checkerframework.javacutil.AbstractTypeProcessor$AttributionTaskListener.finished(AbstractTypeProcessor.java:193)
  	at jdk.compiler/com.sun.tools.javac.api.ClientCodeWrapper$WrappedTaskListener.finished(ClientCodeWrapper.java:854)
  	at jdk.compiler/com.sun.tools.javac.api.MultiTaskListener.finished(MultiTaskListener.java:132)
  	at jdk.compiler/com.sun.tools.javac.main.JavaCompiler.flow(JavaCompiler.java:1397)
  	at jdk.compiler/com.sun.tools.javac.main.JavaCompiler.flow(JavaCompiler.java:1354)
  	at jdk.compiler/com.sun.tools.javac.main.JavaCompiler.compile(JavaCompiler.java:946)
  	at jdk.compiler/com.sun.tools.javac.main.Main.compile(Main.java:317)
  	at jdk.compiler/com.sun.tools.javac.main.Main.compile(Main.java:176)
  	at jdk.compiler/com.sun.tools.javac.Main.compile(Main.java:64)
  	at jdk.compiler/com.sun.tools.javac.Main.main(Main.java:50)
../jdk/src/java.base/share/classes/java/util/Tripwire.java:68: error: [argument.type.incompatible] incompatible argument for parameter arg1 of PlatformLogger.warning.
        PlatformLogger.getLogger(trippingClass.getName()).warning(msg, trippingClass.getName());
                                                                                            ^
  found   : @Immutable String
  required: @Mutable Object
../jdk/src/java.base/share/classes/java/util/UnknownFormatConversionException.java:67: error: [argument.type.incompatible] incompatible argument for parameter args of String.format.
        return String.format("Conversion = '%s'", s);
                                                  ^
  found   : @Immutable String
  required: @Mutable Object
../jdk/src/java.base/share/classes/java/util/UUID.java:180: error: [argument.type.incompatible] incompatible argument for parameter cause of InternalError constructor.
            throw new InternalError("MD5 not supported", nsae);
                                                         ^
  found   : @Readonly NoSuchAlgorithmException
  required: @Mutable Throwable
../jdk/src/java.base/share/classes/java/util/UUID.java:290: error: [argument.type.incompatible] incompatible argument for parameter arg0 of Long.parseLong.
        long mostSigBits = Long.parseLong(name, 0, dash1, 16) & 0xffffffffL;
                                          ^
  found   : @Immutable String
  required: @Mutable CharSequence
../jdk/src/java.base/share/classes/java/util/UUID.java:292: error: [argument.type.incompatible] incompatible argument for parameter arg0 of Long.parseLong.
        mostSigBits |= Long.parseLong(name, dash1 + 1, dash2, 16) & 0xffffL;
                                      ^
  found   : @Immutable String
  required: @Mutable CharSequence
../jdk/src/java.base/share/classes/java/util/UUID.java:294: error: [argument.type.incompatible] incompatible argument for parameter arg0 of Long.parseLong.
        mostSigBits |= Long.parseLong(name, dash2 + 1, dash3, 16) & 0xffffL;
                                      ^
  found   : @Immutable String
  required: @Mutable CharSequence
../jdk/src/java.base/share/classes/java/util/UUID.java:295: error: [argument.type.incompatible] incompatible argument for parameter arg0 of Long.parseLong.
        long leastSigBits = Long.parseLong(name, dash3 + 1, dash4, 16) & 0xffffL;
                                           ^
  found   : @Immutable String
  required: @Mutable CharSequence
../jdk/src/java.base/share/classes/java/util/UUID.java:297: error: [argument.type.incompatible] incompatible argument for parameter arg0 of Long.parseLong.
        leastSigBits |= Long.parseLong(name, dash4 + 1, len, 16) & 0xffffffffffffL;
                                       ^
  found   : @Immutable String
  required: @Mutable CharSequence
error: getElementValue(@org.checkerframework.framework.qual.QualifierArgument("value"), value(), ...)
  ; The Checker Framework crashed.  Please report the crash.  Version: Checker Framework 3.49.1-eisop2-SNAPSHOT, branch pico-move-hack, 2025-04-15, commit 3e4c231, dirty=true. 
  Checker: class org.checkerframework.checker.pico.PICONoInitSubchecker
  Visitor: class org.checkerframework.checker.pico.PICONoInitVisitor
  Compilation unit: ../jdk/src/java.base/share/classes/java/util/WeakHashMap.java
  Last visited tree at line 596 column 13:
              put(e.getKey(), e.getValue());
  Exception: org.checkerframework.javacutil.BugInCF: getElementValue(@org.checkerframework.framework.qual.QualifierArgument("value"), value(), ...); org.checkerframework.javacutil.BugInCF: getElementValue(@org.checkerframework.framework.qual.QualifierArgument("value"), value(), ...)
  	at org.checkerframework.javacutil.AnnotationUtils.getElementValue(AnnotationUtils.java:910)
  	at org.checkerframework.framework.util.DefaultContractsFromMethod.makeArgumentRenaming(DefaultContractsFromMethod.java:330)
  	at org.checkerframework.framework.util.DefaultContractsFromMethod.getQualifierEnforcedByContractAnnotation(DefaultContractsFromMethod.java:255)
  	at org.checkerframework.framework.util.DefaultContractsFromMethod.getContractsOfKind(DefaultContractsFromMethod.java:164)
  	at org.checkerframework.framework.util.DefaultContractsFromMethod.getPostconditions(DefaultContractsFromMethod.java:97)
  	at org.checkerframework.framework.flow.CFAbstractTransfer.processPostconditions(CFAbstractTransfer.java:1268)
  	at org.checkerframework.framework.flow.CFAbstractTransfer.visitMethodInvocation(CFAbstractTransfer.java:1154)
  	at org.checkerframework.framework.flow.CFAbstractTransfer.visitMethodInvocation(CFAbstractTransfer.java:104)
  	at org.checkerframework.dataflow.cfg.node.MethodInvocationNode.accept(MethodInvocationNode.java:156)
  	at org.checkerframework.dataflow.analysis.AbstractAnalysis.callTransferFunction(AbstractAnalysis.java:389)
  	at org.checkerframework.dataflow.analysis.ForwardAnalysisImpl.callTransferFunction(ForwardAnalysisImpl.java:393)
  	at org.checkerframework.framework.flow.CFAbstractAnalysis.callTransferFunction(CFAbstractAnalysis.java:245)
  	at org.checkerframework.dataflow.analysis.ForwardAnalysisImpl.performAnalysisBlock(ForwardAnalysisImpl.java:157)
  	at org.checkerframework.dataflow.analysis.ForwardAnalysisImpl.performAnalysis(ForwardAnalysisImpl.java:110)
  	at org.checkerframework.framework.flow.CFAbstractAnalysis.performAnalysis(CFAbstractAnalysis.java:154)
  	at org.checkerframework.framework.type.GenericAnnotatedTypeFactory.analyze(GenericAnnotatedTypeFactory.java:1628)
  	at org.checkerframework.framework.type.GenericAnnotatedTypeFactory.performFlowAnalysis(GenericAnnotatedTypeFactory.java:1517)
  	at org.checkerframework.framework.type.GenericAnnotatedTypeFactory.checkAndPerformFlowAnalysis(GenericAnnotatedTypeFactory.java:2132)
  	at org.checkerframework.framework.type.GenericAnnotatedTypeFactory.preProcessClassTree(GenericAnnotatedTypeFactory.java:451)
  	at org.checkerframework.common.basetype.BaseTypeVisitor.visitClass(BaseTypeVisitor.java:588)
  	at org.checkerframework.common.basetype.BaseTypeVisitor.visitClass(BaseTypeVisitor.java:197)
  	at jdk.compiler/com.sun.tools.javac.tree.JCTree$JCClassDecl.accept(JCTree.java:860)
  	at jdk.compiler/com.sun.source.util.TreePathScanner.scan(TreePathScanner.java:60)
  	at org.checkerframework.framework.source.SourceVisitor.visit(SourceVisitor.java:91)
  	at org.checkerframework.framework.source.SourceChecker.typeProcess(SourceChecker.java:1409)
  	at org.checkerframework.framework.source.SourceChecker.typeProcess(SourceChecker.java:1324)
  	at org.checkerframework.javacutil.AbstractTypeProcessor$AttributionTaskListener.finished(AbstractTypeProcessor.java:193)
  	at jdk.compiler/com.sun.tools.javac.api.ClientCodeWrapper$WrappedTaskListener.finished(ClientCodeWrapper.java:854)
  	at jdk.compiler/com.sun.tools.javac.api.MultiTaskListener.finished(MultiTaskListener.java:132)
  	at jdk.compiler/com.sun.tools.javac.main.JavaCompiler.flow(JavaCompiler.java:1397)
  	at jdk.compiler/com.sun.tools.javac.main.JavaCompiler.flow(JavaCompiler.java:1354)
  	at jdk.compiler/com.sun.tools.javac.main.JavaCompiler.compile(JavaCompiler.java:946)
  	at jdk.compiler/com.sun.tools.javac.main.Main.compile(Main.java:317)
  	at jdk.compiler/com.sun.tools.javac.main.Main.compile(Main.java:176)
  	at jdk.compiler/com.sun.tools.javac.Main.compile(Main.java:64)
  	at jdk.compiler/com.sun.tools.javac.Main.main(Main.java:50)
  Caused by: java.lang.Throwable
  	at org.checkerframework.javacutil.BugInCF.<init>(BugInCF.java:39)
  	... 36 more
  
  Underlying Exception: java.lang.Throwable; java.lang.Throwable
  	at org.checkerframework.javacutil.BugInCF.<init>(BugInCF.java:39)
  	at org.checkerframework.javacutil.AnnotationUtils.getElementValue(AnnotationUtils.java:910)
  	at org.checkerframework.framework.util.DefaultContractsFromMethod.makeArgumentRenaming(DefaultContractsFromMethod.java:330)
  	at org.checkerframework.framework.util.DefaultContractsFromMethod.getQualifierEnforcedByContractAnnotation(DefaultContractsFromMethod.java:255)
  	at org.checkerframework.framework.util.DefaultContractsFromMethod.getContractsOfKind(DefaultContractsFromMethod.java:164)
  	at org.checkerframework.framework.util.DefaultContractsFromMethod.getPostconditions(DefaultContractsFromMethod.java:97)
  	at org.checkerframework.framework.flow.CFAbstractTransfer.processPostconditions(CFAbstractTransfer.java:1268)
  	at org.checkerframework.framework.flow.CFAbstractTransfer.visitMethodInvocation(CFAbstractTransfer.java:1154)
  	at org.checkerframework.framework.flow.CFAbstractTransfer.visitMethodInvocation(CFAbstractTransfer.java:104)
  	at org.checkerframework.dataflow.cfg.node.MethodInvocationNode.accept(MethodInvocationNode.java:156)
  	at org.checkerframework.dataflow.analysis.AbstractAnalysis.callTransferFunction(AbstractAnalysis.java:389)
  	at org.checkerframework.dataflow.analysis.ForwardAnalysisImpl.callTransferFunction(ForwardAnalysisImpl.java:393)
  	at org.checkerframework.framework.flow.CFAbstractAnalysis.callTransferFunction(CFAbstractAnalysis.java:245)
  	at org.checkerframework.dataflow.analysis.ForwardAnalysisImpl.performAnalysisBlock(ForwardAnalysisImpl.java:157)
  	at org.checkerframework.dataflow.analysis.ForwardAnalysisImpl.performAnalysis(ForwardAnalysisImpl.java:110)
  	at org.checkerframework.framework.flow.CFAbstractAnalysis.performAnalysis(CFAbstractAnalysis.java:154)
  	at org.checkerframework.framework.type.GenericAnnotatedTypeFactory.analyze(GenericAnnotatedTypeFactory.java:1628)
  	at org.checkerframework.framework.type.GenericAnnotatedTypeFactory.performFlowAnalysis(GenericAnnotatedTypeFactory.java:1517)
  	at org.checkerframework.framework.type.GenericAnnotatedTypeFactory.checkAndPerformFlowAnalysis(GenericAnnotatedTypeFactory.java:2132)
  	at org.checkerframework.framework.type.GenericAnnotatedTypeFactory.preProcessClassTree(GenericAnnotatedTypeFactory.java:451)
  	at org.checkerframework.common.basetype.BaseTypeVisitor.visitClass(BaseTypeVisitor.java:588)
  	at org.checkerframework.common.basetype.BaseTypeVisitor.visitClass(BaseTypeVisitor.java:197)
  	at jdk.compiler/com.sun.tools.javac.tree.JCTree$JCClassDecl.accept(JCTree.java:860)
  	at jdk.compiler/com.sun.source.util.TreePathScanner.scan(TreePathScanner.java:60)
  	at org.checkerframework.framework.source.SourceVisitor.visit(SourceVisitor.java:91)
  	at org.checkerframework.framework.source.SourceChecker.typeProcess(SourceChecker.java:1409)
  	at org.checkerframework.framework.source.SourceChecker.typeProcess(SourceChecker.java:1324)
  	at org.checkerframework.javacutil.AbstractTypeProcessor$AttributionTaskListener.finished(AbstractTypeProcessor.java:193)
  	at jdk.compiler/com.sun.tools.javac.api.ClientCodeWrapper$WrappedTaskListener.finished(ClientCodeWrapper.java:854)
  	at jdk.compiler/com.sun.tools.javac.api.MultiTaskListener.finished(MultiTaskListener.java:132)
  	at jdk.compiler/com.sun.tools.javac.main.JavaCompiler.flow(JavaCompiler.java:1397)
  	at jdk.compiler/com.sun.tools.javac.main.JavaCompiler.flow(JavaCompiler.java:1354)
  	at jdk.compiler/com.sun.tools.javac.main.JavaCompiler.compile(JavaCompiler.java:946)
  	at jdk.compiler/com.sun.tools.javac.main.Main.compile(Main.java:317)
  	at jdk.compiler/com.sun.tools.javac.main.Main.compile(Main.java:176)
  	at jdk.compiler/com.sun.tools.javac.Main.compile(Main.java:64)
  	at jdk.compiler/com.sun.tools.javac.Main.main(Main.java:50)
../jdk/src/java.base/share/classes/java/lang/StackStreamFactory.java:655: error: unreported exception <any?>; must be caught or declared to be thrown
                    throw new IllegalStateException("inactive frame buffer can't be resized");
                    ^
../jdk/src/java.base/share/classes/java/security/DrbgParameters.java:497: error: variable predictionResistance might already have been assigned
            this.predictionResistance = predictionResistance;
                ^
../jdk/src/java.base/share/classes/java/security/DrbgParameters.java:498: error: variable additionalInput might already have been assigned
            this.additionalInput = (additionalInput == null) ?
                ^
../jdk/src/java.base/share/classes/java/security/DrbgParameters.java:500: error: variable additionalInput might not have been initialized
        }
        ^
../jdk/src/java.base/share/classes/java/nio/file/StandardWatchEventKinds.java:52: error: incompatible types: StdWatchEventKind<Object> cannot be converted to Kind<Object>
        new StdWatchEventKind<Object>("OVERFLOW", Object.class);
        ^
../jdk/src/java.base/share/classes/java/nio/file/StandardWatchEventKinds.java:63: error: incompatible types: StdWatchEventKind<Path> cannot be converted to Kind<Path>
        new StdWatchEventKind<Path>("ENTRY_CREATE", Path.class);
        ^
../jdk/src/java.base/share/classes/java/nio/file/StandardWatchEventKinds.java:74: error: incompatible types: StdWatchEventKind<Path> cannot be converted to Kind<Path>
        new StdWatchEventKind<Path>("ENTRY_DELETE", Path.class);
        ^
../jdk/src/java.base/share/classes/java/nio/file/StandardWatchEventKinds.java:85: error: incompatible types: StdWatchEventKind<Path> cannot be converted to Kind<Path>
        new StdWatchEventKind<Path>("ENTRY_MODIFY", Path.class);
        ^
327 errors
printing javac parameters to: /Users/aosenxiong/waterloo/eisop/checker-framework/javac.20250415_155337.args
